Archive member included to satisfy reference by file (symbol)

f:/102021~1.10/bin/../lib/gcc/arm-none-eabi/10.3.1/thumb/v7e-m+fp/hard\libgcc.a(_aeabi_uldivmod.o)
                              CMakeFiles/R1_demo.elf.dir/Core/Src/tim.c.obj (__aeabi_uldivmod)
f:/102021~1.10/bin/../lib/gcc/arm-none-eabi/10.3.1/thumb/v7e-m+fp/hard\libgcc.a(_udivmoddi4.o)
                              f:/102021~1.10/bin/../lib/gcc/arm-none-eabi/10.3.1/thumb/v7e-m+fp/hard\libgcc.a(_aeabi_uldivmod.o) (__udivmoddi4)
f:/102021~1.10/bin/../lib/gcc/arm-none-eabi/10.3.1/thumb/v7e-m+fp/hard\libgcc.a(_dvmd_tls.o)
                              f:/102021~1.10/bin/../lib/gcc/arm-none-eabi/10.3.1/thumb/v7e-m+fp/hard\libgcc.a(_aeabi_uldivmod.o) (__aeabi_ldiv0)
f:/102021~1.10/bin/../lib/gcc/arm-none-eabi/10.3.1/../../../../arm-none-eabi/lib/thumb/v7e-m+fp/hard\libg.a(lib_a-errno.o)
                              CMakeFiles/R1_demo.elf.dir/Core/Src/retarget.c.obj (__errno)
f:/102021~1.10/bin/../lib/gcc/arm-none-eabi/10.3.1/../../../../arm-none-eabi/lib/thumb/v7e-m+fp/hard\libg.a(lib_a-exit.o)
                              f:/102021~1.10/bin/../lib/gcc/arm-none-eabi/10.3.1/../../../../arm-none-eabi/lib/thumb/v7e-m+fp/hard/crt0.o (exit)
f:/102021~1.10/bin/../lib/gcc/arm-none-eabi/10.3.1/../../../../arm-none-eabi/lib/thumb/v7e-m+fp/hard\libg.a(lib_a-impure.o)
                              f:/102021~1.10/bin/../lib/gcc/arm-none-eabi/10.3.1/../../../../arm-none-eabi/lib/thumb/v7e-m+fp/hard\libg.a(lib_a-exit.o) (_global_impure_ptr)
f:/102021~1.10/bin/../lib/gcc/arm-none-eabi/10.3.1/../../../../arm-none-eabi/lib/thumb/v7e-m+fp/hard\libg.a(lib_a-init.o)
                              f:/102021~1.10/bin/../lib/gcc/arm-none-eabi/10.3.1/../../../../arm-none-eabi/lib/thumb/v7e-m+fp/hard/crt0.o (__libc_init_array)
f:/102021~1.10/bin/../lib/gcc/arm-none-eabi/10.3.1/../../../../arm-none-eabi/lib/thumb/v7e-m+fp/hard\libg.a(lib_a-memcpy.o)
                              CMakeFiles/R1_demo.elf.dir/Middlewares/Third_Party/FreeRTOS/Source/queue.c.obj (memcpy)
f:/102021~1.10/bin/../lib/gcc/arm-none-eabi/10.3.1/../../../../arm-none-eabi/lib/thumb/v7e-m+fp/hard\libg.a(lib_a-memset.o)
                              f:/102021~1.10/bin/../lib/gcc/arm-none-eabi/10.3.1/../../../../arm-none-eabi/lib/thumb/v7e-m+fp/hard/crt0.o (memset)
f:/102021~1.10/bin/../lib/gcc/arm-none-eabi/10.3.1/../../../../arm-none-eabi/lib/thumb/v7e-m+fp/hard\libg.a(lib_a-setvbuf.o)
                              CMakeFiles/R1_demo.elf.dir/Core/Src/retarget.c.obj (setvbuf)
f:/102021~1.10/bin/../lib/gcc/arm-none-eabi/10.3.1/../../../../arm-none-eabi/lib/thumb/v7e-m+fp/hard\libg.a(lib_a-vsnprintf.o)
                              CMakeFiles/R1_demo.elf.dir/Core/Src/printf.c.obj (vsnprintf)
f:/102021~1.10/bin/../lib/gcc/arm-none-eabi/10.3.1/../../../../arm-none-eabi/lib/thumb/v7e-m+fp/hard\libg.a(lib_a-__call_atexit.o)
                              f:/102021~1.10/bin/../lib/gcc/arm-none-eabi/10.3.1/../../../../arm-none-eabi/lib/thumb/v7e-m+fp/hard\libg.a(lib_a-exit.o) (__call_exitprocs)
f:/102021~1.10/bin/../lib/gcc/arm-none-eabi/10.3.1/../../../../arm-none-eabi/lib/thumb/v7e-m+fp/hard\libg.a(lib_a-atexit.o)
                              f:/102021~1.10/bin/../lib/gcc/arm-none-eabi/10.3.1/../../../../arm-none-eabi/lib/thumb/v7e-m+fp/hard\libg.a(lib_a-__call_atexit.o) (atexit)
f:/102021~1.10/bin/../lib/gcc/arm-none-eabi/10.3.1/../../../../arm-none-eabi/lib/thumb/v7e-m+fp/hard\libg.a(lib_a-fflush.o)
                              f:/102021~1.10/bin/../lib/gcc/arm-none-eabi/10.3.1/../../../../arm-none-eabi/lib/thumb/v7e-m+fp/hard\libg.a(lib_a-setvbuf.o) (_fflush_r)
f:/102021~1.10/bin/../lib/gcc/arm-none-eabi/10.3.1/../../../../arm-none-eabi/lib/thumb/v7e-m+fp/hard\libg.a(lib_a-findfp.o)
                              f:/102021~1.10/bin/../lib/gcc/arm-none-eabi/10.3.1/../../../../arm-none-eabi/lib/thumb/v7e-m+fp/hard\libg.a(lib_a-setvbuf.o) (__sinit)
f:/102021~1.10/bin/../lib/gcc/arm-none-eabi/10.3.1/../../../../arm-none-eabi/lib/thumb/v7e-m+fp/hard\libg.a(lib_a-fini.o)
                              f:/102021~1.10/bin/../lib/gcc/arm-none-eabi/10.3.1/../../../../arm-none-eabi/lib/thumb/v7e-m+fp/hard\libg.a(lib_a-__call_atexit.o) (__libc_fini_array)
f:/102021~1.10/bin/../lib/gcc/arm-none-eabi/10.3.1/../../../../arm-none-eabi/lib/thumb/v7e-m+fp/hard\libg.a(lib_a-freer.o)
                              f:/102021~1.10/bin/../lib/gcc/arm-none-eabi/10.3.1/../../../../arm-none-eabi/lib/thumb/v7e-m+fp/hard\libg.a(lib_a-setvbuf.o) (_free_r)
f:/102021~1.10/bin/../lib/gcc/arm-none-eabi/10.3.1/../../../../arm-none-eabi/lib/thumb/v7e-m+fp/hard\libg.a(lib_a-fwalk.o)
                              f:/102021~1.10/bin/../lib/gcc/arm-none-eabi/10.3.1/../../../../arm-none-eabi/lib/thumb/v7e-m+fp/hard\libg.a(lib_a-findfp.o) (_fwalk)
f:/102021~1.10/bin/../lib/gcc/arm-none-eabi/10.3.1/../../../../arm-none-eabi/lib/thumb/v7e-m+fp/hard\libg.a(lib_a-lock.o)
[...]
Memory Configuration

Name             Origin             Length             Attributes
CCMRAM           0x10000000         0x00010000         xrw
RAM              0x20000000         0x00020000         xrw
FLASH            0x08000000         0x00100000         xr
*default*        0x00000000         0xffffffff

Linker script and memory map

LOAD f:/102021~1.10/bin/../lib/gcc/arm-none-eabi/10.3.1/thumb/v7e-m+fp/hard/crti.o
LOAD f:/102021~1.10/bin/../lib/gcc/arm-none-eabi/10.3.1/thumb/v7e-m+fp/hard/crtbegin.o
LOAD f:/102021~1.10/bin/../lib/gcc/arm-none-eabi/10.3.1/../../../../arm-none-eabi/lib/thumb/v7e-m+fp/hard/crt0.o
LOAD CMakeFiles/R1_demo.elf.dir/Core/Src/can.c.obj
LOAD CMakeFiles/R1_demo.elf.dir/Core/Src/can_start.c.obj
LOAD CMakeFiles/R1_demo.elf.dir/Core/Src/dma.c.obj
LOAD CMakeFiles/R1_demo.elf.dir/Core/Src/freertos.c.obj
LOAD CMakeFiles/R1_demo.elf.dir/Core/Src/gpio.c.obj
LOAD CMakeFiles/R1_demo.elf.dir/Core/Src/hs.c.obj
LOAD CMakeFiles/R1_demo.elf.dir/Core/Src/iwdg.c.obj
LOAD CMakeFiles/R1_demo.elf.dir/Core/Src/main.c.obj
LOAD CMakeFiles/R1_demo.elf.dir/Core/Src/motor.c.obj
LOAD CMakeFiles/R1_demo.elf.dir/Core/Src/pid.c.obj
LOAD CMakeFiles/R1_demo.elf.dir/Core/Src/printf.c.obj
LOAD CMakeFiles/R1_demo.elf.dir/Core/Src/retarget.c.obj
LOAD CMakeFiles/R1_demo.elf.dir/Core/Src/selfcheak.c.obj
LOAD CMakeFiles/R1_demo.elf.dir/Core/Src/stm32f4xx_hal_msp.c.obj
LOAD CMakeFiles/R1_demo.elf.dir/Core/Src/stm32f4xx_it.c.obj
LOAD CMakeFiles/R1_demo.elf.dir/Core/Src/syscalls.c.obj
LOAD CMakeFiles/R1_demo.elf.dir/Core/Src/sysmem.c.obj
LOAD CMakeFiles/R1_demo.elf.dir/Core/Src/system_stm32f4xx.c.obj
LOAD CMakeFiles/R1_demo.elf.dir/Core/Src/tim.c.obj
LOAD CMakeFiles/R1_demo.elf.dir/Core/Src/usart.c.obj
LOAD CMakeFiles/R1_demo.elf.dir/Core/Startup/startup_stm32f407zgtx.s.obj
LOAD CMakeFiles/R1_demo.elf.dir/Drivers/STM32F4xx_HAL_Driver/Src/stm32f4xx_hal.c.obj
LOAD CMakeFiles/R1_demo.elf.dir/Drivers/STM32F4xx_HAL_Driver/Src/stm32f4xx_hal_can.c.obj
LOAD CMakeFiles/R1_demo.elf.dir/Drivers/STM32F4xx_HAL_Driver/Src/stm32f4xx_hal_cortex.c.obj
LOAD CMakeFiles/R1_demo.elf.dir/Drivers/STM32F4xx_HAL_Driver/Src/stm32f4xx_hal_dma.c.obj
LOAD CMakeFiles/R1_demo.elf.dir/Drivers/STM32F4xx_HAL_Driver/Src/stm32f4xx_hal_dma_ex.c.obj
LOAD CMakeFiles/R1_demo.elf.dir/Drivers/STM32F4xx_HAL_Driver/Src/stm32f4xx_hal_exti.c.obj
LOAD CMakeFiles/R1_demo.elf.dir/Drivers/STM32F4xx_HAL_Driver/Src/stm32f4xx_hal_flash.c.obj
LOAD CMakeFiles/R1_demo.elf.dir/Drivers/STM32F4xx_HAL_Driver/Src/stm32f4xx_hal_flash_ex.c.obj
LOAD CMakeFiles/R1_demo.elf.dir/Drivers/STM32F4xx_HAL_Driver/Src/stm32f4xx_hal_flash_ramfunc.c.obj
LOAD CMakeFiles/R1_demo.elf.dir/Drivers/STM32F4xx_HAL_Driver/Src/stm32f4xx_hal_gpio.c.obj
LOAD CMakeFiles/R1_demo.elf.dir/Drivers/STM32F4xx_HAL_Driver/Src/stm32f4xx_hal_iwdg.c.obj
LOAD CMakeFiles/R1_demo.elf.dir/Drivers/STM32F4xx_HAL_Driver/Src/stm32f4xx_hal_pwr.c.obj
LOAD CMakeFiles/R1_demo.elf.dir/Drivers/STM32F4xx_HAL_Driver/Src/stm32f4xx_hal_pwr_ex.c.obj
LOAD CMakeFiles/R1_demo.elf.dir/Drivers/STM32F4xx_HAL_Driver/Src/stm32f4xx_hal_rcc.c.obj
LOAD CMakeFiles/R1_demo.elf.dir/Drivers/STM32F4xx_HAL_Driver/Src/stm32f4xx_hal_rcc_ex.c.obj
LOAD CMakeFiles/R1_demo.elf.dir/Drivers/STM32F4xx_HAL_Driver/Src/stm32f4xx_hal_tim.c.obj
LOAD CMakeFiles/R1_demo.elf.dir/Drivers/STM32F4xx_HAL_Driver/Src/stm32f4xx_hal_tim_ex.c.obj
LOAD CMakeFiles/R1_demo.elf.dir/Drivers/STM32F4xx_HAL_Driver/Src/stm32f4xx_hal_uart.c.obj
LOAD CMakeFiles/R1_demo.elf.dir/Middlewares/Third_Party/FreeRTOS/Source/CMSIS_RTOS/cmsis_os.c.obj
LOAD CMakeFiles/R1_demo.elf.dir/Middlewares/Third_Party/FreeRTOS/Source/croutine.c.obj
LOAD CMakeFiles/R1_demo.elf.dir/Middlewares/Third_Party/FreeRTOS/Source/event_groups.c.obj
LOAD CMakeFiles/R1_demo.elf.dir/Middlewares/Third_Party/FreeRTOS/Source/list.c.obj
LOAD CMakeFiles/R1_demo.elf.dir/Middlewares/Third_Party/FreeRTOS/Source/portable/GCC/ARM_CM4F/port.c.obj
LOAD CMakeFiles/R1_demo.elf.dir/Middlewares/Third_Party/FreeRTOS/Source/portable/MemMang/heap_4.c.obj
LOAD CMakeFiles/R1_demo.elf.dir/Middlewares/Third_Party/FreeRTOS/Source/queue.c.obj
LOAD CMakeFiles/R1_demo.elf.dir/Middlewares/Third_Party/FreeRTOS/Source/stream_buffer.c.obj
LOAD CMakeFiles/R1_demo.elf.dir/Middlewares/Third_Party/FreeRTOS/Source/tasks.c.obj
LOAD CMakeFiles/R1_demo.elf.dir/Middlewares/Third_Party/FreeRTOS/Source/timers.c.obj
START GROUP
LOAD f:/102021~1.10/bin/../lib/gcc/arm-none-eabi/10.3.1/thumb/v7e-m+fp/hard\libgcc.a
LOAD f:/102021~1.10/bin/../lib/gcc/arm-none-eabi/10.3.1/../../../../arm-none-eabi/lib/thumb/v7e-m+fp/hard\libg.a
LOAD f:/102021~1.10/bin/../lib/gcc/arm-none-eabi/10.3.1/../../../../arm-none-eabi/lib/thumb/v7e-m+fp/hard\libc.a
END GROUP
LOAD f:/102021~1.10/bin/../lib/gcc/arm-none-eabi/10.3.1/thumb/v7e-m+fp/hard/crtend.o
LOAD f:/102021~1.10/bin/../lib/gcc/arm-none-eabi/10.3.1/thumb/v7e-m+fp/hard/crtn.o
                0x20020000                _estack = (ORIGIN (RAM) + LENGTH (RAM))
                0x00000200                _Min_Heap_Size = 0x200
                0x00000400                _Min_Stack_Size = 0x400

.isr_vector     0x08000000      0x188
                0x08000000                . = ALIGN (0x4)
 *(.isr_vector)
 .isr_vector    0x08000000      0x188 CMakeFiles/R1_demo.elf.dir/Core/Startup/startup_stm32f407zgtx.s.obj
                0x08000000                g_pfnVectors
                0x08000188                . = ALIGN (0x4)

.text           0x08000190     0x54ac
                0x08000190                . = ALIGN (0x4)
 *(.text)
 .text          0x08000190       0x40 f:/102021~1.10/bin/../lib/gcc/arm-none-eabi/10.3.1/thumb/v7e-m+fp/hard/crtbegin.o
 .text          0x080001d0       0x30 f:/102021~1.10/bin/../lib/gcc/arm-none-eabi/10.3.1/thumb/v7e-m+fp/hard\libgcc.a(_aeabi_uldivmod.o)
                0x080001d0                __aeabi_uldivmod
 .text          0x08000200      0x2d0 f:/102021~1.10/bin/../lib/gcc/arm-none-eabi/10.3.1/thumb/v7e-m+fp/hard\libgcc.a(_udivmoddi4.o)
                0x08000200                __udivmoddi4
 .text          0x080004d0        0x4 f:/102021~1.10/bin/../lib/gcc/arm-none-eabi/10.3.1/thumb/v7e-m+fp/hard\libgcc.a(_dvmd_tls.o)
                0x080004d0                __aeabi_idiv0
                0x080004d0                __aeabi_ldiv0
 *(.text*)
 .text.MX_CAN1_Init
                0x080004d4       0x40 CMakeFiles/R1_demo.elf.dir/Core/Src/can.c.obj
                0x080004d4                MX_CAN1_Init
 .text.HAL_CAN_MspInit
                0x08000514       0x80 CMakeFiles/R1_demo.elf.dir/Core/Src/can.c.obj
                0x08000514                HAL_CAN_MspInit
 .text.Motor1_Data_Process
                0x08000594       0x98 CMakeFiles/R1_demo.elf.dir/Core/Src/can.c.obj
                0x08000594                Motor1_Data_Process
 .text.Can_Transmit
                0x0800062c       0x30 CMakeFiles/R1_demo.elf.dir/Core/Src/can.c.obj
                0x0800062c                Can_Transmit
 .text.HAL_CAN_RxFifo0MsgPendingCallback
                0x0800065c       0xbc CMakeFiles/R1_demo.elf.dir/Core/Src/can.c.obj
                0x0800065c                HAL_CAN_RxFifo0MsgPendingCallback
 .text.Can_Start
                0x08000718       0x52 CMakeFiles/R1_demo.elf.dir/Core/Src/can_start.c.obj
                0x08000718                Can_Start
 *fill*         0x0800076a        0x2 
 .text.MX_DMA_Init
                0x0800076c       0x44 CMakeFiles/R1_demo.elf.dir/Core/Src/dma.c.obj
                0x0800076c                MX_DMA_Init
 .text.StartDefaultTask
                0x080007b0       0x48 CMakeFiles/R1_demo.elf.dir/Core/Src/freertos.c.obj
                0x080007b0                StartDefaultTask
 .text.Debug    0x080007f8        0xa CMakeFiles/R1_demo.elf.dir/Core/Src/freertos.c.obj
                0x080007f8                Debug
 *fill*         0x08000802        0x2 
 .text.vApplicationGetIdleTaskMemory
                0x08000804       0x18 CMakeFiles/R1_demo.elf.dir/Core/Src/freertos.c.obj
                0x08000804                vApplicationGetIdleTaskMemory
 .text.MX_FREERTOS_Init
                0x0800081c       0x5c CMakeFiles/R1_demo.elf.dir/Core/Src/freertos.c.obj
                0x0800081c                MX_FREERTOS_Init
 .text.MX_GPIO_Init
                0x08000878       0x94 CMakeFiles/R1_demo.elf.dir/Core/Src/gpio.c.obj
                0x08000878                MX_GPIO_Init
 .text.hs_UART_Transmit
                0x0800090c       0x30 CMakeFiles/R1_demo.elf.dir/Core/Src/hs.c.obj
                0x0800090c                hs_UART_Transmit
 .text.MX_IWDG_Init
                0x0800093c       0x28 CMakeFiles/R1_demo.elf.dir/Core/Src/iwdg.c.obj
                0x0800093c                MX_IWDG_Init
 .text.Error_Handler
                0x08000964        0x4 CMakeFiles/R1_demo.elf.dir/Core/Src/main.c.obj
                0x08000964                Error_Handler
 .text.SystemClock_Config
                0x08000968       0xa8 CMakeFiles/R1_demo.elf.dir/Core/Src/main.c.obj
                0x08000968                SystemClock_Config
 .text.main     0x08000a10       0x74 CMakeFiles/R1_demo.elf.dir/Core/Src/main.c.obj
                0x08000a10                main
 .text.Motor1_Current
                0x08000a84       0x24 CMakeFiles/R1_demo.elf.dir/Core/Src/motor.c.obj
                0x08000a84                Motor1_Current
 .text.Motor1_Speed
                0x08000aa8       0xa0 CMakeFiles/R1_demo.elf.dir/Core/Src/motor.c.obj
                0x08000aa8                Motor1_Speed
 .text.PID_Process
                0x08000b48       0xfa CMakeFiles/R1_demo.elf.dir/Core/Src/pid.c.obj
                0x08000b48                PID_Process
 *fill*         0x08000c42        0x2 
 .text.RetargetInit
                0x08000c44       0x20 CMakeFiles/R1_demo.elf.dir/Core/Src/retarget.c.obj
                0x08000c44                RetargetInit
 .text._write   0x08000c64       0x30 CMakeFiles/R1_demo.elf.dir/Core/Src/retarget.c.obj
                0x08000c64                _write
 .text._read    0x08000c94       0x2c CMakeFiles/R1_demo.elf.dir/Core/Src/retarget.c.obj
                0x08000c94                _read
 .text.SelfCheck
                0x08000cc0       0x18 CMakeFiles/R1_demo.elf.dir/Core/Src/selfcheak.c.obj
                0x08000cc0                SelfCheck
 .text.HAL_MspInit
                0x08000cd8       0x44 CMakeFiles/R1_demo.elf.dir/Core/Src/stm32f4xx_hal_msp.c.obj
                0x08000cd8                HAL_MspInit
 .text.NMI_Handler
                0x08000d1c        0x2 CMakeFiles/R1_demo.elf.dir/Core/Src/stm32f4xx_it.c.obj
                0x08000d1c                NMI_Handler
 .text.HardFault_Handler
                0x08000d1e        0x2 CMakeFiles/R1_demo.elf.dir/Core/Src/stm32f4xx_it.c.obj
                0x08000d1e                HardFault_Handler
 .text.MemManage_Handler
                0x08000d20        0x2 CMakeFiles/R1_demo.elf.dir/Core/Src/stm32f4xx_it.c.obj
                0x08000d20                MemManage_Handler
 .text.BusFault_Handler
                0x08000d22        0x2 CMakeFiles/R1_demo.elf.dir/Core/Src/stm32f4xx_it.c.obj
                0x08000d22                BusFault_Handler
 .text.UsageFault_Handler
                0x08000d24        0x2 CMakeFiles/R1_demo.elf.dir/Core/Src/stm32f4xx_it.c.obj
                0x08000d24                UsageFault_Handler
 .text.DebugMon_Handler
                0x08000d26        0x2 CMakeFiles/R1_demo.elf.dir/Core/Src/stm32f4xx_it.c.obj
                0x08000d26                DebugMon_Handler
 .text.SysTick_Handler
                0x08000d28       0x16 CMakeFiles/R1_demo.elf.dir/Core/Src/stm32f4xx_it.c.obj
                0x08000d28                SysTick_Handler
 *fill*         0x08000d3e        0x2 
 .text.CAN1_RX0_IRQHandler
                0x08000d40       0x10 CMakeFiles/R1_demo.elf.dir/Core/Src/stm32f4xx_it.c.obj
                0x08000d40                CAN1_RX0_IRQHandler
 .text.TIM3_IRQHandler
                0x08000d50       0x10 CMakeFiles/R1_demo.elf.dir/Core/Src/stm32f4xx_it.c.obj
                0x08000d50                TIM3_IRQHandler
 .text.USART1_IRQHandler
                0x08000d60       0x10 CMakeFiles/R1_demo.elf.dir/Core/Src/stm32f4xx_it.c.obj
                0x08000d60                USART1_IRQHandler
 .text.DMA2_Stream2_IRQHandler
                0x08000d70       0x10 CMakeFiles/R1_demo.elf.dir/Core/Src/stm32f4xx_it.c.obj
                0x08000d70                DMA2_Stream2_IRQHandler
 .text.DMA2_Stream7_IRQHandler
                0x08000d80       0x10 CMakeFiles/R1_demo.elf.dir/Core/Src/stm32f4xx_it.c.obj
                0x08000d80                DMA2_Stream7_IRQHandler
 .text._close   0x08000d90        0x6 CMakeFiles/R1_demo.elf.dir/Core/Src/syscalls.c.obj
                0x08000d90                _close
 .text._fstat   0x08000d96        0xa CMakeFiles/R1_demo.elf.dir/Core/Src/syscalls.c.obj
                0x08000d96                _fstat
 .text._lseek   0x08000da0        0x4 CMakeFiles/R1_demo.elf.dir/Core/Src/syscalls.c.obj
                0x08000da0                _lseek
 .text._sbrk    0x08000da4       0x48 CMakeFiles/R1_demo.elf.dir/Core/Src/sysmem.c.obj
                0x08000da4                _sbrk
 .text.SystemInit
                0x08000dec       0x14 CMakeFiles/R1_demo.elf.dir/Core/Src/system_stm32f4xx.c.obj
                0x08000dec                SystemInit
 .text.MX_TIM3_Init
                0x08000e00       0x70 CMakeFiles/R1_demo.elf.dir/Core/Src/tim.c.obj
                0x08000e00                MX_TIM3_Init
 .text.HAL_TIM_Base_MspInit
                0x08000e70       0x40 CMakeFiles/R1_demo.elf.dir/Core/Src/tim.c.obj
                0x08000e70                HAL_TIM_Base_MspInit
 .text.HAL_TIM_PeriodElapsedCallback
                0x08000eb0       0x44 CMakeFiles/R1_demo.elf.dir/Core/Src/tim.c.obj
                0x08000eb0                HAL_TIM_PeriodElapsedCallback
 .text.MX_USART1_UART_Init
                0x08000ef4       0x34 CMakeFiles/R1_demo.elf.dir/Core/Src/usart.c.obj
                0x08000ef4                MX_USART1_UART_Init
 .text.HAL_UART_MspInit
                0x08000f28       0xfc CMakeFiles/R1_demo.elf.dir/Core/Src/usart.c.obj
                0x08000f28                HAL_UART_MspInit
 .text.Reset_Handler
                0x08001024       0x50 CMakeFiles/R1_demo.elf.dir/Core/Startup/startup_stm32f407zgtx.s.obj
                0x08001024                Reset_Handler
 .text.Default_Handler
                0x08001074        0x2 CMakeFiles/R1_demo.elf.dir/Core/Startup/startup_stm32f407zgtx.s.obj
                0x08001074                RTC_Alarm_IRQHandler
                0x08001074                HASH_RNG_IRQHandler
                0x08001074                EXTI2_IRQHandler
                0x08001074                TIM8_CC_IRQHandler
                0x08001074                TIM1_CC_IRQHandler
                0x08001074                DMA2_Stream5_IRQHandler
                0x08001074                DMA1_Stream5_IRQHandler
                0x08001074                PVD_IRQHandler
                0x08001074                SDIO_IRQHandler
                0x08001074                TAMP_STAMP_IRQHandler
                0x08001074                CAN2_RX1_IRQHandler
                0x08001074                EXTI3_IRQHandler
                0x08001074                TIM8_TRG_COM_TIM14_IRQHandler
                0x08001074                TIM1_UP_TIM10_IRQHandler
                0x08001074                TIM8_UP_TIM13_IRQHandler
                0x08001074                I2C3_ER_IRQHandler
                0x08001074                EXTI0_IRQHandler
                0x08001074                I2C2_EV_IRQHandler
                0x08001074                DMA1_Stream2_IRQHandler
                0x08001074                FPU_IRQHandler
                0x08001074                OTG_HS_WKUP_IRQHandler
                0x08001074                CAN2_SCE_IRQHandler
                0x08001074                SPI1_IRQHandler
                0x08001074                TIM6_DAC_IRQHandler
                0x08001074                TIM1_BRK_TIM9_IRQHandler
                0x08001074                DCMI_IRQHandler
                0x08001074                CAN2_RX0_IRQHandler
                0x08001074                DMA2_Stream3_IRQHandler
                0x08001074                USART6_IRQHandler
                0x08001074                USART3_IRQHandler
                0x08001074                CAN1_RX1_IRQHandler
                0x08001074                UART5_IRQHandler
                0x08001074                DMA2_Stream0_IRQHandler
                0x08001074                TIM4_IRQHandler
                0x08001074                I2C1_EV_IRQHandler
                0x08001074                DMA1_Stream6_IRQHandler
                0x08001074                DMA1_Stream1_IRQHandler
                0x08001074                UART4_IRQHandler
                0x08001074                RCC_IRQHandler
                0x08001074                TIM8_BRK_TIM12_IRQHandler
                0x08001074                Default_Handler
                0x08001074                EXTI15_10_IRQHandler
                0x08001074                ADC_IRQHandler
                0x08001074                DMA1_Stream7_IRQHandler
                0x08001074                TIM7_IRQHandler
                0x08001074                CAN2_TX_IRQHandler
                0x08001074                TIM5_IRQHandler
                0x08001074                I2C3_EV_IRQHandler
                0x08001074                EXTI9_5_IRQHandler
                0x08001074                RTC_WKUP_IRQHandler
                0x08001074                ETH_WKUP_IRQHandler
                0x08001074                SPI2_IRQHandler
                0x08001074                OTG_HS_EP1_IN_IRQHandler
                0x08001074                DMA1_Stream0_IRQHandler
                0x08001074                CAN1_TX_IRQHandler
                0x08001074                EXTI4_IRQHandler
                0x08001074                FSMC_IRQHandler
                0x08001074                ETH_IRQHandler
                0x08001074                OTG_HS_EP1_OUT_IRQHandler
                0x08001074                WWDG_IRQHandler
                0x08001074                TIM2_IRQHandler
                0x08001074                OTG_FS_WKUP_IRQHandler
                0x08001074                TIM1_TRG_COM_TIM11_IRQHandler
                0x08001074                OTG_HS_IRQHandler
                0x08001074                EXTI1_IRQHandler
                0x08001074                USART2_IRQHandler
                0x08001074                I2C2_ER_IRQHandler
                0x08001074                DMA2_Stream1_IRQHandler
                0x08001074                CAN1_SCE_IRQHandler
                0x08001074                FLASH_IRQHandler
                0x08001074                DMA2_Stream4_IRQHandler
                0x08001074                OTG_FS_IRQHandler
                0x08001074                SPI3_IRQHandler
                0x08001074                DMA1_Stream4_IRQHandler
                0x08001074                I2C1_ER_IRQHandler
                0x08001074                DMA2_Stream6_IRQHandler
                0x08001074                DMA1_Stream3_IRQHandler
 *fill*         0x08001076        0x2 
 .text.HAL_InitTick
                0x08001078       0x4c CMakeFiles/R1_demo.elf.dir/Drivers/STM32F4xx_HAL_Driver/Src/stm32f4xx_hal.c.obj
                0x08001078                HAL_InitTick
 .text.HAL_Init
                0x080010c4       0x34 CMakeFiles/R1_demo.elf.dir/Drivers/STM32F4xx_HAL_Driver/Src/stm32f4xx_hal.c.obj
                0x080010c4                HAL_Init
 .text.HAL_IncTick
                0x080010f8       0x18 CMakeFiles/R1_demo.elf.dir/Drivers/STM32F4xx_HAL_Driver/Src/stm32f4xx_hal.c.obj
                0x080010f8                HAL_IncTick
 .text.HAL_GetTick
                0x08001110        0xc CMakeFiles/R1_demo.elf.dir/Drivers/STM32F4xx_HAL_Driver/Src/stm32f4xx_hal.c.obj
                0x08001110                HAL_GetTick
 .text.HAL_Delay
                0x0800111c       0x28 CMakeFiles/R1_demo.elf.dir/Drivers/STM32F4xx_HAL_Driver/Src/stm32f4xx_hal.c.obj
                0x0800111c                HAL_Delay
 .text.HAL_CAN_Init
                0x08001144      0x14c CMakeFiles/R1_demo.elf.dir/Drivers/STM32F4xx_HAL_Driver/Src/stm32f4xx_hal_can.c.obj
                0x08001144                HAL_CAN_Init
 .text.HAL_CAN_ConfigFilter
                0x08001290      0x138 CMakeFiles/R1_demo.elf.dir/Drivers/STM32F4xx_HAL_Driver/Src/stm32f4xx_hal_can.c.obj
                0x08001290                HAL_CAN_ConfigFilter
 .text.HAL_CAN_Start
                0x080013c8       0x5c CMakeFiles/R1_demo.elf.dir/Drivers/STM32F4xx_HAL_Driver/Src/stm32f4xx_hal_can.c.obj
                0x080013c8                HAL_CAN_Start
 .text.HAL_CAN_AddTxMessage
                0x08001424       0xfc CMakeFiles/R1_demo.elf.dir/Drivers/STM32F4xx_HAL_Driver/Src/stm32f4xx_hal_can.c.obj
                0x08001424                HAL_CAN_AddTxMessage
 .text.HAL_CAN_GetRxMessage
                0x08001520      0x14a CMakeFiles/R1_demo.elf.dir/Drivers/STM32F4xx_HAL_Driver/Src/stm32f4xx_hal_can.c.obj
                0x08001520                HAL_CAN_GetRxMessage
 .text.HAL_CAN_ActivateNotification
                0x0800166a       0x24 CMakeFiles/R1_demo.elf.dir/Drivers/STM32F4xx_HAL_Driver/Src/stm32f4xx_hal_can.c.obj
                0x0800166a                HAL_CAN_ActivateNotification
 .text.HAL_CAN_TxMailbox0CompleteCallback
                0x0800168e        0x2 CMakeFiles/R1_demo.elf.dir/Drivers/STM32F4xx_HAL_Driver/Src/stm32f4xx_hal_can.c.obj
                0x0800168e                HAL_CAN_TxMailbox0CompleteCallback
 .text.HAL_CAN_TxMailbox1CompleteCallback
                0x08001690        0x2 CMakeFiles/R1_demo.elf.dir/Drivers/STM32F4xx_HAL_Driver/Src/stm32f4xx_hal_can.c.obj
                0x08001690                HAL_CAN_TxMailbox1CompleteCallback
 .text.HAL_CAN_TxMailbox2CompleteCallback
                0x08001692        0x2 CMakeFiles/R1_demo.elf.dir/Drivers/STM32F4xx_HAL_Driver/Src/stm32f4xx_hal_can.c.obj
                0x08001692                HAL_CAN_TxMailbox2CompleteCallback
 .text.HAL_CAN_TxMailbox0AbortCallback
                0x08001694        0x2 CMakeFiles/R1_demo.elf.dir/Drivers/STM32F4xx_HAL_Driver/Src/stm32f4xx_hal_can.c.obj
                0x08001694                HAL_CAN_TxMailbox0AbortCallback
 .text.HAL_CAN_TxMailbox1AbortCallback
                0x08001696        0x2 CMakeFiles/R1_demo.elf.dir/Drivers/STM32F4xx_HAL_Driver/Src/stm32f4xx_hal_can.c.obj
                0x08001696                HAL_CAN_TxMailbox1AbortCallback
 .text.HAL_CAN_TxMailbox2AbortCallback
                0x08001698        0x2 CMakeFiles/R1_demo.elf.dir/Drivers/STM32F4xx_HAL_Driver/Src/stm32f4xx_hal_can.c.obj
                0x08001698                HAL_CAN_TxMailbox2AbortCallback
 .text.HAL_CAN_RxFifo0FullCallback
                0x0800169a        0x2 CMakeFiles/R1_demo.elf.dir/Drivers/STM32F4xx_HAL_Driver/Src/stm32f4xx_hal_can.c.obj
                0x0800169a                HAL_CAN_RxFifo0FullCallback
 .text.HAL_CAN_RxFifo1MsgPendingCallback
                0x0800169c        0x2 CMakeFiles/R1_demo.elf.dir/Drivers/STM32F4xx_HAL_Driver/Src/stm32f4xx_hal_can.c.obj
                0x0800169c                HAL_CAN_RxFifo1MsgPendingCallback
 .text.HAL_CAN_RxFifo1FullCallback
                0x0800169e        0x2 CMakeFiles/R1_demo.elf.dir/Drivers/STM32F4xx_HAL_Driver/Src/stm32f4xx_hal_can.c.obj
                0x0800169e                HAL_CAN_RxFifo1FullCallback
 .text.HAL_CAN_SleepCallback
                0x080016a0        0x2 CMakeFiles/R1_demo.elf.dir/Drivers/STM32F4xx_HAL_Driver/Src/stm32f4xx_hal_can.c.obj
                0x080016a0                HAL_CAN_SleepCallback
 .text.HAL_CAN_WakeUpFromRxMsgCallback
                0x080016a2        0x2 CMakeFiles/R1_demo.elf.dir/Drivers/STM32F4xx_HAL_Driver/Src/stm32f4xx_hal_can.c.obj
                0x080016a2                HAL_CAN_WakeUpFromRxMsgCallback
 .text.HAL_CAN_ErrorCallback
                0x080016a4        0x2 CMakeFiles/R1_demo.elf.dir/Drivers/STM32F4xx_HAL_Driver/Src/stm32f4xx_hal_can.c.obj
                0x080016a4                HAL_CAN_ErrorCallback
 .text.HAL_CAN_IRQHandler
                0x080016a6      0x24a CMakeFiles/R1_demo.elf.dir/Drivers/STM32F4xx_HAL_Driver/Src/stm32f4xx_hal_can.c.obj
                0x080016a6                HAL_CAN_IRQHandler
 .text.HAL_NVIC_SetPriorityGrouping
                0x080018f0       0x24 CMakeFiles/R1_demo.elf.dir/Drivers/STM32F4xx_HAL_Driver/Src/stm32f4xx_hal_cortex.c.obj
                0x080018f0                HAL_NVIC_SetPriorityGrouping
 .text.HAL_NVIC_SetPriority
                0x08001914       0x70 CMakeFiles/R1_demo.elf.dir/Drivers/STM32F4xx_HAL_Driver/Src/stm32f4xx_hal_cortex.c.obj
                0x08001914                HAL_NVIC_SetPriority
 .text.HAL_NVIC_EnableIRQ
                0x08001984       0x1c CMakeFiles/R1_demo.elf.dir/Drivers/STM32F4xx_HAL_Driver/Src/stm32f4xx_hal_cortex.c.obj
                0x08001984                HAL_NVIC_EnableIRQ
 .text.HAL_SYSTICK_Config
                0x080019a0       0x28 CMakeFiles/R1_demo.elf.dir/Drivers/STM32F4xx_HAL_Driver/Src/stm32f4xx_hal_cortex.c.obj
                0x080019a0                HAL_SYSTICK_Config
 .text.DMA_SetConfig
                0x080019c8       0x2c CMakeFiles/R1_demo.elf.dir/Drivers/STM32F4xx_HAL_Driver/Src/stm32f4xx_hal_dma.c.obj
 .text.DMA_CalcBaseAndBitshift
                0x080019f4       0x44 CMakeFiles/R1_demo.elf.dir/Drivers/STM32F4xx_HAL_Driver/Src/stm32f4xx_hal_dma.c.obj
 .text.DMA_CheckFifoParam
                0x08001a38       0x8e CMakeFiles/R1_demo.elf.dir/Drivers/STM32F4xx_HAL_Driver/Src/stm32f4xx_hal_dma.c.obj
 *fill*         0x08001ac6        0x2 
 .text.HAL_DMA_Init
                0x08001ac8       0xcc CMakeFiles/R1_demo.elf.dir/Drivers/STM32F4xx_HAL_Driver/Src/stm32f4xx_hal_dma.c.obj
                0x08001ac8                HAL_DMA_Init
 .text.HAL_DMA_Start_IT
                0x08001b94       0x6a CMakeFiles/R1_demo.elf.dir/Drivers/STM32F4xx_HAL_Driver/Src/stm32f4xx_hal_dma.c.obj
                0x08001b94                HAL_DMA_Start_IT
 .text.HAL_DMA_Abort
                0x08001bfe       0x94 CMakeFiles/R1_demo.elf.dir/Drivers/STM32F4xx_HAL_Driver/Src/stm32f4xx_hal_dma.c.obj
                0x08001bfe                HAL_DMA_Abort
 .text.HAL_DMA_Abort_IT
                0x08001c92       0x26 CMakeFiles/R1_demo.elf.dir/Drivers/STM32F4xx_HAL_Driver/Src/stm32f4xx_hal_dma.c.obj
                0x08001c92                HAL_DMA_Abort_IT
 .text.HAL_DMA_IRQHandler
                0x08001cb8      0x1dc CMakeFiles/R1_demo.elf.dir/Drivers/STM32F4xx_HAL_Driver/Src/stm32f4xx_hal_dma.c.obj
                0x08001cb8                HAL_DMA_IRQHandler
 .text.HAL_GPIO_Init
                0x08001e94      0x1e4 CMakeFiles/R1_demo.elf.dir/Drivers/STM32F4xx_HAL_Driver/Src/stm32f4xx_hal_gpio.c.obj
                0x08001e94                HAL_GPIO_Init
 .text.HAL_GPIO_WritePin
                0x08002078        0xc CMakeFiles/R1_demo.elf.dir/Drivers/STM32F4xx_HAL_Driver/Src/stm32f4xx_hal_gpio.c.obj
                0x08002078                HAL_GPIO_WritePin
 .text.HAL_GPIO_TogglePin
                0x08002084       0x12 CMakeFiles/R1_demo.elf.dir/Drivers/STM32F4xx_HAL_Driver/Src/stm32f4xx_hal_gpio.c.obj
                0x08002084                HAL_GPIO_TogglePin
 .text.HAL_IWDG_Init
                0x08002096       0x58 CMakeFiles/R1_demo.elf.dir/Drivers/STM32F4xx_HAL_Driver/Src/stm32f4xx_hal_iwdg.c.obj
                0x08002096                HAL_IWDG_Init
 .text.HAL_IWDG_Refresh
                0x080020ee        0xc CMakeFiles/R1_demo.elf.dir/Drivers/STM32F4xx_HAL_Driver/Src/stm32f4xx_hal_iwdg.c.obj
                0x080020ee                HAL_IWDG_Refresh
 *fill*         0x080020fa        0x2 
 .text.HAL_RCC_OscConfig
                0x080020fc      0x3f8 CMakeFiles/R1_demo.elf.dir/Drivers/STM32F4xx_HAL_Driver/Src/stm32f4xx_hal_rcc.c.obj
                0x080020fc                HAL_RCC_OscConfig
 .text.HAL_RCC_GetSysClockFreq
                0x080024f4       0xa4 CMakeFiles/R1_demo.elf.dir/Drivers/STM32F4xx_HAL_Driver/Src/stm32f4xx_hal_rcc.c.obj
                0x080024f4                HAL_RCC_GetSysClockFreq
 .text.HAL_RCC_ClockConfig
                0x08002598      0x160 CMakeFiles/R1_demo.elf.dir/Drivers/STM32F4xx_HAL_Driver/Src/stm32f4xx_hal_rcc.c.obj
                0x08002598                HAL_RCC_ClockConfig
 .text.HAL_RCC_GetHCLKFreq
                0x080026f8        0xc CMakeFiles/R1_demo.elf.dir/Drivers/STM32F4xx_HAL_Driver/Src/stm32f4xx_hal_rcc.c.obj
                0x080026f8                HAL_RCC_GetHCLKFreq
 .text.HAL_RCC_GetPCLK1Freq
                0x08002704       0x20 CMakeFiles/R1_demo.elf.dir/Drivers/STM32F4xx_HAL_Driver/Src/stm32f4xx_hal_rcc.c.obj
                0x08002704                HAL_RCC_GetPCLK1Freq
 .text.HAL_RCC_GetPCLK2Freq
                0x08002724       0x20 CMakeFiles/R1_demo.elf.dir/Drivers/STM32F4xx_HAL_Driver/Src/stm32f4xx_hal_rcc.c.obj
                0x08002724                HAL_RCC_GetPCLK2Freq
 .text.TIM_TI1_ConfigInputStage
                0x08002744       0x26 CMakeFiles/R1_demo.elf.dir/Drivers/STM32F4xx_HAL_Driver/Src/stm32f4xx_hal_tim.c.obj
 .text.TIM_TI2_ConfigInputStage
                0x0800276a       0x28 CMakeFiles/R1_demo.elf.dir/Drivers/STM32F4xx_HAL_Driver/Src/stm32f4xx_hal_tim.c.obj
 .text.TIM_ITRx_SetConfig
                0x08002792       0x10 CMakeFiles/R1_demo.elf.dir/Drivers/STM32F4xx_HAL_Driver/Src/stm32f4xx_hal_tim.c.obj
 *fill*         0x080027a2        0x2 
 .text.HAL_TIM_Base_Start_IT
                0x080027a4       0x88 CMakeFiles/R1_demo.elf.dir/Drivers/STM32F4xx_HAL_Driver/Src/stm32f4xx_hal_tim.c.obj
                0x080027a4                HAL_TIM_Base_Start_IT
 .text.HAL_TIM_OC_DelayElapsedCallback
                0x0800282c        0x2 CMakeFiles/R1_demo.elf.dir/Drivers/STM32F4xx_HAL_Driver/Src/stm32f4xx_hal_tim.c.obj
                0x0800282c                HAL_TIM_OC_DelayElapsedCallback
 .text.HAL_TIM_IC_CaptureCallback
                0x0800282e        0x2 CMakeFiles/R1_demo.elf.dir/Drivers/STM32F4xx_HAL_Driver/Src/stm32f4xx_hal_tim.c.obj
                0x0800282e                HAL_TIM_IC_CaptureCallback
 .text.HAL_TIM_PWM_PulseFinishedCallback
                0x08002830        0x2 CMakeFiles/R1_demo.elf.dir/Drivers/STM32F4xx_HAL_Driver/Src/stm32f4xx_hal_tim.c.obj
                0x08002830                HAL_TIM_PWM_PulseFinishedCallback
 .text.HAL_TIM_TriggerCallback
                0x08002832        0x2 CMakeFiles/R1_demo.elf.dir/Drivers/STM32F4xx_HAL_Driver/Src/stm32f4xx_hal_tim.c.obj
                0x08002832                HAL_TIM_TriggerCallback
 .text.HAL_TIM_IRQHandler
                0x08002834      0x17a CMakeFiles/R1_demo.elf.dir/Drivers/STM32F4xx_HAL_Driver/Src/stm32f4xx_hal_tim.c.obj
                0x08002834                HAL_TIM_IRQHandler
 *fill*         0x080029ae        0x2 
 .text.TIM_Base_SetConfig
                0x080029b0       0xc8 CMakeFiles/R1_demo.elf.dir/Drivers/STM32F4xx_HAL_Driver/Src/stm32f4xx_hal_tim.c.obj
                0x080029b0                TIM_Base_SetConfig
 .text.HAL_TIM_Base_Init
                0x08002a78       0x58 CMakeFiles/R1_demo.elf.dir/Drivers/STM32F4xx_HAL_Driver/Src/stm32f4xx_hal_tim.c.obj
                0x08002a78                HAL_TIM_Base_Init
 .text.TIM_ETR_SetConfig
                0x08002ad0       0x1a CMakeFiles/R1_demo.elf.dir/Drivers/STM32F4xx_HAL_Driver/Src/stm32f4xx_hal_tim.c.obj
                0x08002ad0                TIM_ETR_SetConfig
 .text.HAL_TIM_ConfigClockSource
                0x08002aea       0xfe CMakeFiles/R1_demo.elf.dir/Drivers/STM32F4xx_HAL_Driver/Src/stm32f4xx_hal_tim.c.obj
                0x08002aea                HAL_TIM_ConfigClockSource
 .text.HAL_TIMEx_MasterConfigSynchronization
                0x08002be8       0x8c CMakeFiles/R1_demo.elf.dir/Drivers/STM32F4xx_HAL_Driver/Src/stm32f4xx_hal_tim_ex.c.obj
                0x08002be8                HAL_TIMEx_MasterConfigSynchronization
 .text.HAL_TIMEx_CommutCallback
                0x08002c74        0x2 CMakeFiles/R1_demo.elf.dir/Drivers/STM32F4xx_HAL_Driver/Src/stm32f4xx_hal_tim_ex.c.obj
                0x08002c74                HAL_TIMEx_CommutCallback
 .text.HAL_TIMEx_BreakCallback
                0x08002c76        0x2 CMakeFiles/R1_demo.elf.dir/Drivers/STM32F4xx_HAL_Driver/Src/stm32f4xx_hal_tim_ex.c.obj
                0x08002c76                HAL_TIMEx_BreakCallback
 .text.UART_EndTxTransfer
                0x08002c78       0x20 CMakeFiles/R1_demo.elf.dir/Drivers/STM32F4xx_HAL_Driver/Src/stm32f4xx_hal_uart.c.obj
 .text.UART_EndRxTransfer
                0x08002c98       0x5c CMakeFiles/R1_demo.elf.dir/Drivers/STM32F4xx_HAL_Driver/Src/stm32f4xx_hal_uart.c.obj
 .text.UART_Transmit_IT
                0x08002cf4       0x60 CMakeFiles/R1_demo.elf.dir/Drivers/STM32F4xx_HAL_Driver/Src/stm32f4xx_hal_uart.c.obj
 .text.UART_SetConfig
                0x08002d54      0x110 CMakeFiles/R1_demo.elf.dir/Drivers/STM32F4xx_HAL_Driver/Src/stm32f4xx_hal_uart.c.obj
 .text.UART_WaitOnFlagUntilTimeout
                0x08002e64       0x88 CMakeFiles/R1_demo.elf.dir/Drivers/STM32F4xx_HAL_Driver/Src/stm32f4xx_hal_uart.c.obj
 .text.HAL_UART_Init
                0x08002eec       0x5e CMakeFiles/R1_demo.elf.dir/Drivers/STM32F4xx_HAL_Driver/Src/stm32f4xx_hal_uart.c.obj
                0x08002eec                HAL_UART_Init
 .text.HAL_UART_Transmit
                0x08002f4a       0xd8 CMakeFiles/R1_demo.elf.dir/Drivers/STM32F4xx_HAL_Driver/Src/stm32f4xx_hal_uart.c.obj
                0x08002f4a                HAL_UART_Transmit
 *fill*         0x08003022        0x2 
 .text.HAL_UART_Transmit_DMA
                0x08003024       0x9c CMakeFiles/R1_demo.elf.dir/Drivers/STM32F4xx_HAL_Driver/Src/stm32f4xx_hal_uart.c.obj
                0x08003024                HAL_UART_Transmit_DMA
 .text.HAL_UART_TxCpltCallback
                0x080030c0        0x2 CMakeFiles/R1_demo.elf.dir/Drivers/STM32F4xx_HAL_Driver/Src/stm32f4xx_hal_uart.c.obj
                0x080030c0                HAL_UART_TxCpltCallback
 .text.UART_DMATransmitCplt
                0x080030c2       0x4c CMakeFiles/R1_demo.elf.dir/Drivers/STM32F4xx_HAL_Driver/Src/stm32f4xx_hal_uart.c.obj
 .text.UART_EndTransmit_IT
                0x0800310e       0x1a CMakeFiles/R1_demo.elf.dir/Drivers/STM32F4xx_HAL_Driver/Src/stm32f4xx_hal_uart.c.obj
 .text.HAL_UART_TxHalfCpltCallback
                0x08003128        0x2 CMakeFiles/R1_demo.elf.dir/Drivers/STM32F4xx_HAL_Driver/Src/stm32f4xx_hal_uart.c.obj
                0x08003128                HAL_UART_TxHalfCpltCallback
 .text.UART_DMATxHalfCplt
                0x0800312a        0xa CMakeFiles/R1_demo.elf.dir/Drivers/STM32F4xx_HAL_Driver/Src/stm32f4xx_hal_uart.c.obj
 .text.HAL_UART_RxCpltCallback
                0x08003134        0x2 CMakeFiles/R1_demo.elf.dir/Drivers/STM32F4xx_HAL_Driver/Src/stm32f4xx_hal_uart.c.obj
                0x08003134                HAL_UART_RxCpltCallback
 .text.HAL_UART_RxHalfCpltCallback
                0x08003136        0x2 CMakeFiles/R1_demo.elf.dir/Drivers/STM32F4xx_HAL_Driver/Src/stm32f4xx_hal_uart.c.obj
                0x08003136                HAL_UART_RxHalfCpltCallback
 .text.HAL_UART_ErrorCallback
                0x08003138        0x2 CMakeFiles/R1_demo.elf.dir/Drivers/STM32F4xx_HAL_Driver/Src/stm32f4xx_hal_uart.c.obj
                0x08003138                HAL_UART_ErrorCallback
 .text.UART_DMAError
                0x0800313a       0x58 CMakeFiles/R1_demo.elf.dir/Drivers/STM32F4xx_HAL_Driver/Src/stm32f4xx_hal_uart.c.obj
 .text.UART_DMAAbortOnError
                0x08003192       0x10 CMakeFiles/R1_demo.elf.dir/Drivers/STM32F4xx_HAL_Driver/Src/stm32f4xx_hal_uart.c.obj
 .text.HAL_UARTEx_RxEventCallback
                0x080031a2        0x2 CMakeFiles/R1_demo.elf.dir/Drivers/STM32F4xx_HAL_Driver/Src/stm32f4xx_hal_uart.c.obj
                0x080031a2                HAL_UARTEx_RxEventCallback
 .text.UART_Receive_IT
                0x080031a4       0xe2 CMakeFiles/R1_demo.elf.dir/Drivers/STM32F4xx_HAL_Driver/Src/stm32f4xx_hal_uart.c.obj
 *fill*         0x08003286        0x2 
 .text.HAL_UART_IRQHandler
                0x08003288      0x280 CMakeFiles/R1_demo.elf.dir/Drivers/STM32F4xx_HAL_Driver/Src/stm32f4xx_hal_uart.c.obj
                0x08003288                HAL_UART_IRQHandler
 .text.UART_DMARxHalfCplt
                0x08003508       0x1a CMakeFiles/R1_demo.elf.dir/Drivers/STM32F4xx_HAL_Driver/Src/stm32f4xx_hal_uart.c.obj
 .text.UART_DMAReceiveCplt
                0x08003522       0x96 CMakeFiles/R1_demo.elf.dir/Drivers/STM32F4xx_HAL_Driver/Src/stm32f4xx_hal_uart.c.obj
 .text.UART_Start_Receive_DMA
                0x080035b8       0xa8 CMakeFiles/R1_demo.elf.dir/Drivers/STM32F4xx_HAL_Driver/Src/stm32f4xx_hal_uart.c.obj
                0x080035b8                UART_Start_Receive_DMA
 .text.HAL_UART_Receive_DMA
                0x08003660       0x38 CMakeFiles/R1_demo.elf.dir/Drivers/STM32F4xx_HAL_Driver/Src/stm32f4xx_hal_uart.c.obj
                0x08003660                HAL_UART_Receive_DMA
 .text.makeFreeRtosPriority
                0x08003698        0xc CMakeFiles/R1_demo.elf.dir/Middlewares/Third_Party/FreeRTOS/Source/CMSIS_RTOS/cmsis_os.c.obj
 .text.osKernelStart
                0x080036a4        0xa CMakeFiles/R1_demo.elf.dir/Middlewares/Third_Party/FreeRTOS/Source/CMSIS_RTOS/cmsis_os.c.obj
                0x080036a4                osKernelStart
 .text.osThreadCreate
                0x080036ae       0x6a CMakeFiles/R1_demo.elf.dir/Middlewares/Third_Party/FreeRTOS/Source/CMSIS_RTOS/cmsis_os.c.obj
                0x080036ae                osThreadCreate
 .text.osDelay  0x08003718        0xe CMakeFiles/R1_demo.elf.dir/Middlewares/Third_Party/FreeRTOS/Source/CMSIS_RTOS/cmsis_os.c.obj
                0x08003718                osDelay
 .text.vListInitialise
                0x08003726       0x16 CMakeFiles/R1_demo.elf.dir/Middlewares/Third_Party/FreeRTOS/Source/list.c.obj
                0x08003726                vListInitialise
 .text.vListInitialiseItem
                0x0800373c        0x6 CMakeFiles/R1_demo.elf.dir/Middlewares/Third_Party/FreeRTOS/Source/list.c.obj
                0x0800373c                vListInitialiseItem
 .text.vListInsertEnd
                0x08003742       0x16 CMakeFiles/R1_demo.elf.dir/Middlewares/Third_Party/FreeRTOS/Source/list.c.obj
                0x08003742                vListInsertEnd
 .text.vListInsert
                0x08003758       0x32 CMakeFiles/R1_demo.elf.dir/Middlewares/Third_Party/FreeRTOS/Source/list.c.obj
                0x08003758                vListInsert
 .text.uxListRemove
                0x0800378a       0x26 CMakeFiles/R1_demo.elf.dir/Middlewares/Third_Party/FreeRTOS/Source/list.c.obj
                0x0800378a                uxListRemove
 .text.prvTaskExitError
                0x080037b0       0x40 CMakeFiles/R1_demo.elf.dir/Middlewares/Third_Party/FreeRTOS/Source/portable/GCC/ARM_CM4F/port.c.obj
 .text.prvPortStartFirstTask
                0x080037f0       0x28 CMakeFiles/R1_demo.elf.dir/Middlewares/Third_Party/FreeRTOS/Source/portable/GCC/ARM_CM4F/port.c.obj
 .text.vPortEnableVFP
                0x08003818       0x14 CMakeFiles/R1_demo.elf.dir/Middlewares/Third_Party/FreeRTOS/Source/portable/GCC/ARM_CM4F/port.c.obj
 .text.pxPortInitialiseStack
                0x0800382c       0x2c CMakeFiles/R1_demo.elf.dir/Middlewares/Third_Party/FreeRTOS/Source/portable/GCC/ARM_CM4F/port.c.obj
                0x0800382c                pxPortInitialiseStack
 *fill*         0x08003858        0x8 
 .text.SVC_Handler
                0x08003860       0x24 CMakeFiles/R1_demo.elf.dir/Middlewares/Third_Party/FreeRTOS/Source/portable/GCC/ARM_CM4F/port.c.obj
                0x08003860                SVC_Handler
 .text.vPortEnterCritical
                0x08003884       0x44 CMakeFiles/R1_demo.elf.dir/Middlewares/Third_Party/FreeRTOS/Source/portable/GCC/ARM_CM4F/port.c.obj
                0x08003884                vPortEnterCritical
 .text.vPortExitCritical
                0x080038c8       0x2c CMakeFiles/R1_demo.elf.dir/Middlewares/Third_Party/FreeRTOS/Source/portable/GCC/ARM_CM4F/port.c.obj
                0x080038c8                vPortExitCritical
 *fill*         0x080038f4        0xc 
 .text.PendSV_Handler
                0x08003900       0x64 CMakeFiles/R1_demo.elf.dir/Middlewares/Third_Party/FreeRTOS/Source/portable/GCC/ARM_CM4F/port.c.obj
                0x08003900                PendSV_Handler
 .text.xPortSysTickHandler
                0x08003964       0x2c CMakeFiles/R1_demo.elf.dir/Middlewares/Third_Party/FreeRTOS/Source/portable/GCC/ARM_CM4F/port.c.obj
                0x08003964                xPortSysTickHandler
 .text.vPortSetupTimerInterrupt
                0x08003990       0x28 CMakeFiles/R1_demo.elf.dir/Middlewares/Third_Party/FreeRTOS/Source/portable/GCC/ARM_CM4F/port.c.obj
                0x08003990                vPortSetupTimerInterrupt
 .text.xPortStartScheduler
                0x080039b8      0x118 CMakeFiles/R1_demo.elf.dir/Middlewares/Third_Party/FreeRTOS/Source/portable/GCC/ARM_CM4F/port.c.obj
                0x080039b8                xPortStartScheduler
 .text.prvHeapInit
                0x08003ad0       0x64 CMakeFiles/R1_demo.elf.dir/Middlewares/Third_Party/FreeRTOS/Source/portable/MemMang/heap_4.c.obj
 .text.prvInsertBlockIntoFreeList
                0x08003b34       0x64 CMakeFiles/R1_demo.elf.dir/Middlewares/Third_Party/FreeRTOS/Source/portable/MemMang/heap_4.c.obj
 .text.pvPortMalloc
                0x08003b98       0xfc CMakeFiles/R1_demo.elf.dir/Middlewares/Third_Party/FreeRTOS/Source/portable/MemMang/heap_4.c.obj
                0x08003b98                pvPortMalloc
 .text.vPortFree
                0x08003c94       0x7c CMakeFiles/R1_demo.elf.dir/Middlewares/Third_Party/FreeRTOS/Source/portable/MemMang/heap_4.c.obj
                0x08003c94                vPortFree
 .text.prvResetNextTaskUnblockTime
                0x08003d10       0x2c CMakeFiles/R1_demo.elf.dir/Middlewares/Third_Party/FreeRTOS/Source/tasks.c.obj
 .text.prvInitialiseNewTask
                0x08003d3c       0xa2 CMakeFiles/R1_demo.elf.dir/Middlewares/Third_Party/FreeRTOS/Source/tasks.c.obj
 *fill*         0x08003dde        0x2 
 .text.prvInitialiseTaskLists
                0x08003de0       0x68 CMakeFiles/R1_demo.elf.dir/Middlewares/Third_Party/FreeRTOS/Source/tasks.c.obj
 .text.prvAddNewTaskToReadyList
                0x08003e48       0xa8 CMakeFiles/R1_demo.elf.dir/Middlewares/Third_Party/FreeRTOS/Source/tasks.c.obj
 .text.prvDeleteTCB
                0x08003ef0       0x38 CMakeFiles/R1_demo.elf.dir/Middlewares/Third_Party/FreeRTOS/Source/tasks.c.obj
 .text.prvCheckTasksWaitingTermination
                0x08003f28       0x4c CMakeFiles/R1_demo.elf.dir/Middlewares/Third_Party/FreeRTOS/Source/tasks.c.obj
 .text.prvIdleTask
                0x08003f74       0x28 CMakeFiles/R1_demo.elf.dir/Middlewares/Third_Party/FreeRTOS/Source/tasks.c.obj
 .text.prvAddCurrentTaskToDelayedList
                0x08003f9c       0x98 CMakeFiles/R1_demo.elf.dir/Middlewares/Third_Party/FreeRTOS/Source/tasks.c.obj
 .text.xTaskCreateStatic
                0x08004034       0x76 CMakeFiles/R1_demo.elf.dir/Middlewares/Third_Party/FreeRTOS/Source/tasks.c.obj
                0x08004034                xTaskCreateStatic
 .text.xTaskCreate
                0x080040aa       0x68 CMakeFiles/R1_demo.elf.dir/Middlewares/Third_Party/FreeRTOS/Source/tasks.c.obj
                0x080040aa                xTaskCreate
 *fill*         0x08004112        0x2 
 .text.vTaskStartScheduler
                0x08004114       0x74 CMakeFiles/R1_demo.elf.dir/Middlewares/Third_Party/FreeRTOS/Source/tasks.c.obj
                0x08004114                vTaskStartScheduler
 .text.vTaskSuspendAll
                0x08004188       0x10 CMakeFiles/R1_demo.elf.dir/Middlewares/Third_Party/FreeRTOS/Source/tasks.c.obj
                0x08004188                vTaskSuspendAll
 .text.xTaskIncrementTick
                0x08004198      0x118 CMakeFiles/R1_demo.elf.dir/Middlewares/Third_Party/FreeRTOS/Source/tasks.c.obj
                0x08004198                xTaskIncrementTick
 .text.xTaskResumeAll
                0x080042b0       0xf8 CMakeFiles/R1_demo.elf.dir/Middlewares/Third_Party/FreeRTOS/Source/tasks.c.obj
                0x080042b0                xTaskResumeAll
 .text.vTaskDelay
                0x080043a8       0x4c CMakeFiles/R1_demo.elf.dir/Middlewares/Third_Party/FreeRTOS/Source/tasks.c.obj
                0x080043a8                vTaskDelay
 .text.vTaskSwitchContext
                0x080043f4       0x98 CMakeFiles/R1_demo.elf.dir/Middlewares/Third_Party/FreeRTOS/Source/tasks.c.obj
                0x080043f4                vTaskSwitchContext
 .text.xTaskGetSchedulerState
                0x0800448c       0x20 CMakeFiles/R1_demo.elf.dir/Middlewares/Third_Party/FreeRTOS/Source/tasks.c.obj
                0x0800448c                xTaskGetSchedulerState
 .text.__errno  0x080044ac        0xc f:/102021~1.10/bin/../lib/gcc/arm-none-eabi/10.3.1/../../../../arm-none-eabi/lib/thumb/v7e-m+fp/hard\libg.a(lib_a-errno.o)
                0x080044ac                __errno
 .text.__libc_init_array
                0x080044b8       0x48 f:/102021~1.10/bin/../lib/gcc/arm-none-eabi/10.3.1/../../../../arm-none-eabi/lib/thumb/v7e-m+fp/hard\libg.a(lib_a-init.o)
                0x080044b8                __libc_init_array
 .text.memset   0x08004500       0xa4 f:/102021~1.10/bin/../lib/gcc/arm-none-eabi/10.3.1/../../../../arm-none-eabi/lib/thumb/v7e-m+fp/hard\libg.a(lib_a-memset.o)
                0x08004500                memset
 .text.setvbuf  0x080045a4      0x1b0 f:/102021~1.10/bin/../lib/gcc/arm-none-eabi/10.3.1/../../../../arm-none-eabi/lib/thumb/v7e-m+fp/hard\libg.a(lib_a-setvbuf.o)
                0x080045a4                setvbuf
 .text.startup.register_fini
                0x08004754       0x14 f:/102021~1.10/bin/../lib/gcc/arm-none-eabi/10.3.1/../../../../arm-none-eabi/lib/thumb/v7e-m+fp/hard\libg.a(lib_a-__call_atexit.o)
 .text.atexit   0x08004768        0xc f:/102021~1.10/bin/../lib/gcc/arm-none-eabi/10.3.1/../../../../arm-none-eabi/lib/thumb/v7e-m+fp/hard\libg.a(lib_a-atexit.o)
                0x08004768                atexit
 .text.__sflush_r
                0x08004774      0x130 f:/102021~1.10/bin/../lib/gcc/arm-none-eabi/10.3.1/../../../../arm-none-eabi/lib/thumb/v7e-m+fp/hard\libg.a(lib_a-fflush.o)
                0x08004774                __sflush_r
 .text._fflush_r
                0x080048a4       0x5c f:/102021~1.10/bin/../lib/gcc/arm-none-eabi/10.3.1/../../../../arm-none-eabi/lib/thumb/v7e-m+fp/hard\libg.a(lib_a-fflush.o)
                0x080048a4                _fflush_r
 .text._cleanup_r
                0x08004900        0xc f:/102021~1.10/bin/../lib/gcc/arm-none-eabi/10.3.1/../../../../arm-none-eabi/lib/thumb/v7e-m+fp/hard\libg.a(lib_a-findfp.o)
                0x08004900                _cleanup_r
 .text.__sinit  0x0800490c      0x10c f:/102021~1.10/bin/../lib/gcc/arm-none-eabi/10.3.1/../../../../arm-none-eabi/lib/thumb/v7e-m+fp/hard\libg.a(lib_a-findfp.o)
                0x0800490c                __sinit
 .text.__sfp_lock_acquire
                0x08004a18        0xc f:/102021~1.10/bin/../lib/gcc/arm-none-eabi/10.3.1/../../../../arm-none-eabi/lib/thumb/v7e-m+fp/hard\libg.a(lib_a-findfp.o)
                0x08004a18                __sfp_lock_acquire
 .text.__sfp_lock_release
                0x08004a24        0xc f:/102021~1.10/bin/../lib/gcc/arm-none-eabi/10.3.1/../../../../arm-none-eabi/lib/thumb/v7e-m+fp/hard\libg.a(lib_a-findfp.o)
                0x08004a24                __sfp_lock_release
 .text.__libc_fini_array
                0x08004a30       0x2c f:/102021~1.10/bin/../lib/gcc/arm-none-eabi/10.3.1/../../../../arm-none-eabi/lib/thumb/v7e-m+fp/hard\libg.a(lib_a-fini.o)
                0x08004a30                __libc_fini_array
 .text._malloc_trim_r
                0x08004a5c       0xa0 f:/102021~1.10/bin/../lib/gcc/arm-none-eabi/10.3.1/../../../../arm-none-eabi/lib/thumb/v7e-m+fp/hard\libg.a(lib_a-freer.o)
                0x08004a5c                _malloc_trim_r
 .text._free_r  0x08004afc      0x20c f:/102021~1.10/bin/../lib/gcc/arm-none-eabi/10.3.1/../../../../arm-none-eabi/lib/thumb/v7e-m+fp/hard\libg.a(lib_a-freer.o)
                0x08004afc                _free_r
 .text._fwalk_reent
                0x08004d08       0x48 f:/102021~1.10/bin/../lib/gcc/arm-none-eabi/10.3.1/../../../../arm-none-eabi/lib/thumb/v7e-m+fp/hard\libg.a(lib_a-fwalk.o)
                0x08004d08                _fwalk_reent
 .text.__retarget_lock_init_recursive
                0x08004d50        0x4 f:/102021~1.10/bin/../lib/gcc/arm-none-eabi/10.3.1/../../../../arm-none-eabi/lib/thumb/v7e-m+fp/hard\libg.a(lib_a-lock.o)
                0x08004d50                __retarget_lock_init_recursive
 .text.__retarget_lock_close_recursive
                0x08004d54        0x4 f:/102021~1.10/bin/../lib/gcc/arm-none-eabi/10.3.1/../../../../arm-none-eabi/lib/thumb/v7e-m+fp/hard\libg.a(lib_a-lock.o)
                0x08004d54                __retarget_lock_close_recursive
 .text.__retarget_lock_acquire_recursive
                0x08004d58        0x4 f:/102021~1.10/bin/../lib/gcc/arm-none-eabi/10.3.1/../../../../arm-none-eabi/lib/thumb/v7e-m+fp/hard\libg.a(lib_a-lock.o)
                0x08004d58                __retarget_lock_acquire_recursive
 .text.__retarget_lock_release_recursive
                0x08004d5c        0x4 f:/102021~1.10/bin/../lib/gcc/arm-none-eabi/10.3.1/../../../../arm-none-eabi/lib/thumb/v7e-m+fp/hard\libg.a(lib_a-lock.o)
                0x08004d5c                __retarget_lock_release_recursive
 .text.__swhatbuf_r
                0x08004d60       0x60 f:/102021~1.10/bin/../lib/gcc/arm-none-eabi/10.3.1/../../../../arm-none-eabi/lib/thumb/v7e-m+fp/hard\libg.a(lib_a-makebuf.o)
                0x08004d60                __swhatbuf_r
 .text.malloc   0x08004dc0       0x10 f:/102021~1.10/bin/../lib/gcc/arm-none-eabi/10.3.1/../../../../arm-none-eabi/lib/thumb/v7e-m+fp/hard\libg.a(lib_a-malloc.o)
                0x08004dc0                malloc
 .text._malloc_r
                0x08004dd0      0x560 f:/102021~1.10/bin/../lib/gcc/arm-none-eabi/10.3.1/../../../../arm-none-eabi/lib/thumb/v7e-m+fp/hard\libg.a(lib_a-mallocr.o)
                0x08004dd0                _malloc_r
 .text.__malloc_lock
                0x08005330        0xc f:/102021~1.10/bin/../lib/gcc/arm-none-eabi/10.3.1/../../../../arm-none-eabi/lib/thumb/v7e-m+fp/hard\libg.a(lib_a-mlock.o)
                0x08005330                __malloc_lock
 .text.__malloc_unlock
                0x0800533c        0xc f:/102021~1.10/bin/../lib/gcc/arm-none-eabi/10.3.1/../../../../arm-none-eabi/lib/thumb/v7e-m+fp/hard\libg.a(lib_a-mlock.o)
                0x0800533c                __malloc_unlock
 .text._sbrk_r  0x08005348       0x24 f:/102021~1.10/bin/../lib/gcc/arm-none-eabi/10.3.1/../../../../arm-none-eabi/lib/thumb/v7e-m+fp/hard\libg.a(lib_a-sbrkr.o)
                0x08005348                _sbrk_r
 .text.__sread  0x0800536c       0x24 f:/102021~1.10/bin/../lib/gcc/arm-none-eabi/10.3.1/../../../../arm-none-eabi/lib/thumb/v7e-m+fp/hard\libg.a(lib_a-stdio.o)
                0x0800536c                __sread
 .text.__swrite
                0x08005390       0x40 f:/102021~1.10/bin/../lib/gcc/arm-none-eabi/10.3.1/../../../../arm-none-eabi/lib/thumb/v7e-m+fp/hard\libg.a(lib_a-stdio.o)
                0x08005390                __swrite
 .text.__sseek  0x080053d0       0x20 f:/102021~1.10/bin/../lib/gcc/arm-none-eabi/10.3.1/../../../../arm-none-eabi/lib/thumb/v7e-m+fp/hard\libg.a(lib_a-stdio.o)
                0x080053d0                __sseek
 .text.__sclose
                0x080053f0        0x8 f:/102021~1.10/bin/../lib/gcc/arm-none-eabi/10.3.1/../../../../arm-none-eabi/lib/thumb/v7e-m+fp/hard\libg.a(lib_a-stdio.o)
                0x080053f0                __sclose
 .text._write_r
                0x080053f8       0x2c f:/102021~1.10/bin/../lib/gcc/arm-none-eabi/10.3.1/../../../../arm-none-eabi/lib/thumb/v7e-m+fp/hard\libg.a(lib_a-writer.o)
                0x080053f8                _write_r
 .text.__register_exitproc
                0x08005424       0x8c f:/102021~1.10/bin/../lib/gcc/arm-none-eabi/10.3.1/../../../../arm-none-eabi/lib/thumb/v7e-m+fp/hard\libg.a(lib_a-__atexit.o)
                0x08005424                __register_exitproc
 .text._close_r
                0x080054b0       0x24 f:/102021~1.10/bin/../lib/gcc/arm-none-eabi/10.3.1/../../../../arm-none-eabi/lib/thumb/v7e-m+fp/hard\libg.a(lib_a-closer.o)
                0x080054b0                _close_r
 .text._fclose_r
                0x080054d4       0xcc f:/102021~1.10/bin/../lib/gcc/arm-none-eabi/10.3.1/../../../../arm-none-eabi/lib/thumb/v7e-m+fp/hard\libg.a(lib_a-fclose.o)
                0x080054d4                _fclose_r
 .text._fstat_r
                0x080055a0       0x2c f:/102021~1.10/bin/../lib/gcc/arm-none-eabi/10.3.1/../../../../arm-none-eabi/lib/thumb/v7e-m+fp/hard\libg.a(lib_a-fstatr.o)
                0x080055a0                _fstat_r
 .text._lseek_r
                0x080055cc       0x2c f:/102021~1.10/bin/../lib/gcc/arm-none-eabi/10.3.1/../../../../arm-none-eabi/lib/thumb/v7e-m+fp/hard\libg.a(lib_a-lseekr.o)
                0x080055cc                _lseek_r
 .text._read_r  0x080055f8       0x2c f:/102021~1.10/bin/../lib/gcc/arm-none-eabi/10.3.1/../../../../arm-none-eabi/lib/thumb/v7e-m+fp/hard\libg.a(lib_a-readr.o)
                0x080055f8                _read_r
 *(.glue_7)
 .glue_7        0x08005624        0x0 linker stubs
 *(.glue_7t)
 .glue_7t       0x08005624        0x0 linker stubs
 *(.eh_frame)
 .eh_frame      0x08005624        0x0 f:/102021~1.10/bin/../lib/gcc/arm-none-eabi/10.3.1/thumb/v7e-m+fp/hard/crtbegin.o
 *(.init)
 .init          0x08005624        0x4 f:/102021~1.10/bin/../lib/gcc/arm-none-eabi/10.3.1/thumb/v7e-m+fp/hard/crti.o
                0x08005624                _init
 .init          0x08005628        0x8 f:/102021~1.10/bin/../lib/gcc/arm-none-eabi/10.3.1/thumb/v7e-m+fp/hard/crtn.o
 *(.fini)
 .fini          0x08005630        0x4 f:/102021~1.10/bin/../lib/gcc/arm-none-eabi/10.3.1/thumb/v7e-m+fp/hard/crti.o
                0x08005630                _fini
 .fini          0x08005634        0x8 f:/102021~1.10/bin/../lib/gcc/arm-none-eabi/10.3.1/thumb/v7e-m+fp/hard/crtn.o
                0x0800563c                . = ALIGN (0x4)
                0x0800563c                _etext = .

.vfp11_veneer   0x0800563c        0x0
 .vfp11_veneer  0x0800563c        0x0 linker stubs

.v4_bx          0x0800563c        0x0
 .v4_bx         0x0800563c        0x0 linker stubs

.iplt           0x0800563c        0x0
 .iplt          0x0800563c        0x0 f:/102021~1.10/bin/../lib/gcc/arm-none-eabi/10.3.1/thumb/v7e-m+fp/hard/crtbegin.o

.rodata         0x0800563c       0x7c
                0x0800563c                . = ALIGN (0x4)
 *(.rodata)
 .rodata        0x0800563c       0x38 CMakeFiles/R1_demo.elf.dir/Core/Src/freertos.c.obj
 *(.rodata*)
 .rodata.str1.4
                0x08005674       0x12 CMakeFiles/R1_demo.elf.dir/Core/Src/freertos.c.obj
 *fill*         0x08005686        0x2 
 .rodata.tail   0x08005688        0x4 CMakeFiles/R1_demo.elf.dir/Core/Src/hs.c.obj
                0x08005688                tail
 .rodata.AHBPrescTable
                0x0800568c       0x10 CMakeFiles/R1_demo.elf.dir/Core/Src/system_stm32f4xx.c.obj
                0x0800568c                AHBPrescTable
 .rodata.APBPrescTable
                0x0800569c        0x8 CMakeFiles/R1_demo.elf.dir/Core/Src/system_stm32f4xx.c.obj
                0x0800569c                APBPrescTable
 .rodata.flagBitshiftOffset.0
                0x080056a4        0x8 CMakeFiles/R1_demo.elf.dir/Drivers/STM32F4xx_HAL_Driver/Src/stm32f4xx_hal_dma.c.obj
 .rodata.vTaskStartScheduler.str1.4
                0x080056ac        0x5 CMakeFiles/R1_demo.elf.dir/Middlewares/Third_Party/FreeRTOS/Source/tasks.c.obj
 *fill*         0x080056b1        0x3 
 .rodata._global_impure_ptr
                0x080056b4        0x4 f:/102021~1.10/bin/../lib/gcc/arm-none-eabi/10.3.1/../../../../arm-none-eabi/lib/thumb/v7e-m+fp/hard\libg.a(lib_a-impure.o)
                0x080056b4                _global_impure_ptr
                0x080056b8                . = ALIGN (0x4)

.ARM.extab      0x080056b8        0x0
                0x080056b8                . = ALIGN (0x4)
 *(.ARM.extab* .gnu.linkonce.armextab.*)
                0x080056b8                . = ALIGN (0x4)

.ARM            0x080056b8        0x8
                0x080056b8                . = ALIGN (0x4)
                0x080056b8                __exidx_start = .
 *(.ARM.exidx*)
 .ARM.exidx     0x080056b8        0x8 f:/102021~1.10/bin/../lib/gcc/arm-none-eabi/10.3.1/thumb/v7e-m+fp/hard\libgcc.a(_udivmoddi4.o)
                0x080056c0                __exidx_end = .
                0x080056c0                . = ALIGN (0x4)

.rel.dyn        0x080056c0        0x0
 .rel.iplt      0x080056c0        0x0 f:/102021~1.10/bin/../lib/gcc/arm-none-eabi/10.3.1/thumb/v7e-m+fp/hard/crtbegin.o

.preinit_array  0x080056c0        0x0
                0x080056c0                . = ALIGN (0x4)
                0x080056c0                PROVIDE (__preinit_array_start = .)
 *(.preinit_array*)
                0x080056c0                PROVIDE (__preinit_array_end = .)
                0x080056c0                . = ALIGN (0x4)

.init_array     0x080056c0        0x8
                0x080056c0                . = ALIGN (0x4)
                0x080056c0                PROVIDE (__init_array_start = .)
 *(SORT_BY_NAME(.init_array.*))
 .init_array.00000
                0x080056c0        0x4 f:/102021~1.10/bin/../lib/gcc/arm-none-eabi/10.3.1/../../../../arm-none-eabi/lib/thumb/v7e-m+fp/hard\libg.a(lib_a-__call_atexit.o)
 *(.init_array*)
 .init_array    0x080056c4        0x4 f:/102021~1.10/bin/../lib/gcc/arm-none-eabi/10.3.1/thumb/v7e-m+fp/hard/crtbegin.o
                0x080056c8                PROVIDE (__init_array_end = .)
                0x080056c8                . = ALIGN (0x4)

.fini_array     0x080056c8        0x4
                0x080056c8                . = ALIGN (0x4)
                0x080056c8                PROVIDE (__fini_array_start = .)
 *(SORT_BY_NAME(.fini_array.*))
 *(.fini_array*)
 .fini_array    0x080056c8        0x4 f:/102021~1.10/bin/../lib/gcc/arm-none-eabi/10.3.1/thumb/v7e-m+fp/hard/crtbegin.o
                0x080056cc                PROVIDE (__fini_array_end = .)
                0x080056cc                . = ALIGN (0x4)
                0x080056cc                _sidata = LOADADDR (.data)

.data           0x20000000      0x8c4 load address 0x080056cc
                0x20000000                . = ALIGN (0x4)
                0x20000000                _sdata = .
 *(.data)
 *(.data*)
 .data.pid1     0x20000000       0x38 CMakeFiles/R1_demo.elf.dir/Core/Src/motor.c.obj
                0x20000000                pid1
 .data.pid2     0x20000038       0x38 CMakeFiles/R1_demo.elf.dir/Core/Src/motor.c.obj
                0x20000038                pid2
 .data.SystemCoreClock
                0x20000070        0x4 CMakeFiles/R1_demo.elf.dir/Core/Src/system_stm32f4xx.c.obj
                0x20000070                SystemCoreClock
 .data.uwTickFreq
                0x20000074        0x1 CMakeFiles/R1_demo.elf.dir/Drivers/STM32F4xx_HAL_Driver/Src/stm32f4xx_hal.c.obj
                0x20000074                uwTickFreq
 *fill*         0x20000075        0x3 
 .data.uwTickPrio
                0x20000078        0x4 CMakeFiles/R1_demo.elf.dir/Drivers/STM32F4xx_HAL_Driver/Src/stm32f4xx_hal.c.obj
                0x20000078                uwTickPrio
 .data.uxCriticalNesting
                0x2000007c        0x4 CMakeFiles/R1_demo.elf.dir/Middlewares/Third_Party/FreeRTOS/Source/portable/GCC/ARM_CM4F/port.c.obj
 .data._impure_ptr
                0x20000080        0x4 f:/102021~1.10/bin/../lib/gcc/arm-none-eabi/10.3.1/../../../../arm-none-eabi/lib/thumb/v7e-m+fp/hard\libg.a(lib_a-impure.o)
                0x20000080                _impure_ptr
 *fill*         0x20000084        0x4 
 .data.impure_data
                0x20000088      0x428 f:/102021~1.10/bin/../lib/gcc/arm-none-eabi/10.3.1/../../../../arm-none-eabi/lib/thumb/v7e-m+fp/hard\libg.a(lib_a-impure.o)
 .data.__atexit_recursive_mutex
                0x200004b0        0x4 f:/102021~1.10/bin/../lib/gcc/arm-none-eabi/10.3.1/../../../../arm-none-eabi/lib/thumb/v7e-m+fp/hard\libg.a(lib_a-__call_atexit.o)
                0x200004b0                __atexit_recursive_mutex
 .data.__malloc_av_
                0x200004b4      0x408 f:/102021~1.10/bin/../lib/gcc/arm-none-eabi/10.3.1/../../../../arm-none-eabi/lib/thumb/v7e-m+fp/hard\libg.a(lib_a-mallocr.o)
                0x200004b4                __malloc_av_
 .data.__malloc_sbrk_base
                0x200008bc        0x4 f:/102021~1.10/bin/../lib/gcc/arm-none-eabi/10.3.1/../../../../arm-none-eabi/lib/thumb/v7e-m+fp/hard\libg.a(lib_a-mallocr.o)
                0x200008bc                __malloc_sbrk_base
 .data.__malloc_trim_threshold
                0x200008c0        0x4 f:/102021~1.10/bin/../lib/gcc/arm-none-eabi/10.3.1/../../../../arm-none-eabi/lib/thumb/v7e-m+fp/hard\libg.a(lib_a-mallocr.o)
                0x200008c0                __malloc_trim_threshold
 *(.RamFunc)
 *(.RamFunc*)
                0x200008c4                . = ALIGN (0x4)
                0x200008c4                _edata = .
                0x08005f90                _siccmram = LOADADDR (.ccmram)

.igot.plt       0x200008c4        0x0 load address 0x08005f90
 .igot.plt      0x200008c4        0x0 f:/102021~1.10/bin/../lib/gcc/arm-none-eabi/10.3.1/thumb/v7e-m+fp/hard/crtbegin.o

.ccmram         0x10000000        0x0 load address 0x08005f90
                0x10000000                . = ALIGN (0x4)
                0x10000000                _sccmram = .
 *(.ccmram)
 *(.ccmram*)
                0x10000000                . = ALIGN (0x4)
                0x10000000                _eccmram = .
                0x10000000                . = ALIGN (0x4)

.bss            0x200008c8     0x4218
                0x200008c8                _sbss = .
                0x200008c8                __bss_start__ = _sbss
 *(.bss)
 .bss           0x200008c8       0x1c f:/102021~1.10/bin/../lib/gcc/arm-none-eabi/10.3.1/thumb/v7e-m+fp/hard/crtbegin.o
 *(.bss*)
 .bss.RxHeader  0x200008e4       0x1c CMakeFiles/R1_demo.elf.dir/Core/Src/can.c.obj
                0x200008e4                RxHeader
 .bss.TxHeader  0x20000900       0x18 CMakeFiles/R1_demo.elf.dir/Core/Src/can.c.obj
                0x20000900                TxHeader
 .bss.hcan1     0x20000918       0x28 CMakeFiles/R1_demo.elf.dir/Core/Src/can.c.obj
                0x20000918                hcan1
 .bss.DEBUGHandle
                0x20000940        0x4 CMakeFiles/R1_demo.elf.dir/Core/Src/freertos.c.obj
                0x20000940                DEBUGHandle
 .bss.defaultTaskHandle
                0x20000944        0x4 CMakeFiles/R1_demo.elf.dir/Core/Src/freertos.c.obj
                0x20000944                defaultTaskHandle
 .bss.xIdleStack
                0x20000948      0x200 CMakeFiles/R1_demo.elf.dir/Core/Src/freertos.c.obj
 .bss.xIdleTaskTCBBuffer
                0x20000b48       0x54 CMakeFiles/R1_demo.elf.dir/Core/Src/freertos.c.obj
 .bss.hiwdg     0x20000b9c        0xc CMakeFiles/R1_demo.elf.dir/Core/Src/iwdg.c.obj
                0x20000b9c                hiwdg
 .bss.Can_Callback_Message
                0x20000ba8       0x1e CMakeFiles/R1_demo.elf.dir/Core/Src/main.c.obj
                0x20000ba8                Can_Callback_Message
 .bss.Sensor_Count
                0x20000bc6        0x2 CMakeFiles/R1_demo.elf.dir/Core/Src/main.c.obj
                0x20000bc6                Sensor_Count
 .bss.Sensor_Current
                0x20000bc8        0x2 CMakeFiles/R1_demo.elf.dir/Core/Src/main.c.obj
                0x20000bc8                Sensor_Current
 .bss.Sensor_Position
                0x20000bca        0x2 CMakeFiles/R1_demo.elf.dir/Core/Src/main.c.obj
                0x20000bca                Sensor_Position
 .bss.Sensor_Row
                0x20000bcc        0x2 CMakeFiles/R1_demo.elf.dir/Core/Src/main.c.obj
                0x20000bcc                Sensor_Row
 .bss.Sensor_Speed
                0x20000bce        0x2 CMakeFiles/R1_demo.elf.dir/Core/Src/main.c.obj
                0x20000bce                Sensor_Speed
 .bss.general_time
                0x20000bd0        0x8 CMakeFiles/R1_demo.elf.dir/Core/Src/main.c.obj
                0x20000bd0                general_time
 .bss.global_flag
                0x20000bd8        0x1 CMakeFiles/R1_demo.elf.dir/Core/Src/main.c.obj
                0x20000bd8                global_flag
 *fill*         0x20000bd9        0x1 
 .bss.last_Sensor_Count
                0x20000bda        0x2 CMakeFiles/R1_demo.elf.dir/Core/Src/main.c.obj
                0x20000bda                last_Sensor_Count
 .bss.EmeStop   0x20000bdc        0x2 CMakeFiles/R1_demo.elf.dir/Core/Src/motor.c.obj
                0x20000bdc                EmeStop
 .bss.Stop_Count
                0x20000bde        0x2 CMakeFiles/R1_demo.elf.dir/Core/Src/motor.c.obj
                0x20000bde                Stop_Count
 .bss.output    0x20000be0        0x2 CMakeFiles/R1_demo.elf.dir/Core/Src/motor.c.obj
                0x20000be0                output
 *fill*         0x20000be2        0x2 
 .bss.txbuffer  0x20000be4        0x8 CMakeFiles/R1_demo.elf.dir/Core/Src/motor.c.obj
                0x20000be4                txbuffer
 .bss.gHuart    0x20000bec        0x4 CMakeFiles/R1_demo.elf.dir/Core/Src/retarget.c.obj
                0x20000bec                gHuart
 .bss.__sbrk_heap_end
                0x20000bf0        0x4 CMakeFiles/R1_demo.elf.dir/Core/Src/sysmem.c.obj
 .bss.htim3     0x20000bf4       0x48 CMakeFiles/R1_demo.elf.dir/Core/Src/tim.c.obj
                0x20000bf4                htim3
 .bss.hdma_usart1_rx
                0x20000c3c       0x60 CMakeFiles/R1_demo.elf.dir/Core/Src/usart.c.obj
                0x20000c3c                hdma_usart1_rx
 .bss.hdma_usart1_tx
                0x20000c9c       0x60 CMakeFiles/R1_demo.elf.dir/Core/Src/usart.c.obj
                0x20000c9c                hdma_usart1_tx
 .bss.huart1    0x20000cfc       0x44 CMakeFiles/R1_demo.elf.dir/Core/Src/usart.c.obj
                0x20000cfc                huart1
 .bss.uwTick    0x20000d40        0x4 CMakeFiles/R1_demo.elf.dir/Drivers/STM32F4xx_HAL_Driver/Src/stm32f4xx_hal.c.obj
                0x20000d40                uwTick
 .bss.ucMaxSysCallPriority
                0x20000d44        0x1 CMakeFiles/R1_demo.elf.dir/Middlewares/Third_Party/FreeRTOS/Source/portable/GCC/ARM_CM4F/port.c.obj
 *fill*         0x20000d45        0x3 
 .bss.ulMaxPRIGROUPValue
                0x20000d48        0x4 CMakeFiles/R1_demo.elf.dir/Middlewares/Third_Party/FreeRTOS/Source/portable/GCC/ARM_CM4F/port.c.obj
 .bss.pxEnd     0x20000d4c        0x4 CMakeFiles/R1_demo.elf.dir/Middlewares/Third_Party/FreeRTOS/Source/portable/MemMang/heap_4.c.obj
 .bss.ucHeap    0x20000d50     0x3c00 CMakeFiles/R1_demo.elf.dir/Middlewares/Third_Party/FreeRTOS/Source/portable/MemMang/heap_4.c.obj
 .bss.xBlockAllocatedBit
                0x20004950        0x4 CMakeFiles/R1_demo.elf.dir/Middlewares/Third_Party/FreeRTOS/Source/portable/MemMang/heap_4.c.obj
 .bss.xFreeBytesRemaining
                0x20004954        0x4 CMakeFiles/R1_demo.elf.dir/Middlewares/Third_Party/FreeRTOS/Source/portable/MemMang/heap_4.c.obj
 .bss.xMinimumEverFreeBytesRemaining
                0x20004958        0x4 CMakeFiles/R1_demo.elf.dir/Middlewares/Third_Party/FreeRTOS/Source/portable/MemMang/heap_4.c.obj
 .bss.xNumberOfSuccessfulAllocations
                0x2000495c        0x4 CMakeFiles/R1_demo.elf.dir/Middlewares/Third_Party/FreeRTOS/Source/portable/MemMang/heap_4.c.obj
 .bss.xNumberOfSuccessfulFrees
                0x20004960        0x4 CMakeFiles/R1_demo.elf.dir/Middlewares/Third_Party/FreeRTOS/Source/portable/MemMang/heap_4.c.obj
 .bss.xStart    0x20004964        0x8 CMakeFiles/R1_demo.elf.dir/Middlewares/Third_Party/FreeRTOS/Source/portable/MemMang/heap_4.c.obj
 .bss.pxCurrentTCB
                0x2000496c        0x4 CMakeFiles/R1_demo.elf.dir/Middlewares/Third_Party/FreeRTOS/Source/tasks.c.obj
                0x2000496c                pxCurrentTCB
 .bss.pxDelayedTaskList
                0x20004970        0x4 CMakeFiles/R1_demo.elf.dir/Middlewares/Third_Party/FreeRTOS/Source/tasks.c.obj
 .bss.pxOverflowDelayedTaskList
                0x20004974        0x4 CMakeFiles/R1_demo.elf.dir/Middlewares/Third_Party/FreeRTOS/Source/tasks.c.obj
 .bss.pxReadyTasksLists
                0x20004978       0x8c CMakeFiles/R1_demo.elf.dir/Middlewares/Third_Party/FreeRTOS/Source/tasks.c.obj
 .bss.uxCurrentNumberOfTasks
                0x20004a04        0x4 CMakeFiles/R1_demo.elf.dir/Middlewares/Third_Party/FreeRTOS/Source/tasks.c.obj
 .bss.uxDeletedTasksWaitingCleanUp
                0x20004a08        0x4 CMakeFiles/R1_demo.elf.dir/Middlewares/Third_Party/FreeRTOS/Source/tasks.c.obj
 .bss.uxSchedulerSuspended
                0x20004a0c        0x4 CMakeFiles/R1_demo.elf.dir/Middlewares/Third_Party/FreeRTOS/Source/tasks.c.obj
 .bss.uxTaskNumber
                0x20004a10        0x4 CMakeFiles/R1_demo.elf.dir/Middlewares/Third_Party/FreeRTOS/Source/tasks.c.obj
 .bss.uxTopReadyPriority
                0x20004a14        0x4 CMakeFiles/R1_demo.elf.dir/Middlewares/Third_Party/FreeRTOS/Source/tasks.c.obj
 .bss.xDelayedTaskList1
                0x20004a18       0x14 CMakeFiles/R1_demo.elf.dir/Middlewares/Third_Party/FreeRTOS/Source/tasks.c.obj
 .bss.xDelayedTaskList2
                0x20004a2c       0x14 CMakeFiles/R1_demo.elf.dir/Middlewares/Third_Party/FreeRTOS/Source/tasks.c.obj
 .bss.xIdleTaskHandle
                0x20004a40        0x4 CMakeFiles/R1_demo.elf.dir/Middlewares/Third_Party/FreeRTOS/Source/tasks.c.obj
 .bss.xNextTaskUnblockTime
                0x20004a44        0x4 CMakeFiles/R1_demo.elf.dir/Middlewares/Third_Party/FreeRTOS/Source/tasks.c.obj
 .bss.xNumOfOverflows
                0x20004a48        0x4 CMakeFiles/R1_demo.elf.dir/Middlewares/Third_Party/FreeRTOS/Source/tasks.c.obj
 .bss.xPendedTicks
                0x20004a4c        0x4 CMakeFiles/R1_demo.elf.dir/Middlewares/Third_Party/FreeRTOS/Source/tasks.c.obj
 .bss.xPendingReadyList
                0x20004a50       0x14 CMakeFiles/R1_demo.elf.dir/Middlewares/Third_Party/FreeRTOS/Source/tasks.c.obj
 .bss.xSchedulerRunning
                0x20004a64        0x4 CMakeFiles/R1_demo.elf.dir/Middlewares/Third_Party/FreeRTOS/Source/tasks.c.obj
 .bss.xSuspendedTaskList
                0x20004a68       0x14 CMakeFiles/R1_demo.elf.dir/Middlewares/Third_Party/FreeRTOS/Source/tasks.c.obj
 .bss.xTasksWaitingTermination
                0x20004a7c       0x14 CMakeFiles/R1_demo.elf.dir/Middlewares/Third_Party/FreeRTOS/Source/tasks.c.obj
 .bss.xTickCount
                0x20004a90        0x4 CMakeFiles/R1_demo.elf.dir/Middlewares/Third_Party/FreeRTOS/Source/tasks.c.obj
 .bss.xYieldPending
                0x20004a94        0x4 CMakeFiles/R1_demo.elf.dir/Middlewares/Third_Party/FreeRTOS/Source/tasks.c.obj
 .bss.__lock___atexit_recursive_mutex
                0x20004a98        0x1 f:/102021~1.10/bin/../lib/gcc/arm-none-eabi/10.3.1/../../../../arm-none-eabi/lib/thumb/v7e-m+fp/hard\libg.a(lib_a-lock.o)
                0x20004a98                __lock___atexit_recursive_mutex
 *fill*         0x20004a99        0x3 
 .bss.__lock___malloc_recursive_mutex
                0x20004a9c        0x1 f:/102021~1.10/bin/../lib/gcc/arm-none-eabi/10.3.1/../../../../arm-none-eabi/lib/thumb/v7e-m+fp/hard\libg.a(lib_a-lock.o)
                0x20004a9c                __lock___malloc_recursive_mutex
 *fill*         0x20004a9d        0x3 
 .bss.__lock___sfp_recursive_mutex
                0x20004aa0        0x1 f:/102021~1.10/bin/../lib/gcc/arm-none-eabi/10.3.1/../../../../arm-none-eabi/lib/thumb/v7e-m+fp/hard\libg.a(lib_a-lock.o)
                0x20004aa0                __lock___sfp_recursive_mutex
 *fill*         0x20004aa1        0x3 
 .bss.__lock___sinit_recursive_mutex
                0x20004aa4        0x1 f:/102021~1.10/bin/../lib/gcc/arm-none-eabi/10.3.1/../../../../arm-none-eabi/lib/thumb/v7e-m+fp/hard\libg.a(lib_a-lock.o)
                0x20004aa4                __lock___sinit_recursive_mutex
 *fill*         0x20004aa5        0x3 
 .bss.__malloc_current_mallinfo
                0x20004aa8       0x28 f:/102021~1.10/bin/../lib/gcc/arm-none-eabi/10.3.1/../../../../arm-none-eabi/lib/thumb/v7e-m+fp/hard\libg.a(lib_a-mallocr.o)
                0x20004aa8                __malloc_current_mallinfo
 .bss.__malloc_max_sbrked_mem
                0x20004ad0        0x4 f:/102021~1.10/bin/../lib/gcc/arm-none-eabi/10.3.1/../../../../arm-none-eabi/lib/thumb/v7e-m+fp/hard\libg.a(lib_a-mallocr.o)
                0x20004ad0                __malloc_max_sbrked_mem
 .bss.__malloc_max_total_mem
                0x20004ad4        0x4 f:/102021~1.10/bin/../lib/gcc/arm-none-eabi/10.3.1/../../../../arm-none-eabi/lib/thumb/v7e-m+fp/hard\libg.a(lib_a-mallocr.o)
                0x20004ad4                __malloc_max_total_mem
 .bss.__malloc_top_pad
                0x20004ad8        0x4 f:/102021~1.10/bin/../lib/gcc/arm-none-eabi/10.3.1/../../../../arm-none-eabi/lib/thumb/v7e-m+fp/hard\libg.a(lib_a-mallocr.o)
                0x20004ad8                __malloc_top_pad
 .bss.errno     0x20004adc        0x4 f:/102021~1.10/bin/../lib/gcc/arm-none-eabi/10.3.1/../../../../arm-none-eabi/lib/thumb/v7e-m+fp/hard\libg.a(lib_a-reent.o)
                0x20004adc                errno
 *(COMMON)
                0x20004ae0                . = ALIGN (0x4)
                0x20004ae0                _ebss = .
                0x20004ae0                __bss_end__ = _ebss

._user_heap_stack
                0x20004ae0      0x600
                0x20004ae0                . = ALIGN (0x8)
                [!provide]                PROVIDE (end = .)
                0x20004ae0                PROVIDE (_end = .)
                0x20004ce0                . = (. + _Min_Heap_Size)
 *fill*         0x20004ae0      0x200 
                0x200050e0                . = (. + _Min_Stack_Size)
 *fill*         0x20004ce0      0x400 
                0x200050e0                . = ALIGN (0x8)

/DISCARD/
 libc.a(*)
 libm.a(*)
 libgcc.a(*)

.ARM.attributes
                0x00000000       0x30
 *(.ARM.attributes)
 .ARM.attributes
                0x00000000       0x1e f:/102021~1.10/bin/../lib/gcc/arm-none-eabi/10.3.1/thumb/v7e-m+fp/hard/crti.o
 .ARM.attributes
                0x0000001e       0x34 f:/102021~1.10/bin/../lib/gcc/arm-none-eabi/10.3.1/thumb/v7e-m+fp/hard/crtbegin.o
 .ARM.attributes
                0x00000052       0x34 CMakeFiles/R1_demo.elf.dir/Core/Src/can.c.obj
 .ARM.attributes
                0x00000086       0x34 CMakeFiles/R1_demo.elf.dir/Core/Src/can_start.c.obj
 .ARM.attributes
                0x000000ba       0x34 CMakeFiles/R1_demo.elf.dir/Core/Src/dma.c.obj
 .ARM.attributes
                0x000000ee       0x34 CMakeFiles/R1_demo.elf.dir/Core/Src/freertos.c.obj
 .ARM.attributes
                0x00000122       0x34 CMakeFiles/R1_demo.elf.dir/Core/Src/gpio.c.obj
 .ARM.attributes
                0x00000156       0x34 CMakeFiles/R1_demo.elf.dir/Core/Src/hs.c.obj
 .ARM.attributes
                0x0000018a       0x34 CMakeFiles/R1_demo.elf.dir/Core/Src/iwdg.c.obj
 .ARM.attributes
                0x000001be       0x34 CMakeFiles/R1_demo.elf.dir/Core/Src/main.c.obj
 .ARM.attributes
                0x000001f2       0x34 CMakeFiles/R1_demo.elf.dir/Core/Src/motor.c.obj
 .ARM.attributes
                0x00000226       0x34 CMakeFiles/R1_demo.elf.dir/Core/Src/pid.c.obj
 .ARM.attributes
                0x0000025a       0x34 CMakeFiles/R1_demo.elf.dir/Core/Src/retarget.c.obj
 .ARM.attributes
                0x0000028e       0x34 CMakeFiles/R1_demo.elf.dir/Core/Src/selfcheak.c.obj
 .ARM.attributes
                0x000002c2       0x34 CMakeFiles/R1_demo.elf.dir/Core/Src/stm32f4xx_hal_msp.c.obj
 .ARM.attributes
                0x000002f6       0x34 CMakeFiles/R1_demo.elf.dir/Core/Src/stm32f4xx_it.c.obj
 .ARM.attributes
                0x0000032a       0x34 CMakeFiles/R1_demo.elf.dir/Core/Src/syscalls.c.obj
 .ARM.attributes
                0x0000035e       0x34 CMakeFiles/R1_demo.elf.dir/Core/Src/sysmem.c.obj
 .ARM.attributes
                0x00000392       0x34 CMakeFiles/R1_demo.elf.dir/Core/Src/system_stm32f4xx.c.obj
 .ARM.attributes
                0x000003c6       0x34 CMakeFiles/R1_demo.elf.dir/Core/Src/tim.c.obj
 .ARM.attributes
                0x000003fa       0x34 CMakeFiles/R1_demo.elf.dir/Core/Src/usart.c.obj
 .ARM.attributes
                0x0000042e       0x21 CMakeFiles/R1_demo.elf.dir/Core/Startup/startup_stm32f407zgtx.s.obj
 .ARM.attributes
                0x0000044f       0x34 CMakeFiles/R1_demo.elf.dir/Drivers/STM32F4xx_HAL_Driver/Src/stm32f4xx_hal.c.obj
 .ARM.attributes
                0x00000483       0x34 CMakeFiles/R1_demo.elf.dir/Drivers/STM32F4xx_HAL_Driver/Src/stm32f4xx_hal_can.c.obj
 .ARM.attributes
                0x000004b7       0x34 CMakeFiles/R1_demo.elf.dir/Drivers/STM32F4xx_HAL_Driver/Src/stm32f4xx_hal_cortex.c.obj
 .ARM.attributes
                0x000004eb       0x34 CMakeFiles/R1_demo.elf.dir/Drivers/STM32F4xx_HAL_Driver/Src/stm32f4xx_hal_dma.c.obj
 .ARM.attributes
                0x0000051f       0x34 CMakeFiles/R1_demo.elf.dir/Drivers/STM32F4xx_HAL_Driver/Src/stm32f4xx_hal_gpio.c.obj
 .ARM.attributes
                0x00000553       0x34 CMakeFiles/R1_demo.elf.dir/Drivers/STM32F4xx_HAL_Driver/Src/stm32f4xx_hal_iwdg.c.obj
 .ARM.attributes
                0x00000587       0x34 CMakeFiles/R1_demo.elf.dir/Drivers/STM32F4xx_HAL_Driver/Src/stm32f4xx_hal_rcc.c.obj
 .ARM.attributes
                0x000005bb       0x34 CMakeFiles/R1_demo.elf.dir/Drivers/STM32F4xx_HAL_Driver/Src/stm32f4xx_hal_tim.c.obj
 .ARM.attributes
                0x000005ef       0x34 CMakeFiles/R1_demo.elf.dir/Drivers/STM32F4xx_HAL_Driver/Src/stm32f4xx_hal_tim_ex.c.obj
 .ARM.attributes
                0x00000623       0x34 CMakeFiles/R1_demo.elf.dir/Drivers/STM32F4xx_HAL_Driver/Src/stm32f4xx_hal_uart.c.obj
 .ARM.attributes
                0x00000657       0x34 CMakeFiles/R1_demo.elf.dir/Middlewares/Third_Party/FreeRTOS/Source/CMSIS_RTOS/cmsis_os.c.obj
 .ARM.attributes
                0x0000068b       0x34 CMakeFiles/R1_demo.elf.dir/Middlewares/Third_Party/FreeRTOS/Source/list.c.obj
 .ARM.attributes
                0x000006bf       0x34 CMakeFiles/R1_demo.elf.dir/Middlewares/Third_Party/FreeRTOS/Source/portable/GCC/ARM_CM4F/port.c.obj
 .ARM.attributes
                0x000006f3       0x34 CMakeFiles/R1_demo.elf.dir/Middlewares/Third_Party/FreeRTOS/Source/portable/MemMang/heap_4.c.obj
 .ARM.attributes
                0x00000727       0x34 CMakeFiles/R1_demo.elf.dir/Middlewares/Third_Party/FreeRTOS/Source/tasks.c.obj
 .ARM.attributes
                0x0000075b       0x1e f:/102021~1.10/bin/../lib/gcc/arm-none-eabi/10.3.1/thumb/v7e-m+fp/hard\libgcc.a(_aeabi_uldivmod.o)
 .ARM.attributes
                0x00000779       0x34 f:/102021~1.10/bin/../lib/gcc/arm-none-eabi/10.3.1/thumb/v7e-m+fp/hard\libgcc.a(_udivmoddi4.o)
 .ARM.attributes
                0x000007ad       0x1e f:/102021~1.10/bin/../lib/gcc/arm-none-eabi/10.3.1/thumb/v7e-m+fp/hard\libgcc.a(_dvmd_tls.o)
 .ARM.attributes
                0x000007cb       0x34 f:/102021~1.10/bin/../lib/gcc/arm-none-eabi/10.3.1/../../../../arm-none-eabi/lib/thumb/v7e-m+fp/hard\libg.a(lib_a-errno.o)
 .ARM.attributes
                0x000007ff       0x34 f:/102021~1.10/bin/../lib/gcc/arm-none-eabi/10.3.1/../../../../arm-none-eabi/lib/thumb/v7e-m+fp/hard\libg.a(lib_a-impure.o)
 .ARM.attributes
                0x00000833       0x34 f:/102021~1.10/bin/../lib/gcc/arm-none-eabi/10.3.1/../../../../arm-none-eabi/lib/thumb/v7e-m+fp/hard\libg.a(lib_a-init.o)
 .ARM.attributes
                0x00000867       0x34 f:/102021~1.10/bin/../lib/gcc/arm-none-eabi/10.3.1/../../../../arm-none-eabi/lib/thumb/v7e-m+fp/hard\libg.a(lib_a-memset.o)
 .ARM.attributes
                0x0000089b       0x34 f:/102021~1.10/bin/../lib/gcc/arm-none-eabi/10.3.1/../../../../arm-none-eabi/lib/thumb/v7e-m+fp/hard\libg.a(lib_a-setvbuf.o)
 .ARM.attributes
                0x000008cf       0x34 f:/102021~1.10/bin/../lib/gcc/arm-none-eabi/10.3.1/../../../../arm-none-eabi/lib/thumb/v7e-m+fp/hard\libg.a(lib_a-__call_atexit.o)
 .ARM.attributes
                0x00000903       0x34 f:/102021~1.10/bin/../lib/gcc/arm-none-eabi/10.3.1/../../../../arm-none-eabi/lib/thumb/v7e-m+fp/hard\libg.a(lib_a-atexit.o)
 .ARM.attributes
                0x00000937       0x34 f:/102021~1.10/bin/../lib/gcc/arm-none-eabi/10.3.1/../../../../arm-none-eabi/lib/thumb/v7e-m+fp/hard\libg.a(lib_a-fflush.o)
 .ARM.attributes
                0x0000096b       0x34 f:/102021~1.10/bin/../lib/gcc/arm-none-eabi/10.3.1/../../../../arm-none-eabi/lib/thumb/v7e-m+fp/hard\libg.a(lib_a-findfp.o)
 .ARM.attributes
                0x0000099f       0x34 f:/102021~1.10/bin/../lib/gcc/arm-none-eabi/10.3.1/../../../../arm-none-eabi/lib/thumb/v7e-m+fp/hard\libg.a(lib_a-fini.o)
 .ARM.attributes
                0x000009d3       0x34 f:/102021~1.10/bin/../lib/gcc/arm-none-eabi/10.3.1/../../../../arm-none-eabi/lib/thumb/v7e-m+fp/hard\libg.a(lib_a-freer.o)
 .ARM.attributes
                0x00000a07       0x34 f:/102021~1.10/bin/../lib/gcc/arm-none-eabi/10.3.1/../../../../arm-none-eabi/lib/thumb/v7e-m+fp/hard\libg.a(lib_a-fwalk.o)
 .ARM.attributes
                0x00000a3b       0x34 f:/102021~1.10/bin/../lib/gcc/arm-none-eabi/10.3.1/../../../../arm-none-eabi/lib/thumb/v7e-m+fp/hard\libg.a(lib_a-lock.o)
 .ARM.attributes
                0x00000a6f       0x34 f:/102021~1.10/bin/../lib/gcc/arm-none-eabi/10.3.1/../../../../arm-none-eabi/lib/thumb/v7e-m+fp/hard\libg.a(lib_a-makebuf.o)
 .ARM.attributes
                0x00000aa3       0x34 f:/102021~1.10/bin/../lib/gcc/arm-none-eabi/10.3.1/../../../../arm-none-eabi/lib/thumb/v7e-m+fp/hard\libg.a(lib_a-malloc.o)
 .ARM.attributes
                0x00000ad7       0x34 f:/102021~1.10/bin/../lib/gcc/arm-none-eabi/10.3.1/../../../../arm-none-eabi/lib/thumb/v7e-m+fp/hard\libg.a(lib_a-mallocr.o)
 .ARM.attributes
                0x00000b0b       0x34 f:/102021~1.10/bin/../lib/gcc/arm-none-eabi/10.3.1/../../../../arm-none-eabi/lib/thumb/v7e-m+fp/hard\libg.a(lib_a-mlock.o)
 .ARM.attributes
                0x00000b3f       0x34 f:/102021~1.10/bin/../lib/gcc/arm-none-eabi/10.3.1/../../../../arm-none-eabi/lib/thumb/v7e-m+fp/hard\libg.a(lib_a-sbrkr.o)
 .ARM.attributes
                0x00000b73       0x34 f:/102021~1.10/bin/../lib/gcc/arm-none-eabi/10.3.1/../../../../arm-none-eabi/lib/thumb/v7e-m+fp/hard\libg.a(lib_a-stdio.o)
 .ARM.attributes
                0x00000ba7       0x34 f:/102021~1.10/bin/../lib/gcc/arm-none-eabi/10.3.1/../../../../arm-none-eabi/lib/thumb/v7e-m+fp/hard\libg.a(lib_a-writer.o)
 .ARM.attributes
                0x00000bdb       0x34 f:/102021~1.10/bin/../lib/gcc/arm-none-eabi/10.3.1/../../../../arm-none-eabi/lib/thumb/v7e-m+fp/hard\libg.a(lib_a-__atexit.o)
 .ARM.attributes
                0x00000c0f       0x34 f:/102021~1.10/bin/../lib/gcc/arm-none-eabi/10.3.1/../../../../arm-none-eabi/lib/thumb/v7e-m+fp/hard\libg.a(lib_a-closer.o)
 .ARM.attributes
                0x00000c43       0x34 f:/102021~1.10/bin/../lib/gcc/arm-none-eabi/10.3.1/../../../../arm-none-eabi/lib/thumb/v7e-m+fp/hard\libg.a(lib_a-fclose.o)
 .ARM.attributes
                0x00000c77       0x34 f:/102021~1.10/bin/../lib/gcc/arm-none-eabi/10.3.1/../../../../arm-none-eabi/lib/thumb/v7e-m+fp/hard\libg.a(lib_a-fstatr.o)
 .ARM.attributes
                0x00000cab       0x34 f:/102021~1.10/bin/../lib/gcc/arm-none-eabi/10.3.1/../../../../arm-none-eabi/lib/thumb/v7e-m+fp/hard\libg.a(lib_a-lseekr.o)
 .ARM.attributes
                0x00000cdf       0x34 f:/102021~1.10/bin/../lib/gcc/arm-none-eabi/10.3.1/../../../../arm-none-eabi/lib/thumb/v7e-m+fp/hard\libg.a(lib_a-readr.o)
 .ARM.attributes
                0x00000d13       0x34 f:/102021~1.10/bin/../lib/gcc/arm-none-eabi/10.3.1/../../../../arm-none-eabi/lib/thumb/v7e-m+fp/hard\libg.a(lib_a-reent.o)
 .ARM.attributes
                0x00000d47       0x1e f:/102021~1.10/bin/../lib/gcc/arm-none-eabi/10.3.1/thumb/v7e-m+fp/hard/crtn.o
OUTPUT(R1_demo.elf elf32-littlearm)
LOAD linker stubs
LOAD f:/102021~1.10/bin/../lib/gcc/arm-none-eabi/10.3.1/../../../../arm-none-eabi/lib/thumb/v7e-m+fp/hard\libc.a
LOAD f:/102021~1.10/bin/../lib/gcc/arm-none-eabi/10.3.1/../../../../arm-none-eabi/lib/thumb/v7e-m+fp/hard\libm.a
LOAD f:/102021~1.10/bin/../lib/gcc/arm-none-eabi/10.3.1/thumb/v7e-m+fp/hard\libgcc.a

.debug_info     0x00000000    0x1e929
 .debug_info    0x00000000      0xe9b CMakeFiles/R1_demo.elf.dir/Core/Src/can.c.obj
 .debug_info    0x00000e9b      0x615 CMakeFiles/R1_demo.elf.dir/Core/Src/can_start.c.obj
 .debug_info    0x000014b0      0x545 CMakeFiles/R1_demo.elf.dir/Core/Src/dma.c.obj
 .debug_info    0x000019f5      0xb01 CMakeFiles/R1_demo.elf.dir/Core/Src/freertos.c.obj
 .debug_info    0x000024f6      0x48e CMakeFiles/R1_demo.elf.dir/Core/Src/gpio.c.obj
 .debug_info    0x00002984      0x67b CMakeFiles/R1_demo.elf.dir/Core/Src/hs.c.obj
 .debug_info    0x00002fff      0x1e8 CMakeFiles/R1_demo.elf.dir/Core/Src/iwdg.c.obj
 .debug_info    0x000031e7     0x1dfb CMakeFiles/R1_demo.elf.dir/Core/Src/main.c.obj
 .debug_info    0x00004fe2      0x765 CMakeFiles/R1_demo.elf.dir/Core/Src/motor.c.obj
 .debug_info    0x00005747      0x1a9 CMakeFiles/R1_demo.elf.dir/Core/Src/pid.c.obj
 .debug_info    0x000058f0      0xfea CMakeFiles/R1_demo.elf.dir/Core/Src/retarget.c.obj
 .debug_info    0x000068da      0x1cb CMakeFiles/R1_demo.elf.dir/Core/Src/selfcheak.c.obj
 .debug_info    0x00006aa5      0x50d CMakeFiles/R1_demo.elf.dir/Core/Src/stm32f4xx_hal_msp.c.obj
 .debug_info    0x00006fb2      0xe94 CMakeFiles/R1_demo.elf.dir/Core/Src/stm32f4xx_it.c.obj
 .debug_info    0x00007e46      0x7af CMakeFiles/R1_demo.elf.dir/Core/Src/syscalls.c.obj
 .debug_info    0x000085f5      0x174 CMakeFiles/R1_demo.elf.dir/Core/Src/sysmem.c.obj
 .debug_info    0x00008769      0x538 CMakeFiles/R1_demo.elf.dir/Core/Src/system_stm32f4xx.c.obj
 .debug_info    0x00008ca1      0xe0a CMakeFiles/R1_demo.elf.dir/Core/Src/tim.c.obj
 .debug_info    0x00009aab      0xd0a CMakeFiles/R1_demo.elf.dir/Core/Src/usart.c.obj
 .debug_info    0x0000a7b5       0x22 CMakeFiles/R1_demo.elf.dir/Core/Startup/startup_stm32f407zgtx.s.obj
 .debug_info    0x0000a7d7      0x9f0 CMakeFiles/R1_demo.elf.dir/Drivers/STM32F4xx_HAL_Driver/Src/stm32f4xx_hal.c.obj
 .debug_info    0x0000b1c7     0x1269 CMakeFiles/R1_demo.elf.dir/Drivers/STM32F4xx_HAL_Driver/Src/stm32f4xx_hal_can.c.obj
 .debug_info    0x0000c430     0x1098 CMakeFiles/R1_demo.elf.dir/Drivers/STM32F4xx_HAL_Driver/Src/stm32f4xx_hal_cortex.c.obj
 .debug_info    0x0000d4c8      0xb3f CMakeFiles/R1_demo.elf.dir/Drivers/STM32F4xx_HAL_Driver/Src/stm32f4xx_hal_dma.c.obj
 .debug_info    0x0000e007      0x7b0 CMakeFiles/R1_demo.elf.dir/Drivers/STM32F4xx_HAL_Driver/Src/stm32f4xx_hal_gpio.c.obj
 .debug_info    0x0000e7b7      0x20c CMakeFiles/R1_demo.elf.dir/Drivers/STM32F4xx_HAL_Driver/Src/stm32f4xx_hal_iwdg.c.obj
 .debug_info    0x0000e9c3      0xb03 CMakeFiles/R1_demo.elf.dir/Drivers/STM32F4xx_HAL_Driver/Src/stm32f4xx_hal_rcc.c.obj
 .debug_info    0x0000f4c6     0x3d5b CMakeFiles/R1_demo.elf.dir/Drivers/STM32F4xx_HAL_Driver/Src/stm32f4xx_hal_tim.c.obj
 .debug_info    0x00013221     0x1ade CMakeFiles/R1_demo.elf.dir/Drivers/STM32F4xx_HAL_Driver/Src/stm32f4xx_hal_tim_ex.c.obj
 .debug_info    0x00014cff     0x424e CMakeFiles/R1_demo.elf.dir/Drivers/STM32F4xx_HAL_Driver/Src/stm32f4xx_hal_uart.c.obj
 .debug_info    0x00018f4d     0x222b CMakeFiles/R1_demo.elf.dir/Middlewares/Third_Party/FreeRTOS/Source/CMSIS_RTOS/cmsis_os.c.obj
 .debug_info    0x0001b178      0x2e0 CMakeFiles/R1_demo.elf.dir/Middlewares/Third_Party/FreeRTOS/Source/list.c.obj
 .debug_info    0x0001b458      0x587 CMakeFiles/R1_demo.elf.dir/Middlewares/Third_Party/FreeRTOS/Source/portable/GCC/ARM_CM4F/port.c.obj
 .debug_info    0x0001b9df      0x5d9 CMakeFiles/R1_demo.elf.dir/Middlewares/Third_Party/FreeRTOS/Source/portable/MemMang/heap_4.c.obj
 .debug_info    0x0001bfb8     0x2971 CMakeFiles/R1_demo.elf.dir/Middlewares/Third_Party/FreeRTOS/Source/tasks.c.obj

.debug_abbrev   0x00000000     0x431d
 .debug_abbrev  0x00000000      0x269 CMakeFiles/R1_demo.elf.dir/Core/Src/can.c.obj
 .debug_abbrev  0x00000269      0x1a6 CMakeFiles/R1_demo.elf.dir/Core/Src/can_start.c.obj
 .debug_abbrev  0x0000040f      0x126 CMakeFiles/R1_demo.elf.dir/Core/Src/dma.c.obj
 .debug_abbrev  0x00000535      0x20f CMakeFiles/R1_demo.elf.dir/Core/Src/freertos.c.obj
 .debug_abbrev  0x00000744      0x14e CMakeFiles/R1_demo.elf.dir/Core/Src/gpio.c.obj
 .debug_abbrev  0x00000892      0x1b7 CMakeFiles/R1_demo.elf.dir/Core/Src/hs.c.obj
 .debug_abbrev  0x00000a49      0x129 CMakeFiles/R1_demo.elf.dir/Core/Src/iwdg.c.obj
 .debug_abbrev  0x00000b72      0x338 CMakeFiles/R1_demo.elf.dir/Core/Src/main.c.obj
 .debug_abbrev  0x00000eaa      0x1c6 CMakeFiles/R1_demo.elf.dir/Core/Src/motor.c.obj
 .debug_abbrev  0x00001070       0xb8 CMakeFiles/R1_demo.elf.dir/Core/Src/pid.c.obj
 .debug_abbrev  0x00001128      0x2b4 CMakeFiles/R1_demo.elf.dir/Core/Src/retarget.c.obj
 .debug_abbrev  0x000013dc      0x100 CMakeFiles/R1_demo.elf.dir/Core/Src/selfcheak.c.obj
 .debug_abbrev  0x000014dc      0x119 CMakeFiles/R1_demo.elf.dir/Core/Src/stm32f4xx_hal_msp.c.obj
 .debug_abbrev  0x000015f5      0x1d5 CMakeFiles/R1_demo.elf.dir/Core/Src/stm32f4xx_it.c.obj
 .debug_abbrev  0x000017ca      0x1a3 CMakeFiles/R1_demo.elf.dir/Core/Src/syscalls.c.obj
 .debug_abbrev  0x0000196d       0xe7 CMakeFiles/R1_demo.elf.dir/Core/Src/sysmem.c.obj
 .debug_abbrev  0x00001a54      0x119 CMakeFiles/R1_demo.elf.dir/Core/Src/system_stm32f4xx.c.obj
 .debug_abbrev  0x00001b6d      0x1eb CMakeFiles/R1_demo.elf.dir/Core/Src/tim.c.obj
 .debug_abbrev  0x00001d58      0x1f6 CMakeFiles/R1_demo.elf.dir/Core/Src/usart.c.obj
 .debug_abbrev  0x00001f4e       0x12 CMakeFiles/R1_demo.elf.dir/Core/Startup/startup_stm32f407zgtx.s.obj
 .debug_abbrev  0x00001f60      0x206 CMakeFiles/R1_demo.elf.dir/Drivers/STM32F4xx_HAL_Driver/Src/stm32f4xx_hal.c.obj
 .debug_abbrev  0x00002166      0x267 CMakeFiles/R1_demo.elf.dir/Drivers/STM32F4xx_HAL_Driver/Src/stm32f4xx_hal_can.c.obj
 .debug_abbrev  0x000023cd      0x36a CMakeFiles/R1_demo.elf.dir/Drivers/STM32F4xx_HAL_Driver/Src/stm32f4xx_hal_cortex.c.obj
 .debug_abbrev  0x00002737      0x2c2 CMakeFiles/R1_demo.elf.dir/Drivers/STM32F4xx_HAL_Driver/Src/stm32f4xx_hal_dma.c.obj
 .debug_abbrev  0x000029f9      0x1ef CMakeFiles/R1_demo.elf.dir/Drivers/STM32F4xx_HAL_Driver/Src/stm32f4xx_hal_gpio.c.obj
 .debug_abbrev  0x00002be8      0x118 CMakeFiles/R1_demo.elf.dir/Drivers/STM32F4xx_HAL_Driver/Src/stm32f4xx_hal_iwdg.c.obj
 .debug_abbrev  0x00002d00      0x28a CMakeFiles/R1_demo.elf.dir/Drivers/STM32F4xx_HAL_Driver/Src/stm32f4xx_hal_rcc.c.obj
 .debug_abbrev  0x00002f8a      0x22b CMakeFiles/R1_demo.elf.dir/Drivers/STM32F4xx_HAL_Driver/Src/stm32f4xx_hal_tim.c.obj
 .debug_abbrev  0x000031b5      0x241 CMakeFiles/R1_demo.elf.dir/Drivers/STM32F4xx_HAL_Driver/Src/stm32f4xx_hal_tim_ex.c.obj
 .debug_abbrev  0x000033f6      0x2fd CMakeFiles/R1_demo.elf.dir/Drivers/STM32F4xx_HAL_Driver/Src/stm32f4xx_hal_uart.c.obj
 .debug_abbrev  0x000036f3      0x35b CMakeFiles/R1_demo.elf.dir/Middlewares/Third_Party/FreeRTOS/Source/CMSIS_RTOS/cmsis_os.c.obj
 .debug_abbrev  0x00003a4e      0x106 CMakeFiles/R1_demo.elf.dir/Middlewares/Third_Party/FreeRTOS/Source/list.c.obj
 .debug_abbrev  0x00003b54      0x26b CMakeFiles/R1_demo.elf.dir/Middlewares/Third_Party/FreeRTOS/Source/portable/GCC/ARM_CM4F/port.c.obj
 .debug_abbrev  0x00003dbf      0x24b CMakeFiles/R1_demo.elf.dir/Middlewares/Third_Party/FreeRTOS/Source/portable/MemMang/heap_4.c.obj
 .debug_abbrev  0x0000400a      0x313 CMakeFiles/R1_demo.elf.dir/Middlewares/Third_Party/FreeRTOS/Source/tasks.c.obj

.debug_loc      0x00000000    0x1288a
 .debug_loc     0x00000000      0x1a5 CMakeFiles/R1_demo.elf.dir/Core/Src/can.c.obj
 .debug_loc     0x000001a5       0x22 CMakeFiles/R1_demo.elf.dir/Core/Src/can_start.c.obj
 .debug_loc     0x000001c7       0x6d CMakeFiles/R1_demo.elf.dir/Core/Src/freertos.c.obj
 .debug_loc     0x00000234       0x6e CMakeFiles/R1_demo.elf.dir/Core/Src/hs.c.obj
 .debug_loc     0x000002a2       0x82 CMakeFiles/R1_demo.elf.dir/Core/Src/main.c.obj
 .debug_loc     0x00000324       0x77 CMakeFiles/R1_demo.elf.dir/Core/Src/motor.c.obj
 .debug_loc     0x0000039b       0x50 CMakeFiles/R1_demo.elf.dir/Core/Src/pid.c.obj
 .debug_loc     0x000003eb      0x212 CMakeFiles/R1_demo.elf.dir/Core/Src/retarget.c.obj
 .debug_loc     0x000005fd      0x3c5 CMakeFiles/R1_demo.elf.dir/Core/Src/syscalls.c.obj
 .debug_loc     0x000009c2       0x64 CMakeFiles/R1_demo.elf.dir/Core/Src/sysmem.c.obj
 .debug_loc     0x00000a26      0x158 CMakeFiles/R1_demo.elf.dir/Core/Src/system_stm32f4xx.c.obj
 .debug_loc     0x00000b7e       0xa9 CMakeFiles/R1_demo.elf.dir/Core/Src/tim.c.obj
 .debug_loc     0x00000c27       0x71 CMakeFiles/R1_demo.elf.dir/Core/Src/usart.c.obj
 .debug_loc     0x00000c98      0x141 CMakeFiles/R1_demo.elf.dir/Drivers/STM32F4xx_HAL_Driver/Src/stm32f4xx_hal.c.obj
 .debug_loc     0x00000dd9      0xde6 CMakeFiles/R1_demo.elf.dir/Drivers/STM32F4xx_HAL_Driver/Src/stm32f4xx_hal_can.c.obj
 .debug_loc     0x00001bbf      0x744 CMakeFiles/R1_demo.elf.dir/Drivers/STM32F4xx_HAL_Driver/Src/stm32f4xx_hal_cortex.c.obj
 .debug_loc     0x00002303      0xbf9 CMakeFiles/R1_demo.elf.dir/Drivers/STM32F4xx_HAL_Driver/Src/stm32f4xx_hal_dma.c.obj
 .debug_loc     0x00002efc      0x520 CMakeFiles/R1_demo.elf.dir/Drivers/STM32F4xx_HAL_Driver/Src/stm32f4xx_hal_gpio.c.obj
 .debug_loc     0x0000341c       0x86 CMakeFiles/R1_demo.elf.dir/Drivers/STM32F4xx_HAL_Driver/Src/stm32f4xx_hal_iwdg.c.obj
 .debug_loc     0x000034a2      0x58c CMakeFiles/R1_demo.elf.dir/Drivers/STM32F4xx_HAL_Driver/Src/stm32f4xx_hal_rcc.c.obj
 .debug_loc     0x00003a2e     0x506c CMakeFiles/R1_demo.elf.dir/Drivers/STM32F4xx_HAL_Driver/Src/stm32f4xx_hal_tim.c.obj
 .debug_loc     0x00008a9a     0x1cd7 CMakeFiles/R1_demo.elf.dir/Drivers/STM32F4xx_HAL_Driver/Src/stm32f4xx_hal_tim_ex.c.obj
 .debug_loc     0x0000a771     0x49ab CMakeFiles/R1_demo.elf.dir/Drivers/STM32F4xx_HAL_Driver/Src/stm32f4xx_hal_uart.c.obj
 .debug_loc     0x0000f11c     0x12e6 CMakeFiles/R1_demo.elf.dir/Middlewares/Third_Party/FreeRTOS/Source/CMSIS_RTOS/cmsis_os.c.obj
 .debug_loc     0x00010402       0xad CMakeFiles/R1_demo.elf.dir/Middlewares/Third_Party/FreeRTOS/Source/list.c.obj