Archive member included to satisfy reference by file (symbol)

f:/102021~1.10/bin/../lib/gcc/arm-none-eabi/10.3.1/thumb/v7e-m+fp/hard\libgcc.a(_aeabi_uldivmod.o)
                              CMakeFiles/R1_demo.elf.dir/Core/Src/tim.c.obj (__aeabi_uldivmod)
f:/102021~1.10/bin/../lib/gcc/arm-none-eabi/10.3.1/thumb/v7e-m+fp/hard\libgcc.a(_udivmoddi4.o)
                              f:/102021~1.10/bin/../lib/gcc/arm-none-eabi/10.3.1/thumb/v7e-m+fp/hard\libgcc.a(_aeabi_uldivmod.o) (__udivmoddi4)
f:/102021~1.10/bin/../lib/gcc/arm-none-eabi/10.3.1/thumb/v7e-m+fp/hard\libgcc.a(_dvmd_tls.o)
                              f:/102021~1.10/bin/../lib/gcc/arm-none-eabi/10.3.1/thumb/v7e-m+fp/hard\libgcc.a(_aeabi_uldivmod.o) (__aeabi_ldiv0)
f:/102021~1.10/bin/../lib/gcc/arm-none-eabi/10.3.1/../../../../arm-none-eabi/lib/thumb/v7e-m+fp/hard\libg.a(lib_a-errno.o)
                              CMakeFiles/R1_demo.elf.dir/Core/Src/retarget.c.obj (__errno)
f:/102021~1.10/bin/../lib/gcc/arm-none-eabi/10.3.1/../../../../arm-none-eabi/lib/thumb/v7e-m+fp/hard\libg.a(lib_a-exit.o)
                              f:/102021~1.10/bin/../lib/gcc/arm-none-eabi/10.3.1/../../../../arm-none-eabi/lib/thumb/v7e-m+fp/hard/crt0.o (exit)
f:/102021~1.10/bin/../lib/gcc/arm-none-eabi/10.3.1/../../../../arm-none-eabi/lib/thumb/v7e-m+fp/hard\libg.a(lib_a-impure.o)
                              f:/102021~1.10/bin/../lib/gcc/arm-none-eabi/10.3.1/../../../../arm-none-eabi/lib/thumb/v7e-m+fp/hard\libg.a(lib_a-exit.o) (_global_impure_ptr)
f:/102021~1.10/bin/../lib/gcc/arm-none-eabi/10.3.1/../../../../arm-none-eabi/lib/thumb/v7e-m+fp/hard\libg.a(lib_a-init.o)
                              f:/102021~1.10/bin/../lib/gcc/arm-none-eabi/10.3.1/../../../../arm-none-eabi/lib/thumb/v7e-m+fp/hard/crt0.o (__libc_init_array)
f:/102021~1.10/bin/../lib/gcc/arm-none-eabi/10.3.1/../../../../arm-none-eabi/lib/thumb/v7e-m+fp/hard\libg.a(lib_a-memcpy.o)
                              CMakeFiles/R1_demo.elf.dir/Middlewares/Third_Party/FreeRTOS/Source/queue.c.obj (memcpy)
f:/102021~1.10/bin/../lib/gcc/arm-none-eabi/10.3.1/../../../../arm-none-eabi/lib/thumb/v7e-m+fp/hard\libg.a(lib_a-memset.o)
                              f:/102021~1.10/bin/../lib/gcc/arm-none-eabi/10.3.1/../../../../arm-none-eabi/lib/thumb/v7e-m+fp/hard/crt0.o (memset)
f:/102021~1.10/bin/../lib/gcc/arm-none-eabi/10.3.1/../../../../arm-none-eabi/lib/thumb/v7e-m+fp/hard\libg.a(lib_a-setvbuf.o)
                              CMakeFiles/R1_demo.elf.dir/Core/Src/retarget.c.obj (setvbuf)
f:/102021~1.10/bin/../lib/gcc/arm-none-eabi/10.3.1/../../../../arm-none-eabi/lib/thumb/v7e-m+fp/hard\libg.a(lib_a-vsnprintf.o)
                              CMakeFiles/R1_demo.elf.dir/Core/Src/printf.c.obj (vsnprintf)
f:/102021~1.10/bin/../lib/gcc/arm-none-eabi/10.3.1/../../../../arm-none-eabi/lib/thumb/v7e-m+fp/hard\libg.a(lib_a-__call_atexit.o)
                              f:/102021~1.10/bin/../lib/gcc/arm-none-eabi/10.3.1/../../../../arm-none-eabi/lib/thumb/v7e-m+fp/hard\libg.a(lib_a-exit.o) (__call_exitprocs)
f:/102021~1.10/bin/../lib/gcc/arm-none-eabi/10.3.1/../../../../arm-none-eabi/lib/thumb/v7e-m+fp/hard\libg.a(lib_a-atexit.o)
                              f:/102021~1.10/bin/../lib/gcc/arm-none-eabi/10.3.1/../../../../arm-none-eabi/lib/thumb/v7e-m+fp/hard\libg.a(lib_a-__call_atexit.o) (atexit)
f:/102021~1.10/bin/../lib/gcc/arm-none-eabi/10.3.1/../../../../arm-none-eabi/lib/thumb/v7e-m+fp/hard\libg.a(lib_a-fflush.o)
                              f:/102021~1.10/bin/../lib/gcc/arm-none-eabi/10.3.1/../../../../arm-none-eabi/lib/thumb/v7e-m+fp/hard\libg.a(lib_a-setvbuf.o) (_fflush_r)
f:/102021~1.10/bin/../lib/gcc/arm-none-eabi/10.3.1/../../../../arm-none-eabi/lib/thumb/v7e-m+fp/hard\libg.a(lib_a-findfp.o)
                              f:/102021~1.10/bin/../lib/gcc/arm-none-eabi/10.3.1/../../../../arm-none-eabi/lib/thumb/v7e-m+fp/hard\libg.a(lib_a-setvbuf.o) (__sinit)
f:/102021~1.10/bin/../lib/gcc/arm-none-eabi/10.3.1/../../../../arm-none-eabi/lib/thumb/v7e-m+fp/hard\libg.a(lib_a-fini.o)
                              f:/102021~1.10/bin/../lib/gcc/arm-none-eabi/10.3.1/../../../../arm-none-eabi/lib/thumb/v7e-m+fp/hard\libg.a(lib_a-__call_atexit.o) (__libc_fini_array)
f:/102021~1.10/bin/../lib/gcc/arm-none-eabi/10.3.1/../../../../arm-none-eabi/lib/thumb/v7e-m+fp/hard\libg.a(lib_a-freer.o)
                              f:/102021~1.10/bin/../lib/gcc/arm-none-eabi/10.3.1/../../../../arm-none-eabi/lib/thumb/v7e-m+fp/hard\libg.a(lib_a-setvbuf.o) (_free_r)
f:/102021~1.10/bin/../lib/gcc/arm-none-eabi/10.3.1/../../../../arm-none-eabi/lib/thumb/v7e-m+fp/hard\libg.a(lib_a-fwalk.o)
                              f:/102021~1.10/bin/../lib/gcc/arm-none-eabi/10.3.1/../../../../arm-none-eabi/lib/thumb/v7e-m+fp/hard\libg.a(lib_a-findfp.o) (_fwalk)
f:/102021~1.10/bin/../lib/gcc/arm-none-eabi/10.3.1/../../../../arm-none-eabi/lib/thumb/v7e-m+fp/hard\libg.a(lib_a-lock.o)
[...]
Memory Configuration

Name             Origin             Length             Attributes
CCMRAM           0x10000000         0x00010000         xrw
RAM              0x20000000         0x00020000         xrw
FLASH            0x08000000         0x00100000         xr
*default*        0x00000000         0xffffffff

Linker script and memory map

LOAD f:/102021~1.10/bin/../lib/gcc/arm-none-eabi/10.3.1/thumb/v7e-m+fp/hard/crti.o
LOAD f:/102021~1.10/bin/../lib/gcc/arm-none-eabi/10.3.1/thumb/v7e-m+fp/hard/crtbegin.o
LOAD f:/102021~1.10/bin/../lib/gcc/arm-none-eabi/10.3.1/../../../../arm-none-eabi/lib/thumb/v7e-m+fp/hard/crt0.o
LOAD CMakeFiles/R1_demo.elf.dir/Core/Src/can.c.obj
LOAD CMakeFiles/R1_demo.elf.dir/Core/Src/can_start.c.obj
LOAD CMakeFiles/R1_demo.elf.dir/Core/Src/freertos.c.obj
LOAD CMakeFiles/R1_demo.elf.dir/Core/Src/gpio.c.obj
LOAD CMakeFiles/R1_demo.elf.dir/Core/Src/hs.c.obj
LOAD CMakeFiles/R1_demo.elf.dir/Core/Src/iwdg.c.obj
LOAD CMakeFiles/R1_demo.elf.dir/Core/Src/main.c.obj
LOAD CMakeFiles/R1_demo.elf.dir/Core/Src/motor.c.obj
LOAD CMakeFiles/R1_demo.elf.dir/Core/Src/pid.c.obj
LOAD CMakeFiles/R1_demo.elf.dir/Core/Src/printf.c.obj
LOAD CMakeFiles/R1_demo.elf.dir/Core/Src/retarget.c.obj
LOAD CMakeFiles/R1_demo.elf.dir/Core/Src/selfcheak.c.obj
LOAD CMakeFiles/R1_demo.elf.dir/Core/Src/stm32f4xx_hal_msp.c.obj
LOAD CMakeFiles/R1_demo.elf.dir/Core/Src/stm32f4xx_it.c.obj
LOAD CMakeFiles/R1_demo.elf.dir/Core/Src/syscalls.c.obj
LOAD CMakeFiles/R1_demo.elf.dir/Core/Src/sysmem.c.obj
LOAD CMakeFiles/R1_demo.elf.dir/Core/Src/system_stm32f4xx.c.obj
LOAD CMakeFiles/R1_demo.elf.dir/Core/Src/tim.c.obj
LOAD CMakeFiles/R1_demo.elf.dir/Core/Src/usart.c.obj
LOAD CMakeFiles/R1_demo.elf.dir/Core/Startup/startup_stm32f407zgtx.s.obj
LOAD CMakeFiles/R1_demo.elf.dir/Drivers/STM32F4xx_HAL_Driver/Src/stm32f4xx_hal.c.obj
LOAD CMakeFiles/R1_demo.elf.dir/Drivers/STM32F4xx_HAL_Driver/Src/stm32f4xx_hal_can.c.obj
LOAD CMakeFiles/R1_demo.elf.dir/Drivers/STM32F4xx_HAL_Driver/Src/stm32f4xx_hal_cortex.c.obj
LOAD CMakeFiles/R1_demo.elf.dir/Drivers/STM32F4xx_HAL_Driver/Src/stm32f4xx_hal_dma.c.obj
LOAD CMakeFiles/R1_demo.elf.dir/Drivers/STM32F4xx_HAL_Driver/Src/stm32f4xx_hal_dma_ex.c.obj
LOAD CMakeFiles/R1_demo.elf.dir/Drivers/STM32F4xx_HAL_Driver/Src/stm32f4xx_hal_exti.c.obj
LOAD CMakeFiles/R1_demo.elf.dir/Drivers/STM32F4xx_HAL_Driver/Src/stm32f4xx_hal_flash.c.obj
LOAD CMakeFiles/R1_demo.elf.dir/Drivers/STM32F4xx_HAL_Driver/Src/stm32f4xx_hal_flash_ex.c.obj
LOAD CMakeFiles/R1_demo.elf.dir/Drivers/STM32F4xx_HAL_Driver/Src/stm32f4xx_hal_flash_ramfunc.c.obj
LOAD CMakeFiles/R1_demo.elf.dir/Drivers/STM32F4xx_HAL_Driver/Src/stm32f4xx_hal_gpio.c.obj
LOAD CMakeFiles/R1_demo.elf.dir/Drivers/STM32F4xx_HAL_Driver/Src/stm32f4xx_hal_iwdg.c.obj
LOAD CMakeFiles/R1_demo.elf.dir/Drivers/STM32F4xx_HAL_Driver/Src/stm32f4xx_hal_pwr.c.obj
LOAD CMakeFiles/R1_demo.elf.dir/Drivers/STM32F4xx_HAL_Driver/Src/stm32f4xx_hal_pwr_ex.c.obj
LOAD CMakeFiles/R1_demo.elf.dir/Drivers/STM32F4xx_HAL_Driver/Src/stm32f4xx_hal_rcc.c.obj
LOAD CMakeFiles/R1_demo.elf.dir/Drivers/STM32F4xx_HAL_Driver/Src/stm32f4xx_hal_rcc_ex.c.obj
LOAD CMakeFiles/R1_demo.elf.dir/Drivers/STM32F4xx_HAL_Driver/Src/stm32f4xx_hal_tim.c.obj
LOAD CMakeFiles/R1_demo.elf.dir/Drivers/STM32F4xx_HAL_Driver/Src/stm32f4xx_hal_tim_ex.c.obj
LOAD CMakeFiles/R1_demo.elf.dir/Drivers/STM32F4xx_HAL_Driver/Src/stm32f4xx_hal_uart.c.obj
LOAD CMakeFiles/R1_demo.elf.dir/Middlewares/Third_Party/FreeRTOS/Source/CMSIS_RTOS/cmsis_os.c.obj
LOAD CMakeFiles/R1_demo.elf.dir/Middlewares/Third_Party/FreeRTOS/Source/croutine.c.obj
LOAD CMakeFiles/R1_demo.elf.dir/Middlewares/Third_Party/FreeRTOS/Source/event_groups.c.obj
LOAD CMakeFiles/R1_demo.elf.dir/Middlewares/Third_Party/FreeRTOS/Source/list.c.obj
LOAD CMakeFiles/R1_demo.elf.dir/Middlewares/Third_Party/FreeRTOS/Source/portable/GCC/ARM_CM4F/port.c.obj
LOAD CMakeFiles/R1_demo.elf.dir/Middlewares/Third_Party/FreeRTOS/Source/portable/MemMang/heap_4.c.obj
LOAD CMakeFiles/R1_demo.elf.dir/Middlewares/Third_Party/FreeRTOS/Source/queue.c.obj
LOAD CMakeFiles/R1_demo.elf.dir/Middlewares/Third_Party/FreeRTOS/Source/stream_buffer.c.obj
LOAD CMakeFiles/R1_demo.elf.dir/Middlewares/Third_Party/FreeRTOS/Source/tasks.c.obj
LOAD CMakeFiles/R1_demo.elf.dir/Middlewares/Third_Party/FreeRTOS/Source/timers.c.obj
START GROUP
LOAD f:/102021~1.10/bin/../lib/gcc/arm-none-eabi/10.3.1/thumb/v7e-m+fp/hard\libgcc.a
LOAD f:/102021~1.10/bin/../lib/gcc/arm-none-eabi/10.3.1/../../../../arm-none-eabi/lib/thumb/v7e-m+fp/hard\libg.a
LOAD f:/102021~1.10/bin/../lib/gcc/arm-none-eabi/10.3.1/../../../../arm-none-eabi/lib/thumb/v7e-m+fp/hard\libc.a
END GROUP
LOAD f:/102021~1.10/bin/../lib/gcc/arm-none-eabi/10.3.1/thumb/v7e-m+fp/hard/crtend.o
LOAD f:/102021~1.10/bin/../lib/gcc/arm-none-eabi/10.3.1/thumb/v7e-m+fp/hard/crtn.o
                0x20020000                _estack = (ORIGIN (RAM) + LENGTH (RAM))
                0x00000200                _Min_Heap_Size = 0x200
                0x00000400                _Min_Stack_Size = 0x400

.isr_vector     0x08000000      0x188
                0x08000000                . = ALIGN (0x4)
 *(.isr_vector)
 .isr_vector    0x08000000      0x188 CMakeFiles/R1_demo.elf.dir/Core/Startup/startup_stm32f407zgtx.s.obj
                0x08000000                g_pfnVectors
                0x08000188                . = ALIGN (0x4)

.text           0x08000190     0x505c
                0x08000190                . = ALIGN (0x4)
 *(.text)
 .text          0x08000190       0x40 f:/102021~1.10/bin/../lib/gcc/arm-none-eabi/10.3.1/thumb/v7e-m+fp/hard/crtbegin.o
 .text          0x080001d0       0x30 f:/102021~1.10/bin/../lib/gcc/arm-none-eabi/10.3.1/thumb/v7e-m+fp/hard\libgcc.a(_aeabi_uldivmod.o)
                0x080001d0                __aeabi_uldivmod
 .text          0x08000200      0x2d0 f:/102021~1.10/bin/../lib/gcc/arm-none-eabi/10.3.1/thumb/v7e-m+fp/hard\libgcc.a(_udivmoddi4.o)
                0x08000200                __udivmoddi4
 .text          0x080004d0        0x4 f:/102021~1.10/bin/../lib/gcc/arm-none-eabi/10.3.1/thumb/v7e-m+fp/hard\libgcc.a(_dvmd_tls.o)
                0x080004d0                __aeabi_idiv0
                0x080004d0                __aeabi_ldiv0
 *(.text*)
 .text.MX_CAN1_Init
                0x080004d4       0x40 CMakeFiles/R1_demo.elf.dir/Core/Src/can.c.obj
                0x080004d4                MX_CAN1_Init
 .text.HAL_CAN_MspInit
                0x08000514       0x80 CMakeFiles/R1_demo.elf.dir/Core/Src/can.c.obj
                0x08000514                HAL_CAN_MspInit
 .text.Motor1_Data_Process
                0x08000594       0xd0 CMakeFiles/R1_demo.elf.dir/Core/Src/can.c.obj
                0x08000594                Motor1_Data_Process
 .text.Can_Transmit
                0x08000664       0x30 CMakeFiles/R1_demo.elf.dir/Core/Src/can.c.obj
                0x08000664                Can_Transmit
 .text.HAL_CAN_RxFifo0MsgPendingCallback
                0x08000694       0xb0 CMakeFiles/R1_demo.elf.dir/Core/Src/can.c.obj
                0x08000694                HAL_CAN_RxFifo0MsgPendingCallback
 .text.Can_Start
                0x08000744       0x52 CMakeFiles/R1_demo.elf.dir/Core/Src/can_start.c.obj
                0x08000744                Can_Start
 *fill*         0x08000796        0x2 
 .text.StartDefaultTask
                0x08000798       0xac CMakeFiles/R1_demo.elf.dir/Core/Src/freertos.c.obj
                0x08000798                StartDefaultTask
 .text.Debug    0x08000844        0xa CMakeFiles/R1_demo.elf.dir/Core/Src/freertos.c.obj
                0x08000844                Debug
 *fill*         0x0800084e        0x2 
 .text.vApplicationGetIdleTaskMemory
                0x08000850       0x18 CMakeFiles/R1_demo.elf.dir/Core/Src/freertos.c.obj
                0x08000850                vApplicationGetIdleTaskMemory
 .text.MX_FREERTOS_Init
                0x08000868       0x5c CMakeFiles/R1_demo.elf.dir/Core/Src/freertos.c.obj
                0x08000868                MX_FREERTOS_Init
 .text.MX_GPIO_Init
                0x080008c4       0xbc CMakeFiles/R1_demo.elf.dir/Core/Src/gpio.c.obj
                0x080008c4                MX_GPIO_Init
 .text.hs_UART_Transmit
                0x08000980       0x30 CMakeFiles/R1_demo.elf.dir/Core/Src/hs.c.obj
                0x08000980                hs_UART_Transmit
 .text.MX_IWDG_Init
                0x080009b0       0x28 CMakeFiles/R1_demo.elf.dir/Core/Src/iwdg.c.obj
                0x080009b0                MX_IWDG_Init
 .text.Error_Handler
                0x080009d8        0x4 CMakeFiles/R1_demo.elf.dir/Core/Src/main.c.obj
                0x080009d8                Error_Handler
 .text.SystemClock_Config
                0x080009dc       0xa8 CMakeFiles/R1_demo.elf.dir/Core/Src/main.c.obj
                0x080009dc                SystemClock_Config
 .text.main     0x08000a84       0x88 CMakeFiles/R1_demo.elf.dir/Core/Src/main.c.obj
                0x08000a84                main
 .text.Motor1_Speed
                0x08000b0c       0x40 CMakeFiles/R1_demo.elf.dir/Core/Src/motor.c.obj
                0x08000b0c                Motor1_Speed
 .text.Bark     0x08000b4c       0x44 CMakeFiles/R1_demo.elf.dir/Core/Src/motor.c.obj
                0x08000b4c                Bark
 .text.PID_Process
                0x08000b90       0x74 CMakeFiles/R1_demo.elf.dir/Core/Src/pid.c.obj
                0x08000b90                PID_Process
 .text.RetargetInit
                0x08000c04       0x20 CMakeFiles/R1_demo.elf.dir/Core/Src/retarget.c.obj
                0x08000c04                RetargetInit
 .text._write   0x08000c24       0x30 CMakeFiles/R1_demo.elf.dir/Core/Src/retarget.c.obj
                0x08000c24                _write
 .text._read    0x08000c54       0x2c CMakeFiles/R1_demo.elf.dir/Core/Src/retarget.c.obj
                0x08000c54                _read
 .text.SelfCheck
                0x08000c80       0x18 CMakeFiles/R1_demo.elf.dir/Core/Src/selfcheak.c.obj
                0x08000c80                SelfCheck
 .text.HAL_MspInit
                0x08000c98       0x44 CMakeFiles/R1_demo.elf.dir/Core/Src/stm32f4xx_hal_msp.c.obj
                0x08000c98                HAL_MspInit
 .text.NMI_Handler
                0x08000cdc        0x2 CMakeFiles/R1_demo.elf.dir/Core/Src/stm32f4xx_it.c.obj
                0x08000cdc                NMI_Handler
 .text.HardFault_Handler
                0x08000cde        0x2 CMakeFiles/R1_demo.elf.dir/Core/Src/stm32f4xx_it.c.obj
                0x08000cde                HardFault_Handler
 .text.MemManage_Handler
                0x08000ce0        0x2 CMakeFiles/R1_demo.elf.dir/Core/Src/stm32f4xx_it.c.obj
                0x08000ce0                MemManage_Handler
 .text.BusFault_Handler
                0x08000ce2        0x2 CMakeFiles/R1_demo.elf.dir/Core/Src/stm32f4xx_it.c.obj
                0x08000ce2                BusFault_Handler
 .text.UsageFault_Handler
                0x08000ce4        0x2 CMakeFiles/R1_demo.elf.dir/Core/Src/stm32f4xx_it.c.obj
                0x08000ce4                UsageFault_Handler
 .text.DebugMon_Handler
                0x08000ce6        0x2 CMakeFiles/R1_demo.elf.dir/Core/Src/stm32f4xx_it.c.obj
                0x08000ce6                DebugMon_Handler
 .text.SysTick_Handler
                0x08000ce8       0x16 CMakeFiles/R1_demo.elf.dir/Core/Src/stm32f4xx_it.c.obj
                0x08000ce8                SysTick_Handler
 *fill*         0x08000cfe        0x2 
 .text.CAN1_RX0_IRQHandler
                0x08000d00       0x10 CMakeFiles/R1_demo.elf.dir/Core/Src/stm32f4xx_it.c.obj
                0x08000d00                CAN1_RX0_IRQHandler
 .text.TIM3_IRQHandler
                0x08000d10       0x10 CMakeFiles/R1_demo.elf.dir/Core/Src/stm32f4xx_it.c.obj
                0x08000d10                TIM3_IRQHandler
 .text.USART1_IRQHandler
                0x08000d20       0x10 CMakeFiles/R1_demo.elf.dir/Core/Src/stm32f4xx_it.c.obj
                0x08000d20                USART1_IRQHandler
 .text._close   0x08000d30        0x6 CMakeFiles/R1_demo.elf.dir/Core/Src/syscalls.c.obj
                0x08000d30                _close
 .text._fstat   0x08000d36        0xa CMakeFiles/R1_demo.elf.dir/Core/Src/syscalls.c.obj
                0x08000d36                _fstat
 .text._lseek   0x08000d40        0x4 CMakeFiles/R1_demo.elf.dir/Core/Src/syscalls.c.obj
                0x08000d40                _lseek
 .text._sbrk    0x08000d44       0x48 CMakeFiles/R1_demo.elf.dir/Core/Src/sysmem.c.obj
                0x08000d44                _sbrk
 .text.SystemInit
                0x08000d8c       0x14 CMakeFiles/R1_demo.elf.dir/Core/Src/system_stm32f4xx.c.obj
                0x08000d8c                SystemInit
 .text.MX_TIM3_Init
                0x08000da0       0x70 CMakeFiles/R1_demo.elf.dir/Core/Src/tim.c.obj
                0x08000da0                MX_TIM3_Init
 .text.HAL_TIM_Base_MspInit
                0x08000e10       0x40 CMakeFiles/R1_demo.elf.dir/Core/Src/tim.c.obj
                0x08000e10                HAL_TIM_Base_MspInit
 .text.HAL_TIM_PeriodElapsedCallback
                0x08000e50       0x44 CMakeFiles/R1_demo.elf.dir/Core/Src/tim.c.obj
                0x08000e50                HAL_TIM_PeriodElapsedCallback
 .text.MX_USART1_UART_Init
                0x08000e94       0x34 CMakeFiles/R1_demo.elf.dir/Core/Src/usart.c.obj
                0x08000e94                MX_USART1_UART_Init
 .text.HAL_UART_MspInit
                0x08000ec8       0x80 CMakeFiles/R1_demo.elf.dir/Core/Src/usart.c.obj
                0x08000ec8                HAL_UART_MspInit
 .text.Reset_Handler
                0x08000f48       0x50 CMakeFiles/R1_demo.elf.dir/Core/Startup/startup_stm32f407zgtx.s.obj
                0x08000f48                Reset_Handler
 .text.Default_Handler
                0x08000f98        0x2 CMakeFiles/R1_demo.elf.dir/Core/Startup/startup_stm32f407zgtx.s.obj
                0x08000f98                RTC_Alarm_IRQHandler
                0x08000f98                HASH_RNG_IRQHandler
                0x08000f98                EXTI2_IRQHandler
                0x08000f98                TIM8_CC_IRQHandler
                0x08000f98                TIM1_CC_IRQHandler
                0x08000f98                DMA2_Stream5_IRQHandler
                0x08000f98                DMA1_Stream5_IRQHandler
                0x08000f98                PVD_IRQHandler
                0x08000f98                SDIO_IRQHandler
                0x08000f98                TAMP_STAMP_IRQHandler
                0x08000f98                CAN2_RX1_IRQHandler
                0x08000f98                EXTI3_IRQHandler
                0x08000f98                TIM8_TRG_COM_TIM14_IRQHandler
                0x08000f98                TIM1_UP_TIM10_IRQHandler
                0x08000f98                TIM8_UP_TIM13_IRQHandler
                0x08000f98                I2C3_ER_IRQHandler
                0x08000f98                EXTI0_IRQHandler
                0x08000f98                I2C2_EV_IRQHandler
                0x08000f98                DMA1_Stream2_IRQHandler
                0x08000f98                FPU_IRQHandler
                0x08000f98                OTG_HS_WKUP_IRQHandler
                0x08000f98                CAN2_SCE_IRQHandler
                0x08000f98                DMA2_Stream2_IRQHandler
                0x08000f98                SPI1_IRQHandler
                0x08000f98                TIM6_DAC_IRQHandler
                0x08000f98                TIM1_BRK_TIM9_IRQHandler
                0x08000f98                DCMI_IRQHandler
                0x08000f98                CAN2_RX0_IRQHandler
                0x08000f98                DMA2_Stream3_IRQHandler
                0x08000f98                USART6_IRQHandler
                0x08000f98                USART3_IRQHandler
                0x08000f98                CAN1_RX1_IRQHandler
                0x08000f98                UART5_IRQHandler
                0x08000f98                DMA2_Stream0_IRQHandler
                0x08000f98                TIM4_IRQHandler
                0x08000f98                I2C1_EV_IRQHandler
                0x08000f98                DMA1_Stream6_IRQHandler
                0x08000f98                DMA1_Stream1_IRQHandler
                0x08000f98                UART4_IRQHandler
                0x08000f98                RCC_IRQHandler
                0x08000f98                TIM8_BRK_TIM12_IRQHandler
                0x08000f98                Default_Handler
                0x08000f98                EXTI15_10_IRQHandler
                0x08000f98                ADC_IRQHandler
                0x08000f98                DMA1_Stream7_IRQHandler
                0x08000f98                TIM7_IRQHandler
                0x08000f98                CAN2_TX_IRQHandler
                0x08000f98                TIM5_IRQHandler
                0x08000f98                DMA2_Stream7_IRQHandler
                0x08000f98                I2C3_EV_IRQHandler
                0x08000f98                EXTI9_5_IRQHandler
                0x08000f98                RTC_WKUP_IRQHandler
                0x08000f98                ETH_WKUP_IRQHandler
                0x08000f98                SPI2_IRQHandler
                0x08000f98                OTG_HS_EP1_IN_IRQHandler
                0x08000f98                DMA1_Stream0_IRQHandler
                0x08000f98                CAN1_TX_IRQHandler
                0x08000f98                EXTI4_IRQHandler
                0x08000f98                FSMC_IRQHandler
                0x08000f98                ETH_IRQHandler
                0x08000f98                OTG_HS_EP1_OUT_IRQHandler
                0x08000f98                WWDG_IRQHandler
                0x08000f98                TIM2_IRQHandler
                0x08000f98                OTG_FS_WKUP_IRQHandler
                0x08000f98                TIM1_TRG_COM_TIM11_IRQHandler
                0x08000f98                OTG_HS_IRQHandler
                0x08000f98                EXTI1_IRQHandler
                0x08000f98                USART2_IRQHandler
                0x08000f98                I2C2_ER_IRQHandler
                0x08000f98                DMA2_Stream1_IRQHandler
                0x08000f98                CAN1_SCE_IRQHandler
                0x08000f98                FLASH_IRQHandler
                0x08000f98                DMA2_Stream4_IRQHandler
                0x08000f98                OTG_FS_IRQHandler
                0x08000f98                SPI3_IRQHandler
                0x08000f98                DMA1_Stream4_IRQHandler
                0x08000f98                I2C1_ER_IRQHandler
                0x08000f98                DMA2_Stream6_IRQHandler
                0x08000f98                DMA1_Stream3_IRQHandler
 *fill*         0x08000f9a        0x2 
 .text.HAL_InitTick
                0x08000f9c       0x4c CMakeFiles/R1_demo.elf.dir/Drivers/STM32F4xx_HAL_Driver/Src/stm32f4xx_hal.c.obj
                0x08000f9c                HAL_InitTick
 .text.HAL_Init
                0x08000fe8       0x34 CMakeFiles/R1_demo.elf.dir/Drivers/STM32F4xx_HAL_Driver/Src/stm32f4xx_hal.c.obj
                0x08000fe8                HAL_Init
 .text.HAL_IncTick
                0x0800101c       0x18 CMakeFiles/R1_demo.elf.dir/Drivers/STM32F4xx_HAL_Driver/Src/stm32f4xx_hal.c.obj
                0x0800101c                HAL_IncTick
 .text.HAL_GetTick
                0x08001034        0xc CMakeFiles/R1_demo.elf.dir/Drivers/STM32F4xx_HAL_Driver/Src/stm32f4xx_hal.c.obj
                0x08001034                HAL_GetTick
 .text.HAL_Delay
                0x08001040       0x28 CMakeFiles/R1_demo.elf.dir/Drivers/STM32F4xx_HAL_Driver/Src/stm32f4xx_hal.c.obj
                0x08001040                HAL_Delay
 .text.HAL_CAN_Init
                0x08001068      0x14c CMakeFiles/R1_demo.elf.dir/Drivers/STM32F4xx_HAL_Driver/Src/stm32f4xx_hal_can.c.obj
                0x08001068                HAL_CAN_Init
 .text.HAL_CAN_ConfigFilter
                0x080011b4      0x138 CMakeFiles/R1_demo.elf.dir/Drivers/STM32F4xx_HAL_Driver/Src/stm32f4xx_hal_can.c.obj
                0x080011b4                HAL_CAN_ConfigFilter
 .text.HAL_CAN_Start
                0x080012ec       0x5c CMakeFiles/R1_demo.elf.dir/Drivers/STM32F4xx_HAL_Driver/Src/stm32f4xx_hal_can.c.obj
                0x080012ec                HAL_CAN_Start
 .text.HAL_CAN_AddTxMessage
                0x08001348       0xfc CMakeFiles/R1_demo.elf.dir/Drivers/STM32F4xx_HAL_Driver/Src/stm32f4xx_hal_can.c.obj
                0x08001348                HAL_CAN_AddTxMessage
 .text.HAL_CAN_GetRxMessage
                0x08001444      0x14a CMakeFiles/R1_demo.elf.dir/Drivers/STM32F4xx_HAL_Driver/Src/stm32f4xx_hal_can.c.obj
                0x08001444                HAL_CAN_GetRxMessage
 .text.HAL_CAN_ActivateNotification
                0x0800158e       0x24 CMakeFiles/R1_demo.elf.dir/Drivers/STM32F4xx_HAL_Driver/Src/stm32f4xx_hal_can.c.obj
                0x0800158e                HAL_CAN_ActivateNotification
 .text.HAL_CAN_TxMailbox0CompleteCallback
                0x080015b2        0x2 CMakeFiles/R1_demo.elf.dir/Drivers/STM32F4xx_HAL_Driver/Src/stm32f4xx_hal_can.c.obj
                0x080015b2                HAL_CAN_TxMailbox0CompleteCallback
 .text.HAL_CAN_TxMailbox1CompleteCallback
                0x080015b4        0x2 CMakeFiles/R1_demo.elf.dir/Drivers/STM32F4xx_HAL_Driver/Src/stm32f4xx_hal_can.c.obj
                0x080015b4                HAL_CAN_TxMailbox1CompleteCallback
 .text.HAL_CAN_TxMailbox2CompleteCallback
                0x080015b6        0x2 CMakeFiles/R1_demo.elf.dir/Drivers/STM32F4xx_HAL_Driver/Src/stm32f4xx_hal_can.c.obj
                0x080015b6                HAL_CAN_TxMailbox2CompleteCallback
 .text.HAL_CAN_TxMailbox0AbortCallback
                0x080015b8        0x2 CMakeFiles/R1_demo.elf.dir/Drivers/STM32F4xx_HAL_Driver/Src/stm32f4xx_hal_can.c.obj
                0x080015b8                HAL_CAN_TxMailbox0AbortCallback
 .text.HAL_CAN_TxMailbox1AbortCallback
                0x080015ba        0x2 CMakeFiles/R1_demo.elf.dir/Drivers/STM32F4xx_HAL_Driver/Src/stm32f4xx_hal_can.c.obj
                0x080015ba                HAL_CAN_TxMailbox1AbortCallback
 .text.HAL_CAN_TxMailbox2AbortCallback
                0x080015bc        0x2 CMakeFiles/R1_demo.elf.dir/Drivers/STM32F4xx_HAL_Driver/Src/stm32f4xx_hal_can.c.obj
                0x080015bc                HAL_CAN_TxMailbox2AbortCallback
 .text.HAL_CAN_RxFifo0FullCallback
                0x080015be        0x2 CMakeFiles/R1_demo.elf.dir/Drivers/STM32F4xx_HAL_Driver/Src/stm32f4xx_hal_can.c.obj
                0x080015be                HAL_CAN_RxFifo0FullCallback
 .text.HAL_CAN_RxFifo1MsgPendingCallback
                0x080015c0        0x2 CMakeFiles/R1_demo.elf.dir/Drivers/STM32F4xx_HAL_Driver/Src/stm32f4xx_hal_can.c.obj
                0x080015c0                HAL_CAN_RxFifo1MsgPendingCallback
 .text.HAL_CAN_RxFifo1FullCallback
                0x080015c2        0x2 CMakeFiles/R1_demo.elf.dir/Drivers/STM32F4xx_HAL_Driver/Src/stm32f4xx_hal_can.c.obj
                0x080015c2                HAL_CAN_RxFifo1FullCallback
 .text.HAL_CAN_SleepCallback
                0x080015c4        0x2 CMakeFiles/R1_demo.elf.dir/Drivers/STM32F4xx_HAL_Driver/Src/stm32f4xx_hal_can.c.obj
                0x080015c4                HAL_CAN_SleepCallback
 .text.HAL_CAN_WakeUpFromRxMsgCallback
                0x080015c6        0x2 CMakeFiles/R1_demo.elf.dir/Drivers/STM32F4xx_HAL_Driver/Src/stm32f4xx_hal_can.c.obj
                0x080015c6                HAL_CAN_WakeUpFromRxMsgCallback
 .text.HAL_CAN_ErrorCallback
                0x080015c8        0x2 CMakeFiles/R1_demo.elf.dir/Drivers/STM32F4xx_HAL_Driver/Src/stm32f4xx_hal_can.c.obj
                0x080015c8                HAL_CAN_ErrorCallback
 .text.HAL_CAN_IRQHandler
                0x080015ca      0x24a CMakeFiles/R1_demo.elf.dir/Drivers/STM32F4xx_HAL_Driver/Src/stm32f4xx_hal_can.c.obj
                0x080015ca                HAL_CAN_IRQHandler
 .text.HAL_NVIC_SetPriorityGrouping
                0x08001814       0x24 CMakeFiles/R1_demo.elf.dir/Drivers/STM32F4xx_HAL_Driver/Src/stm32f4xx_hal_cortex.c.obj
                0x08001814                HAL_NVIC_SetPriorityGrouping
 .text.HAL_NVIC_SetPriority
                0x08001838       0x70 CMakeFiles/R1_demo.elf.dir/Drivers/STM32F4xx_HAL_Driver/Src/stm32f4xx_hal_cortex.c.obj
                0x08001838                HAL_NVIC_SetPriority
 .text.HAL_NVIC_EnableIRQ
                0x080018a8       0x1c CMakeFiles/R1_demo.elf.dir/Drivers/STM32F4xx_HAL_Driver/Src/stm32f4xx_hal_cortex.c.obj
                0x080018a8                HAL_NVIC_EnableIRQ
 .text.HAL_SYSTICK_Config
                0x080018c4       0x28 CMakeFiles/R1_demo.elf.dir/Drivers/STM32F4xx_HAL_Driver/Src/stm32f4xx_hal_cortex.c.obj
                0x080018c4                HAL_SYSTICK_Config
 .text.DMA_SetConfig
                0x080018ec       0x2c CMakeFiles/R1_demo.elf.dir/Drivers/STM32F4xx_HAL_Driver/Src/stm32f4xx_hal_dma.c.obj
 .text.HAL_DMA_Start_IT
                0x08001918       0x6a CMakeFiles/R1_demo.elf.dir/Drivers/STM32F4xx_HAL_Driver/Src/stm32f4xx_hal_dma.c.obj
                0x08001918                HAL_DMA_Start_IT
 .text.HAL_DMA_Abort
                0x08001982       0x94 CMakeFiles/R1_demo.elf.dir/Drivers/STM32F4xx_HAL_Driver/Src/stm32f4xx_hal_dma.c.obj
                0x08001982                HAL_DMA_Abort
 .text.HAL_DMA_Abort_IT
                0x08001a16       0x26 CMakeFiles/R1_demo.elf.dir/Drivers/STM32F4xx_HAL_Driver/Src/stm32f4xx_hal_dma.c.obj
                0x08001a16                HAL_DMA_Abort_IT
 .text.HAL_GPIO_Init
                0x08001a3c      0x1e4 CMakeFiles/R1_demo.elf.dir/Drivers/STM32F4xx_HAL_Driver/Src/stm32f4xx_hal_gpio.c.obj
                0x08001a3c                HAL_GPIO_Init
 .text.HAL_GPIO_ReadPin
                0x08001c20        0xe CMakeFiles/R1_demo.elf.dir/Drivers/STM32F4xx_HAL_Driver/Src/stm32f4xx_hal_gpio.c.obj
                0x08001c20                HAL_GPIO_ReadPin
 .text.HAL_GPIO_WritePin
                0x08001c2e        0xc CMakeFiles/R1_demo.elf.dir/Drivers/STM32F4xx_HAL_Driver/Src/stm32f4xx_hal_gpio.c.obj
                0x08001c2e                HAL_GPIO_WritePin
 .text.HAL_GPIO_TogglePin
                0x08001c3a       0x12 CMakeFiles/R1_demo.elf.dir/Drivers/STM32F4xx_HAL_Driver/Src/stm32f4xx_hal_gpio.c.obj
                0x08001c3a                HAL_GPIO_TogglePin
 .text.HAL_IWDG_Init
                0x08001c4c       0x58 CMakeFiles/R1_demo.elf.dir/Drivers/STM32F4xx_HAL_Driver/Src/stm32f4xx_hal_iwdg.c.obj
                0x08001c4c                HAL_IWDG_Init
 .text.HAL_IWDG_Refresh
                0x08001ca4        0xc CMakeFiles/R1_demo.elf.dir/Drivers/STM32F4xx_HAL_Driver/Src/stm32f4xx_hal_iwdg.c.obj
                0x08001ca4                HAL_IWDG_Refresh
 .text.HAL_RCC_OscConfig
                0x08001cb0      0x3f8 CMakeFiles/R1_demo.elf.dir/Drivers/STM32F4xx_HAL_Driver/Src/stm32f4xx_hal_rcc.c.obj
                0x08001cb0                HAL_RCC_OscConfig
 .text.HAL_RCC_GetSysClockFreq
                0x080020a8       0xa4 CMakeFiles/R1_demo.elf.dir/Drivers/STM32F4xx_HAL_Driver/Src/stm32f4xx_hal_rcc.c.obj
                0x080020a8                HAL_RCC_GetSysClockFreq
 .text.HAL_RCC_ClockConfig
                0x0800214c      0x160 CMakeFiles/R1_demo.elf.dir/Drivers/STM32F4xx_HAL_Driver/Src/stm32f4xx_hal_rcc.c.obj
                0x0800214c                HAL_RCC_ClockConfig
 .text.HAL_RCC_GetHCLKFreq
                0x080022ac        0xc CMakeFiles/R1_demo.elf.dir/Drivers/STM32F4xx_HAL_Driver/Src/stm32f4xx_hal_rcc.c.obj
                0x080022ac                HAL_RCC_GetHCLKFreq
 .text.HAL_RCC_GetPCLK1Freq
                0x080022b8       0x20 CMakeFiles/R1_demo.elf.dir/Drivers/STM32F4xx_HAL_Driver/Src/stm32f4xx_hal_rcc.c.obj
                0x080022b8                HAL_RCC_GetPCLK1Freq
 .text.HAL_RCC_GetPCLK2Freq
                0x080022d8       0x20 CMakeFiles/R1_demo.elf.dir/Drivers/STM32F4xx_HAL_Driver/Src/stm32f4xx_hal_rcc.c.obj
                0x080022d8                HAL_RCC_GetPCLK2Freq
 .text.TIM_TI1_ConfigInputStage
                0x080022f8       0x26 CMakeFiles/R1_demo.elf.dir/Drivers/STM32F4xx_HAL_Driver/Src/stm32f4xx_hal_tim.c.obj
 .text.TIM_TI2_ConfigInputStage
                0x0800231e       0x28 CMakeFiles/R1_demo.elf.dir/Drivers/STM32F4xx_HAL_Driver/Src/stm32f4xx_hal_tim.c.obj
 .text.TIM_ITRx_SetConfig
                0x08002346       0x10 CMakeFiles/R1_demo.elf.dir/Drivers/STM32F4xx_HAL_Driver/Src/stm32f4xx_hal_tim.c.obj
 *fill*         0x08002356        0x2 
 .text.HAL_TIM_Base_Start_IT
                0x08002358       0x88 CMakeFiles/R1_demo.elf.dir/Drivers/STM32F4xx_HAL_Driver/Src/stm32f4xx_hal_tim.c.obj
                0x08002358                HAL_TIM_Base_Start_IT
 .text.HAL_TIM_OC_DelayElapsedCallback
                0x080023e0        0x2 CMakeFiles/R1_demo.elf.dir/Drivers/STM32F4xx_HAL_Driver/Src/stm32f4xx_hal_tim.c.obj
                0x080023e0                HAL_TIM_OC_DelayElapsedCallback
 .text.HAL_TIM_IC_CaptureCallback
                0x080023e2        0x2 CMakeFiles/R1_demo.elf.dir/Drivers/STM32F4xx_HAL_Driver/Src/stm32f4xx_hal_tim.c.obj
                0x080023e2                HAL_TIM_IC_CaptureCallback
 .text.HAL_TIM_PWM_PulseFinishedCallback
                0x080023e4        0x2 CMakeFiles/R1_demo.elf.dir/Drivers/STM32F4xx_HAL_Driver/Src/stm32f4xx_hal_tim.c.obj
                0x080023e4                HAL_TIM_PWM_PulseFinishedCallback
 .text.HAL_TIM_TriggerCallback
                0x080023e6        0x2 CMakeFiles/R1_demo.elf.dir/Drivers/STM32F4xx_HAL_Driver/Src/stm32f4xx_hal_tim.c.obj
                0x080023e6                HAL_TIM_TriggerCallback
 .text.HAL_TIM_IRQHandler
                0x080023e8      0x17a CMakeFiles/R1_demo.elf.dir/Drivers/STM32F4xx_HAL_Driver/Src/stm32f4xx_hal_tim.c.obj
                0x080023e8                HAL_TIM_IRQHandler
 *fill*         0x08002562        0x2 
 .text.TIM_Base_SetConfig
                0x08002564       0xc8 CMakeFiles/R1_demo.elf.dir/Drivers/STM32F4xx_HAL_Driver/Src/stm32f4xx_hal_tim.c.obj
                0x08002564                TIM_Base_SetConfig
 .text.HAL_TIM_Base_Init
                0x0800262c       0x58 CMakeFiles/R1_demo.elf.dir/Drivers/STM32F4xx_HAL_Driver/Src/stm32f4xx_hal_tim.c.obj
                0x0800262c                HAL_TIM_Base_Init
 .text.TIM_ETR_SetConfig
                0x08002684       0x1a CMakeFiles/R1_demo.elf.dir/Drivers/STM32F4xx_HAL_Driver/Src/stm32f4xx_hal_tim.c.obj
                0x08002684                TIM_ETR_SetConfig
 .text.HAL_TIM_ConfigClockSource
                0x0800269e       0xfe CMakeFiles/R1_demo.elf.dir/Drivers/STM32F4xx_HAL_Driver/Src/stm32f4xx_hal_tim.c.obj
                0x0800269e                HAL_TIM_ConfigClockSource
 .text.HAL_TIMEx_MasterConfigSynchronization
                0x0800279c       0x8c CMakeFiles/R1_demo.elf.dir/Drivers/STM32F4xx_HAL_Driver/Src/stm32f4xx_hal_tim_ex.c.obj
                0x0800279c                HAL_TIMEx_MasterConfigSynchronization
 .text.HAL_TIMEx_CommutCallback
                0x08002828        0x2 CMakeFiles/R1_demo.elf.dir/Drivers/STM32F4xx_HAL_Driver/Src/stm32f4xx_hal_tim_ex.c.obj
                0x08002828                HAL_TIMEx_CommutCallback
 .text.HAL_TIMEx_BreakCallback
                0x0800282a        0x2 CMakeFiles/R1_demo.elf.dir/Drivers/STM32F4xx_HAL_Driver/Src/stm32f4xx_hal_tim_ex.c.obj
                0x0800282a                HAL_TIMEx_BreakCallback
 .text.UART_EndTxTransfer
                0x0800282c       0x20 CMakeFiles/R1_demo.elf.dir/Drivers/STM32F4xx_HAL_Driver/Src/stm32f4xx_hal_uart.c.obj
 .text.UART_EndRxTransfer
                0x0800284c       0x5c CMakeFiles/R1_demo.elf.dir/Drivers/STM32F4xx_HAL_Driver/Src/stm32f4xx_hal_uart.c.obj
 .text.UART_Transmit_IT
                0x080028a8       0x60 CMakeFiles/R1_demo.elf.dir/Drivers/STM32F4xx_HAL_Driver/Src/stm32f4xx_hal_uart.c.obj
 .text.UART_SetConfig
                0x08002908      0x110 CMakeFiles/R1_demo.elf.dir/Drivers/STM32F4xx_HAL_Driver/Src/stm32f4xx_hal_uart.c.obj
 .text.UART_WaitOnFlagUntilTimeout
                0x08002a18       0x88 CMakeFiles/R1_demo.elf.dir/Drivers/STM32F4xx_HAL_Driver/Src/stm32f4xx_hal_uart.c.obj
 .text.HAL_UART_Init
                0x08002aa0       0x5e CMakeFiles/R1_demo.elf.dir/Drivers/STM32F4xx_HAL_Driver/Src/stm32f4xx_hal_uart.c.obj
                0x08002aa0                HAL_UART_Init
 .text.HAL_UART_Transmit
                0x08002afe       0xd8 CMakeFiles/R1_demo.elf.dir/Drivers/STM32F4xx_HAL_Driver/Src/stm32f4xx_hal_uart.c.obj
                0x08002afe                HAL_UART_Transmit
 *fill*         0x08002bd6        0x2 
 .text.HAL_UART_Transmit_DMA
                0x08002bd8       0x9c CMakeFiles/R1_demo.elf.dir/Drivers/STM32F4xx_HAL_Driver/Src/stm32f4xx_hal_uart.c.obj
                0x08002bd8                HAL_UART_Transmit_DMA
 .text.HAL_UART_TxCpltCallback
                0x08002c74        0x2 CMakeFiles/R1_demo.elf.dir/Drivers/STM32F4xx_HAL_Driver/Src/stm32f4xx_hal_uart.c.obj
                0x08002c74                HAL_UART_TxCpltCallback
 .text.UART_DMATransmitCplt
                0x08002c76       0x4c CMakeFiles/R1_demo.elf.dir/Drivers/STM32F4xx_HAL_Driver/Src/stm32f4xx_hal_uart.c.obj
 .text.UART_EndTransmit_IT
                0x08002cc2       0x1a CMakeFiles/R1_demo.elf.dir/Drivers/STM32F4xx_HAL_Driver/Src/stm32f4xx_hal_uart.c.obj
 .text.HAL_UART_TxHalfCpltCallback
                0x08002cdc        0x2 CMakeFiles/R1_demo.elf.dir/Drivers/STM32F4xx_HAL_Driver/Src/stm32f4xx_hal_uart.c.obj
                0x08002cdc                HAL_UART_TxHalfCpltCallback
 .text.UART_DMATxHalfCplt
                0x08002cde        0xa CMakeFiles/R1_demo.elf.dir/Drivers/STM32F4xx_HAL_Driver/Src/stm32f4xx_hal_uart.c.obj
 .text.HAL_UART_RxCpltCallback
                0x08002ce8        0x2 CMakeFiles/R1_demo.elf.dir/Drivers/STM32F4xx_HAL_Driver/Src/stm32f4xx_hal_uart.c.obj
                0x08002ce8                HAL_UART_RxCpltCallback
 .text.HAL_UART_RxHalfCpltCallback
                0x08002cea        0x2 CMakeFiles/R1_demo.elf.dir/Drivers/STM32F4xx_HAL_Driver/Src/stm32f4xx_hal_uart.c.obj
                0x08002cea                HAL_UART_RxHalfCpltCallback
 .text.HAL_UART_ErrorCallback
                0x08002cec        0x2 CMakeFiles/R1_demo.elf.dir/Drivers/STM32F4xx_HAL_Driver/Src/stm32f4xx_hal_uart.c.obj
                0x08002cec                HAL_UART_ErrorCallback
 .text.UART_DMAError
                0x08002cee       0x58 CMakeFiles/R1_demo.elf.dir/Drivers/STM32F4xx_HAL_Driver/Src/stm32f4xx_hal_uart.c.obj
 .text.UART_DMAAbortOnError
                0x08002d46       0x10 CMakeFiles/R1_demo.elf.dir/Drivers/STM32F4xx_HAL_Driver/Src/stm32f4xx_hal_uart.c.obj
 .text.HAL_UARTEx_RxEventCallback
                0x08002d56        0x2 CMakeFiles/R1_demo.elf.dir/Drivers/STM32F4xx_HAL_Driver/Src/stm32f4xx_hal_uart.c.obj
                0x08002d56                HAL_UARTEx_RxEventCallback
 .text.UART_Receive_IT
                0x08002d58       0xe2 CMakeFiles/R1_demo.elf.dir/Drivers/STM32F4xx_HAL_Driver/Src/stm32f4xx_hal_uart.c.obj
 *fill*         0x08002e3a        0x2 
 .text.HAL_UART_IRQHandler
                0x08002e3c      0x280 CMakeFiles/R1_demo.elf.dir/Drivers/STM32F4xx_HAL_Driver/Src/stm32f4xx_hal_uart.c.obj
                0x08002e3c                HAL_UART_IRQHandler
 .text.UART_DMARxHalfCplt
                0x080030bc       0x1a CMakeFiles/R1_demo.elf.dir/Drivers/STM32F4xx_HAL_Driver/Src/stm32f4xx_hal_uart.c.obj
 .text.UART_DMAReceiveCplt
                0x080030d6       0x96 CMakeFiles/R1_demo.elf.dir/Drivers/STM32F4xx_HAL_Driver/Src/stm32f4xx_hal_uart.c.obj
 .text.UART_Start_Receive_DMA
                0x0800316c       0xa8 CMakeFiles/R1_demo.elf.dir/Drivers/STM32F4xx_HAL_Driver/Src/stm32f4xx_hal_uart.c.obj
                0x0800316c                UART_Start_Receive_DMA
 .text.HAL_UART_Receive_DMA
                0x08003214       0x38 CMakeFiles/R1_demo.elf.dir/Drivers/STM32F4xx_HAL_Driver/Src/stm32f4xx_hal_uart.c.obj
                0x08003214                HAL_UART_Receive_DMA
 .text.makeFreeRtosPriority
                0x0800324c        0xc CMakeFiles/R1_demo.elf.dir/Middlewares/Third_Party/FreeRTOS/Source/CMSIS_RTOS/cmsis_os.c.obj
 .text.osKernelStart
                0x08003258        0xa CMakeFiles/R1_demo.elf.dir/Middlewares/Third_Party/FreeRTOS/Source/CMSIS_RTOS/cmsis_os.c.obj
                0x08003258                osKernelStart
 .text.osThreadCreate
                0x08003262       0x6a CMakeFiles/R1_demo.elf.dir/Middlewares/Third_Party/FreeRTOS/Source/CMSIS_RTOS/cmsis_os.c.obj
                0x08003262                osThreadCreate
 .text.osDelay  0x080032cc        0xe CMakeFiles/R1_demo.elf.dir/Middlewares/Third_Party/FreeRTOS/Source/CMSIS_RTOS/cmsis_os.c.obj
                0x080032cc                osDelay
 .text.vListInitialise
                0x080032da       0x16 CMakeFiles/R1_demo.elf.dir/Middlewares/Third_Party/FreeRTOS/Source/list.c.obj
                0x080032da                vListInitialise
 .text.vListInitialiseItem
                0x080032f0        0x6 CMakeFiles/R1_demo.elf.dir/Middlewares/Third_Party/FreeRTOS/Source/list.c.obj
                0x080032f0                vListInitialiseItem
 .text.vListInsertEnd
                0x080032f6       0x16 CMakeFiles/R1_demo.elf.dir/Middlewares/Third_Party/FreeRTOS/Source/list.c.obj
                0x080032f6                vListInsertEnd
 .text.vListInsert
                0x0800330c       0x32 CMakeFiles/R1_demo.elf.dir/Middlewares/Third_Party/FreeRTOS/Source/list.c.obj
                0x0800330c                vListInsert
 .text.uxListRemove
                0x0800333e       0x26 CMakeFiles/R1_demo.elf.dir/Middlewares/Third_Party/FreeRTOS/Source/list.c.obj
                0x0800333e                uxListRemove
 .text.prvTaskExitError
                0x08003364       0x40 CMakeFiles/R1_demo.elf.dir/Middlewares/Third_Party/FreeRTOS/Source/portable/GCC/ARM_CM4F/port.c.obj
 .text.prvPortStartFirstTask
                0x080033a4       0x28 CMakeFiles/R1_demo.elf.dir/Middlewares/Third_Party/FreeRTOS/Source/portable/GCC/ARM_CM4F/port.c.obj
 .text.vPortEnableVFP
                0x080033cc       0x14 CMakeFiles/R1_demo.elf.dir/Middlewares/Third_Party/FreeRTOS/Source/portable/GCC/ARM_CM4F/port.c.obj
 .text.pxPortInitialiseStack
                0x080033e0       0x2c CMakeFiles/R1_demo.elf.dir/Middlewares/Third_Party/FreeRTOS/Source/portable/GCC/ARM_CM4F/port.c.obj
                0x080033e0                pxPortInitialiseStack
 *fill*         0x0800340c        0x4 
 .text.SVC_Handler
                0x08003410       0x24 CMakeFiles/R1_demo.elf.dir/Middlewares/Third_Party/FreeRTOS/Source/portable/GCC/ARM_CM4F/port.c.obj
                0x08003410                SVC_Handler
 .text.vPortEnterCritical
                0x08003434       0x44 CMakeFiles/R1_demo.elf.dir/Middlewares/Third_Party/FreeRTOS/Source/portable/GCC/ARM_CM4F/port.c.obj
                0x08003434                vPortEnterCritical
 .text.vPortExitCritical
                0x08003478       0x2c CMakeFiles/R1_demo.elf.dir/Middlewares/Third_Party/FreeRTOS/Source/portable/GCC/ARM_CM4F/port.c.obj
                0x08003478                vPortExitCritical
 *fill*         0x080034a4        0xc 
 .text.PendSV_Handler
                0x080034b0       0x64 CMakeFiles/R1_demo.elf.dir/Middlewares/Third_Party/FreeRTOS/Source/portable/GCC/ARM_CM4F/port.c.obj
                0x080034b0                PendSV_Handler
 .text.xPortSysTickHandler
                0x08003514       0x2c CMakeFiles/R1_demo.elf.dir/Middlewares/Third_Party/FreeRTOS/Source/portable/GCC/ARM_CM4F/port.c.obj
                0x08003514                xPortSysTickHandler
 .text.vPortSetupTimerInterrupt
                0x08003540       0x28 CMakeFiles/R1_demo.elf.dir/Middlewares/Third_Party/FreeRTOS/Source/portable/GCC/ARM_CM4F/port.c.obj
                0x08003540                vPortSetupTimerInterrupt
 .text.xPortStartScheduler
                0x08003568      0x118 CMakeFiles/R1_demo.elf.dir/Middlewares/Third_Party/FreeRTOS/Source/portable/GCC/ARM_CM4F/port.c.obj
                0x08003568                xPortStartScheduler
 .text.prvHeapInit
                0x08003680       0x64 CMakeFiles/R1_demo.elf.dir/Middlewares/Third_Party/FreeRTOS/Source/portable/MemMang/heap_4.c.obj
 .text.prvInsertBlockIntoFreeList
                0x080036e4       0x64 CMakeFiles/R1_demo.elf.dir/Middlewares/Third_Party/FreeRTOS/Source/portable/MemMang/heap_4.c.obj
 .text.pvPortMalloc
                0x08003748       0xfc CMakeFiles/R1_demo.elf.dir/Middlewares/Third_Party/FreeRTOS/Source/portable/MemMang/heap_4.c.obj
                0x08003748                pvPortMalloc
 .text.vPortFree
                0x08003844       0x7c CMakeFiles/R1_demo.elf.dir/Middlewares/Third_Party/FreeRTOS/Source/portable/MemMang/heap_4.c.obj
                0x08003844                vPortFree
 .text.prvResetNextTaskUnblockTime
                0x080038c0       0x2c CMakeFiles/R1_demo.elf.dir/Middlewares/Third_Party/FreeRTOS/Source/tasks.c.obj
 .text.prvInitialiseNewTask
                0x080038ec       0xa2 CMakeFiles/R1_demo.elf.dir/Middlewares/Third_Party/FreeRTOS/Source/tasks.c.obj
 *fill*         0x0800398e        0x2 
 .text.prvInitialiseTaskLists
                0x08003990       0x68 CMakeFiles/R1_demo.elf.dir/Middlewares/Third_Party/FreeRTOS/Source/tasks.c.obj
 .text.prvAddNewTaskToReadyList
                0x080039f8       0xa8 CMakeFiles/R1_demo.elf.dir/Middlewares/Third_Party/FreeRTOS/Source/tasks.c.obj
 .text.prvDeleteTCB
                0x08003aa0       0x38 CMakeFiles/R1_demo.elf.dir/Middlewares/Third_Party/FreeRTOS/Source/tasks.c.obj
 .text.prvCheckTasksWaitingTermination
                0x08003ad8       0x4c CMakeFiles/R1_demo.elf.dir/Middlewares/Third_Party/FreeRTOS/Source/tasks.c.obj
 .text.prvIdleTask
                0x08003b24       0x28 CMakeFiles/R1_demo.elf.dir/Middlewares/Third_Party/FreeRTOS/Source/tasks.c.obj
 .text.prvAddCurrentTaskToDelayedList
                0x08003b4c       0x98 CMakeFiles/R1_demo.elf.dir/Middlewares/Third_Party/FreeRTOS/Source/tasks.c.obj
 .text.xTaskCreateStatic
                0x08003be4       0x76 CMakeFiles/R1_demo.elf.dir/Middlewares/Third_Party/FreeRTOS/Source/tasks.c.obj
                0x08003be4                xTaskCreateStatic
 .text.xTaskCreate
                0x08003c5a       0x68 CMakeFiles/R1_demo.elf.dir/Middlewares/Third_Party/FreeRTOS/Source/tasks.c.obj
                0x08003c5a                xTaskCreate
 *fill*         0x08003cc2        0x2 
 .text.vTaskStartScheduler
                0x08003cc4       0x74 CMakeFiles/R1_demo.elf.dir/Middlewares/Third_Party/FreeRTOS/Source/tasks.c.obj
                0x08003cc4                vTaskStartScheduler
 .text.vTaskSuspendAll
                0x08003d38       0x10 CMakeFiles/R1_demo.elf.dir/Middlewares/Third_Party/FreeRTOS/Source/tasks.c.obj
                0x08003d38                vTaskSuspendAll
 .text.xTaskIncrementTick
                0x08003d48      0x118 CMakeFiles/R1_demo.elf.dir/Middlewares/Third_Party/FreeRTOS/Source/tasks.c.obj
                0x08003d48                xTaskIncrementTick
 .text.xTaskResumeAll
                0x08003e60       0xf8 CMakeFiles/R1_demo.elf.dir/Middlewares/Third_Party/FreeRTOS/Source/tasks.c.obj
                0x08003e60                xTaskResumeAll
 .text.vTaskDelay
                0x08003f58       0x4c CMakeFiles/R1_demo.elf.dir/Middlewares/Third_Party/FreeRTOS/Source/tasks.c.obj
                0x08003f58                vTaskDelay
 .text.vTaskSwitchContext
                0x08003fa4       0x98 CMakeFiles/R1_demo.elf.dir/Middlewares/Third_Party/FreeRTOS/Source/tasks.c.obj
                0x08003fa4                vTaskSwitchContext
 .text.xTaskGetSchedulerState
                0x0800403c       0x20 CMakeFiles/R1_demo.elf.dir/Middlewares/Third_Party/FreeRTOS/Source/tasks.c.obj
                0x0800403c                xTaskGetSchedulerState
 .text.__errno  0x0800405c        0xc f:/102021~1.10/bin/../lib/gcc/arm-none-eabi/10.3.1/../../../../arm-none-eabi/lib/thumb/v7e-m+fp/hard\libg.a(lib_a-errno.o)
                0x0800405c                __errno
 .text.__libc_init_array
                0x08004068       0x48 f:/102021~1.10/bin/../lib/gcc/arm-none-eabi/10.3.1/../../../../arm-none-eabi/lib/thumb/v7e-m+fp/hard\libg.a(lib_a-init.o)
                0x08004068                __libc_init_array
 .text.memset   0x080040b0       0xa4 f:/102021~1.10/bin/../lib/gcc/arm-none-eabi/10.3.1/../../../../arm-none-eabi/lib/thumb/v7e-m+fp/hard\libg.a(lib_a-memset.o)
                0x080040b0                memset
 .text.setvbuf  0x08004154      0x1b0 f:/102021~1.10/bin/../lib/gcc/arm-none-eabi/10.3.1/../../../../arm-none-eabi/lib/thumb/v7e-m+fp/hard\libg.a(lib_a-setvbuf.o)
                0x08004154                setvbuf
 .text.startup.register_fini
                0x08004304       0x14 f:/102021~1.10/bin/../lib/gcc/arm-none-eabi/10.3.1/../../../../arm-none-eabi/lib/thumb/v7e-m+fp/hard\libg.a(lib_a-__call_atexit.o)
 .text.atexit   0x08004318        0xc f:/102021~1.10/bin/../lib/gcc/arm-none-eabi/10.3.1/../../../../arm-none-eabi/lib/thumb/v7e-m+fp/hard\libg.a(lib_a-atexit.o)
                0x08004318                atexit
 .text.__sflush_r
                0x08004324      0x130 f:/102021~1.10/bin/../lib/gcc/arm-none-eabi/10.3.1/../../../../arm-none-eabi/lib/thumb/v7e-m+fp/hard\libg.a(lib_a-fflush.o)
                0x08004324                __sflush_r
 .text._fflush_r
                0x08004454       0x5c f:/102021~1.10/bin/../lib/gcc/arm-none-eabi/10.3.1/../../../../arm-none-eabi/lib/thumb/v7e-m+fp/hard\libg.a(lib_a-fflush.o)
                0x08004454                _fflush_r
 .text._cleanup_r
                0x080044b0        0xc f:/102021~1.10/bin/../lib/gcc/arm-none-eabi/10.3.1/../../../../arm-none-eabi/lib/thumb/v7e-m+fp/hard\libg.a(lib_a-findfp.o)
                0x080044b0                _cleanup_r
 .text.__sinit  0x080044bc      0x10c f:/102021~1.10/bin/../lib/gcc/arm-none-eabi/10.3.1/../../../../arm-none-eabi/lib/thumb/v7e-m+fp/hard\libg.a(lib_a-findfp.o)
                0x080044bc                __sinit
 .text.__sfp_lock_acquire
                0x080045c8        0xc f:/102021~1.10/bin/../lib/gcc/arm-none-eabi/10.3.1/../../../../arm-none-eabi/lib/thumb/v7e-m+fp/hard\libg.a(lib_a-findfp.o)
                0x080045c8                __sfp_lock_acquire
 .text.__sfp_lock_release
                0x080045d4        0xc f:/102021~1.10/bin/../lib/gcc/arm-none-eabi/10.3.1/../../../../arm-none-eabi/lib/thumb/v7e-m+fp/hard\libg.a(lib_a-findfp.o)
                0x080045d4                __sfp_lock_release
 .text.__libc_fini_array
                0x080045e0       0x2c f:/102021~1.10/bin/../lib/gcc/arm-none-eabi/10.3.1/../../../../arm-none-eabi/lib/thumb/v7e-m+fp/hard\libg.a(lib_a-fini.o)
                0x080045e0                __libc_fini_array
 .text._malloc_trim_r
                0x0800460c       0xa0 f:/102021~1.10/bin/../lib/gcc/arm-none-eabi/10.3.1/../../../../arm-none-eabi/lib/thumb/v7e-m+fp/hard\libg.a(lib_a-freer.o)
                0x0800460c                _malloc_trim_r
 .text._free_r  0x080046ac      0x20c f:/102021~1.10/bin/../lib/gcc/arm-none-eabi/10.3.1/../../../../arm-none-eabi/lib/thumb/v7e-m+fp/hard\libg.a(lib_a-freer.o)
                0x080046ac                _free_r
 .text._fwalk_reent
                0x080048b8       0x48 f:/102021~1.10/bin/../lib/gcc/arm-none-eabi/10.3.1/../../../../arm-none-eabi/lib/thumb/v7e-m+fp/hard\libg.a(lib_a-fwalk.o)
                0x080048b8                _fwalk_reent
 .text.__retarget_lock_init_recursive
                0x08004900        0x4 f:/102021~1.10/bin/../lib/gcc/arm-none-eabi/10.3.1/../../../../arm-none-eabi/lib/thumb/v7e-m+fp/hard\libg.a(lib_a-lock.o)
                0x08004900                __retarget_lock_init_recursive
 .text.__retarget_lock_close_recursive
                0x08004904        0x4 f:/102021~1.10/bin/../lib/gcc/arm-none-eabi/10.3.1/../../../../arm-none-eabi/lib/thumb/v7e-m+fp/hard\libg.a(lib_a-lock.o)
                0x08004904                __retarget_lock_close_recursive
 .text.__retarget_lock_acquire_recursive
                0x08004908        0x4 f:/102021~1.10/bin/../lib/gcc/arm-none-eabi/10.3.1/../../../../arm-none-eabi/lib/thumb/v7e-m+fp/hard\libg.a(lib_a-lock.o)
                0x08004908                __retarget_lock_acquire_recursive
 .text.__retarget_lock_release_recursive
                0x0800490c        0x4 f:/102021~1.10/bin/../lib/gcc/arm-none-eabi/10.3.1/../../../../arm-none-eabi/lib/thumb/v7e-m+fp/hard\libg.a(lib_a-lock.o)
                0x0800490c                __retarget_lock_release_recursive
 .text.__swhatbuf_r
                0x08004910       0x60 f:/102021~1.10/bin/../lib/gcc/arm-none-eabi/10.3.1/../../../../arm-none-eabi/lib/thumb/v7e-m+fp/hard\libg.a(lib_a-makebuf.o)
                0x08004910                __swhatbuf_r
 .text.malloc   0x08004970       0x10 f:/102021~1.10/bin/../lib/gcc/arm-none-eabi/10.3.1/../../../../arm-none-eabi/lib/thumb/v7e-m+fp/hard\libg.a(lib_a-malloc.o)
                0x08004970                malloc
 .text._malloc_r
                0x08004980      0x560 f:/102021~1.10/bin/../lib/gcc/arm-none-eabi/10.3.1/../../../../arm-none-eabi/lib/thumb/v7e-m+fp/hard\libg.a(lib_a-mallocr.o)
                0x08004980                _malloc_r
 .text.__malloc_lock
                0x08004ee0        0xc f:/102021~1.10/bin/../lib/gcc/arm-none-eabi/10.3.1/../../../../arm-none-eabi/lib/thumb/v7e-m+fp/hard\libg.a(lib_a-mlock.o)
                0x08004ee0                __malloc_lock
 .text.__malloc_unlock
                0x08004eec        0xc f:/102021~1.10/bin/../lib/gcc/arm-none-eabi/10.3.1/../../../../arm-none-eabi/lib/thumb/v7e-m+fp/hard\libg.a(lib_a-mlock.o)
                0x08004eec                __malloc_unlock
 .text._sbrk_r  0x08004ef8       0x24 f:/102021~1.10/bin/../lib/gcc/arm-none-eabi/10.3.1/../../../../arm-none-eabi/lib/thumb/v7e-m+fp/hard\libg.a(lib_a-sbrkr.o)
                0x08004ef8                _sbrk_r
 .text.__sread  0x08004f1c       0x24 f:/102021~1.10/bin/../lib/gcc/arm-none-eabi/10.3.1/../../../../arm-none-eabi/lib/thumb/v7e-m+fp/hard\libg.a(lib_a-stdio.o)
                0x08004f1c                __sread
 .text.__swrite
                0x08004f40       0x40 f:/102021~1.10/bin/../lib/gcc/arm-none-eabi/10.3.1/../../../../arm-none-eabi/lib/thumb/v7e-m+fp/hard\libg.a(lib_a-stdio.o)
                0x08004f40                __swrite
 .text.__sseek  0x08004f80       0x20 f:/102021~1.10/bin/../lib/gcc/arm-none-eabi/10.3.1/../../../../arm-none-eabi/lib/thumb/v7e-m+fp/hard\libg.a(lib_a-stdio.o)
                0x08004f80                __sseek
 .text.__sclose
                0x08004fa0        0x8 f:/102021~1.10/bin/../lib/gcc/arm-none-eabi/10.3.1/../../../../arm-none-eabi/lib/thumb/v7e-m+fp/hard\libg.a(lib_a-stdio.o)
                0x08004fa0                __sclose
 .text._write_r
                0x08004fa8       0x2c f:/102021~1.10/bin/../lib/gcc/arm-none-eabi/10.3.1/../../../../arm-none-eabi/lib/thumb/v7e-m+fp/hard\libg.a(lib_a-writer.o)
                0x08004fa8                _write_r
 .text.__register_exitproc
                0x08004fd4       0x8c f:/102021~1.10/bin/../lib/gcc/arm-none-eabi/10.3.1/../../../../arm-none-eabi/lib/thumb/v7e-m+fp/hard\libg.a(lib_a-__atexit.o)
                0x08004fd4                __register_exitproc
 .text._close_r
                0x08005060       0x24 f:/102021~1.10/bin/../lib/gcc/arm-none-eabi/10.3.1/../../../../arm-none-eabi/lib/thumb/v7e-m+fp/hard\libg.a(lib_a-closer.o)
                0x08005060                _close_r
 .text._fclose_r
                0x08005084       0xcc f:/102021~1.10/bin/../lib/gcc/arm-none-eabi/10.3.1/../../../../arm-none-eabi/lib/thumb/v7e-m+fp/hard\libg.a(lib_a-fclose.o)
                0x08005084                _fclose_r
 .text._fstat_r
                0x08005150       0x2c f:/102021~1.10/bin/../lib/gcc/arm-none-eabi/10.3.1/../../../../arm-none-eabi/lib/thumb/v7e-m+fp/hard\libg.a(lib_a-fstatr.o)
                0x08005150                _fstat_r
 .text._lseek_r
                0x0800517c       0x2c f:/102021~1.10/bin/../lib/gcc/arm-none-eabi/10.3.1/../../../../arm-none-eabi/lib/thumb/v7e-m+fp/hard\libg.a(lib_a-lseekr.o)
                0x0800517c                _lseek_r
 .text._read_r  0x080051a8       0x2c f:/102021~1.10/bin/../lib/gcc/arm-none-eabi/10.3.1/../../../../arm-none-eabi/lib/thumb/v7e-m+fp/hard\libg.a(lib_a-readr.o)
                0x080051a8                _read_r
 *(.glue_7)
 .glue_7        0x080051d4        0x0 linker stubs
 *(.glue_7t)
 .glue_7t       0x080051d4        0x0 linker stubs
 *(.eh_frame)
 .eh_frame      0x080051d4        0x0 f:/102021~1.10/bin/../lib/gcc/arm-none-eabi/10.3.1/thumb/v7e-m+fp/hard/crtbegin.o
 *(.init)
 .init          0x080051d4        0x4 f:/102021~1.10/bin/../lib/gcc/arm-none-eabi/10.3.1/thumb/v7e-m+fp/hard/crti.o
                0x080051d4                _init
 .init          0x080051d8        0x8 f:/102021~1.10/bin/../lib/gcc/arm-none-eabi/10.3.1/thumb/v7e-m+fp/hard/crtn.o
 *(.fini)
 .fini          0x080051e0        0x4 f:/102021~1.10/bin/../lib/gcc/arm-none-eabi/10.3.1/thumb/v7e-m+fp/hard/crti.o
                0x080051e0                _fini
 .fini          0x080051e4        0x8 f:/102021~1.10/bin/../lib/gcc/arm-none-eabi/10.3.1/thumb/v7e-m+fp/hard/crtn.o
                0x080051ec                . = ALIGN (0x4)
                0x080051ec                _etext = .

.vfp11_veneer   0x080051ec        0x0
 .vfp11_veneer  0x080051ec        0x0 linker stubs

.v4_bx          0x080051ec        0x0
 .v4_bx         0x080051ec        0x0 linker stubs

.iplt           0x080051ec        0x0
 .iplt          0x080051ec        0x0 f:/102021~1.10/bin/../lib/gcc/arm-none-eabi/10.3.1/thumb/v7e-m+fp/hard/crtbegin.o

.rodata         0x080051ec       0x74
                0x080051ec                . = ALIGN (0x4)
 *(.rodata)
 .rodata        0x080051ec       0x38 CMakeFiles/R1_demo.elf.dir/Core/Src/freertos.c.obj
 *(.rodata*)
 .rodata.str1.4
                0x08005224       0x12 CMakeFiles/R1_demo.elf.dir/Core/Src/freertos.c.obj
 *fill*         0x08005236        0x2 
 .rodata.tail   0x08005238        0x4 CMakeFiles/R1_demo.elf.dir/Core/Src/hs.c.obj
                0x08005238                tail
 .rodata.AHBPrescTable
                0x0800523c       0x10 CMakeFiles/R1_demo.elf.dir/Core/Src/system_stm32f4xx.c.obj
                0x0800523c                AHBPrescTable
 .rodata.APBPrescTable
                0x0800524c        0x8 CMakeFiles/R1_demo.elf.dir/Core/Src/system_stm32f4xx.c.obj
                0x0800524c                APBPrescTable
 .rodata.vTaskStartScheduler.str1.4
                0x08005254        0x5 CMakeFiles/R1_demo.elf.dir/Middlewares/Third_Party/FreeRTOS/Source/tasks.c.obj
 *fill*         0x08005259        0x3 
 .rodata._global_impure_ptr
                0x0800525c        0x4 f:/102021~1.10/bin/../lib/gcc/arm-none-eabi/10.3.1/../../../../arm-none-eabi/lib/thumb/v7e-m+fp/hard\libg.a(lib_a-impure.o)
                0x0800525c                _global_impure_ptr
                0x08005260                . = ALIGN (0x4)

.ARM.extab      0x08005260        0x0
                0x08005260                . = ALIGN (0x4)
 *(.ARM.extab* .gnu.linkonce.armextab.*)
                0x08005260                . = ALIGN (0x4)

.ARM            0x08005260        0x8
                0x08005260                . = ALIGN (0x4)
                0x08005260                __exidx_start = .
 *(.ARM.exidx*)
 .ARM.exidx     0x08005260        0x8 f:/102021~1.10/bin/../lib/gcc/arm-none-eabi/10.3.1/thumb/v7e-m+fp/hard\libgcc.a(_udivmoddi4.o)
                0x08005268                __exidx_end = .
                0x08005268                . = ALIGN (0x4)

.rel.dyn        0x08005268        0x0
 .rel.iplt      0x08005268        0x0 f:/102021~1.10/bin/../lib/gcc/arm-none-eabi/10.3.1/thumb/v7e-m+fp/hard/crtbegin.o

.preinit_array  0x08005268        0x0
                0x08005268                . = ALIGN (0x4)
                0x08005268                PROVIDE (__preinit_array_start = .)
 *(.preinit_array*)
                0x08005268                PROVIDE (__preinit_array_end = .)
                0x08005268                . = ALIGN (0x4)

.init_array     0x08005268        0x8
                0x08005268                . = ALIGN (0x4)
                0x08005268                PROVIDE (__init_array_start = .)
 *(SORT_BY_NAME(.init_array.*))
 .init_array.00000
                0x08005268        0x4 f:/102021~1.10/bin/../lib/gcc/arm-none-eabi/10.3.1/../../../../arm-none-eabi/lib/thumb/v7e-m+fp/hard\libg.a(lib_a-__call_atexit.o)
 *(.init_array*)
 .init_array    0x0800526c        0x4 f:/102021~1.10/bin/../lib/gcc/arm-none-eabi/10.3.1/thumb/v7e-m+fp/hard/crtbegin.o
                0x08005270                PROVIDE (__init_array_end = .)
                0x08005270                . = ALIGN (0x4)

.fini_array     0x08005270        0x4
                0x08005270                . = ALIGN (0x4)
                0x08005270                PROVIDE (__fini_array_start = .)
 *(SORT_BY_NAME(.fini_array.*))
 *(.fini_array*)
 .fini_array    0x08005270        0x4 f:/102021~1.10/bin/../lib/gcc/arm-none-eabi/10.3.1/thumb/v7e-m+fp/hard/crtbegin.o
                0x08005274                PROVIDE (__fini_array_end = .)
                0x08005274                . = ALIGN (0x4)
                0x08005274                _sidata = LOADADDR (.data)

.data           0x20000000      0x88c load address 0x08005274
                0x20000000                . = ALIGN (0x4)
                0x20000000                _sdata = .
 *(.data)
 *(.data*)
 .data.pid1     0x20000000       0x1c CMakeFiles/R1_demo.elf.dir/Core/Src/motor.c.obj
                0x20000000                pid1
 .data.pid2     0x2000001c       0x1c CMakeFiles/R1_demo.elf.dir/Core/Src/motor.c.obj
                0x2000001c                pid2
 .data.SystemCoreClock
                0x20000038        0x4 CMakeFiles/R1_demo.elf.dir/Core/Src/system_stm32f4xx.c.obj
                0x20000038                SystemCoreClock
 .data.uwTickFreq
                0x2000003c        0x1 CMakeFiles/R1_demo.elf.dir/Drivers/STM32F4xx_HAL_Driver/Src/stm32f4xx_hal.c.obj
                0x2000003c                uwTickFreq
 *fill*         0x2000003d        0x3 
 .data.uwTickPrio
                0x20000040        0x4 CMakeFiles/R1_demo.elf.dir/Drivers/STM32F4xx_HAL_Driver/Src/stm32f4xx_hal.c.obj
                0x20000040                uwTickPrio
 .data.uxCriticalNesting
                0x20000044        0x4 CMakeFiles/R1_demo.elf.dir/Middlewares/Third_Party/FreeRTOS/Source/portable/GCC/ARM_CM4F/port.c.obj
 .data._impure_ptr
                0x20000048        0x4 f:/102021~1.10/bin/../lib/gcc/arm-none-eabi/10.3.1/../../../../arm-none-eabi/lib/thumb/v7e-m+fp/hard\libg.a(lib_a-impure.o)
                0x20000048                _impure_ptr
 *fill*         0x2000004c        0x4 
 .data.impure_data
                0x20000050      0x428 f:/102021~1.10/bin/../lib/gcc/arm-none-eabi/10.3.1/../../../../arm-none-eabi/lib/thumb/v7e-m+fp/hard\libg.a(lib_a-impure.o)
 .data.__atexit_recursive_mutex
                0x20000478        0x4 f:/102021~1.10/bin/../lib/gcc/arm-none-eabi/10.3.1/../../../../arm-none-eabi/lib/thumb/v7e-m+fp/hard\libg.a(lib_a-__call_atexit.o)
                0x20000478                __atexit_recursive_mutex
 .data.__malloc_av_
                0x2000047c      0x408 f:/102021~1.10/bin/../lib/gcc/arm-none-eabi/10.3.1/../../../../arm-none-eabi/lib/thumb/v7e-m+fp/hard\libg.a(lib_a-mallocr.o)
                0x2000047c                __malloc_av_
 .data.__malloc_sbrk_base
                0x20000884        0x4 f:/102021~1.10/bin/../lib/gcc/arm-none-eabi/10.3.1/../../../../arm-none-eabi/lib/thumb/v7e-m+fp/hard\libg.a(lib_a-mallocr.o)
                0x20000884                __malloc_sbrk_base
 .data.__malloc_trim_threshold
                0x20000888        0x4 f:/102021~1.10/bin/../lib/gcc/arm-none-eabi/10.3.1/../../../../arm-none-eabi/lib/thumb/v7e-m+fp/hard\libg.a(lib_a-mallocr.o)
                0x20000888                __malloc_trim_threshold
 *(.RamFunc)
 *(.RamFunc*)
                0x2000088c                . = ALIGN (0x4)
                0x2000088c                _edata = .
                0x08005b00                _siccmram = LOADADDR (.ccmram)

.igot.plt       0x2000088c        0x0 load address 0x08005b00
 .igot.plt      0x2000088c        0x0 f:/102021~1.10/bin/../lib/gcc/arm-none-eabi/10.3.1/thumb/v7e-m+fp/hard/crtbegin.o

.ccmram         0x10000000        0x0 load address 0x08005b00
                0x10000000                . = ALIGN (0x4)
                0x10000000                _sccmram = .
 *(.ccmram)
 *(.ccmram*)
                0x10000000                . = ALIGN (0x4)
                0x10000000                _eccmram = .
                0x10000000                . = ALIGN (0x4)

.bss            0x20000890     0x416c
                0x20000890                _sbss = .
                0x20000890                __bss_start__ = _sbss
 *(.bss)
 .bss           0x20000890       0x1c f:/102021~1.10/bin/../lib/gcc/arm-none-eabi/10.3.1/thumb/v7e-m+fp/hard/crtbegin.o
 *(.bss*)
 .bss.RxHeader  0x200008ac       0x1c CMakeFiles/R1_demo.elf.dir/Core/Src/can.c.obj
                0x200008ac                RxHeader
 .bss.TxHeader  0x200008c8       0x18 CMakeFiles/R1_demo.elf.dir/Core/Src/can.c.obj
                0x200008c8                TxHeader
 .bss.hcan1     0x200008e0       0x28 CMakeFiles/R1_demo.elf.dir/Core/Src/can.c.obj
                0x200008e0                hcan1
 .bss.DEBUGHandle
                0x20000908        0x4 CMakeFiles/R1_demo.elf.dir/Core/Src/freertos.c.obj
                0x20000908                DEBUGHandle
 .bss.defaultTaskHandle
                0x2000090c        0x4 CMakeFiles/R1_demo.elf.dir/Core/Src/freertos.c.obj
                0x2000090c                defaultTaskHandle
 .bss.xIdleStack
                0x20000910      0x200 CMakeFiles/R1_demo.elf.dir/Core/Src/freertos.c.obj
 .bss.xIdleTaskTCBBuffer
                0x20000b10       0x54 CMakeFiles/R1_demo.elf.dir/Core/Src/freertos.c.obj
 .bss.hiwdg     0x20000b64        0xc CMakeFiles/R1_demo.elf.dir/Core/Src/iwdg.c.obj
                0x20000b64                hiwdg
 .bss.Can_Callback_Message
                0x20000b70       0x1e CMakeFiles/R1_demo.elf.dir/Core/Src/main.c.obj
                0x20000b70                Can_Callback_Message
 *fill*         0x20000b8e        0x2 
 .bss.Sensor_Count
                0x20000b90        0x4 CMakeFiles/R1_demo.elf.dir/Core/Src/main.c.obj
                0x20000b90                Sensor_Count
 .bss.Sensor_Current
                0x20000b94        0x4 CMakeFiles/R1_demo.elf.dir/Core/Src/main.c.obj
                0x20000b94                Sensor_Current
 .bss.Sensor_Position
                0x20000b98        0x4 CMakeFiles/R1_demo.elf.dir/Core/Src/main.c.obj
                0x20000b98                Sensor_Position
 .bss.Sensor_Speed
                0x20000b9c        0x4 CMakeFiles/R1_demo.elf.dir/Core/Src/main.c.obj
                0x20000b9c                Sensor_Speed
 .bss.Stop_Position
                0x20000ba0        0x4 CMakeFiles/R1_demo.elf.dir/Core/Src/main.c.obj
                0x20000ba0                Stop_Position
 *fill*         0x20000ba4        0x4 
 .bss.general_time
                0x20000ba8        0x8 CMakeFiles/R1_demo.elf.dir/Core/Src/main.c.obj
                0x20000ba8                general_time
 .bss.global_flag
                0x20000bb0        0x1 CMakeFiles/R1_demo.elf.dir/Core/Src/main.c.obj
                0x20000bb0                global_flag
 *fill*         0x20000bb1        0x3 
 .bss.last_Sensor_Count
                0x20000bb4        0x4 CMakeFiles/R1_demo.elf.dir/Core/Src/main.c.obj
                0x20000bb4                last_Sensor_Count
 .bss.pos_t     0x20000bb8        0x4 CMakeFiles/R1_demo.elf.dir/Core/Src/main.c.obj
                0x20000bb8                pos_t
 .bss.output    0x20000bbc        0x2 CMakeFiles/R1_demo.elf.dir/Core/Src/motor.c.obj
                0x20000bbc                output
 *fill*         0x20000bbe        0x2 
 .bss.txbuffer  0x20000bc0        0x8 CMakeFiles/R1_demo.elf.dir/Core/Src/motor.c.obj
                0x20000bc0                txbuffer
 .bss.gHuart    0x20000bc8        0x4 CMakeFiles/R1_demo.elf.dir/Core/Src/retarget.c.obj
                0x20000bc8                gHuart
 .bss.__sbrk_heap_end
                0x20000bcc        0x4 CMakeFiles/R1_demo.elf.dir/Core/Src/sysmem.c.obj
 .bss.htim3     0x20000bd0       0x48 CMakeFiles/R1_demo.elf.dir/Core/Src/tim.c.obj
                0x20000bd0                htim3
 .bss.huart1    0x20000c18       0x44 CMakeFiles/R1_demo.elf.dir/Core/Src/usart.c.obj
                0x20000c18                huart1
 .bss.uwTick    0x20000c5c        0x4 CMakeFiles/R1_demo.elf.dir/Drivers/STM32F4xx_HAL_Driver/Src/stm32f4xx_hal.c.obj
                0x20000c5c                uwTick
 .bss.ucMaxSysCallPriority
                0x20000c60        0x1 CMakeFiles/R1_demo.elf.dir/Middlewares/Third_Party/FreeRTOS/Source/portable/GCC/ARM_CM4F/port.c.obj
 *fill*         0x20000c61        0x3 
 .bss.ulMaxPRIGROUPValue
                0x20000c64        0x4 CMakeFiles/R1_demo.elf.dir/Middlewares/Third_Party/FreeRTOS/Source/portable/GCC/ARM_CM4F/port.c.obj
 .bss.pxEnd     0x20000c68        0x4 CMakeFiles/R1_demo.elf.dir/Middlewares/Third_Party/FreeRTOS/Source/portable/MemMang/heap_4.c.obj
 .bss.ucHeap    0x20000c6c     0x3c00 CMakeFiles/R1_demo.elf.dir/Middlewares/Third_Party/FreeRTOS/Source/portable/MemMang/heap_4.c.obj
 .bss.xBlockAllocatedBit
                0x2000486c        0x4 CMakeFiles/R1_demo.elf.dir/Middlewares/Third_Party/FreeRTOS/Source/portable/MemMang/heap_4.c.obj
 .bss.xFreeBytesRemaining
                0x20004870        0x4 CMakeFiles/R1_demo.elf.dir/Middlewares/Third_Party/FreeRTOS/Source/portable/MemMang/heap_4.c.obj
 .bss.xMinimumEverFreeBytesRemaining
                0x20004874        0x4 CMakeFiles/R1_demo.elf.dir/Middlewares/Third_Party/FreeRTOS/Source/portable/MemMang/heap_4.c.obj
 .bss.xNumberOfSuccessfulAllocations
                0x20004878        0x4 CMakeFiles/R1_demo.elf.dir/Middlewares/Third_Party/FreeRTOS/Source/portable/MemMang/heap_4.c.obj
 .bss.xNumberOfSuccessfulFrees
                0x2000487c        0x4 CMakeFiles/R1_demo.elf.dir/Middlewares/Third_Party/FreeRTOS/Source/portable/MemMang/heap_4.c.obj
 .bss.xStart    0x20004880        0x8 CMakeFiles/R1_demo.elf.dir/Middlewares/Third_Party/FreeRTOS/Source/portable/MemMang/heap_4.c.obj
 .bss.pxCurrentTCB
                0x20004888        0x4 CMakeFiles/R1_demo.elf.dir/Middlewares/Third_Party/FreeRTOS/Source/tasks.c.obj
                0x20004888                pxCurrentTCB
 .bss.pxDelayedTaskList
                0x2000488c        0x4 CMakeFiles/R1_demo.elf.dir/Middlewares/Third_Party/FreeRTOS/Source/tasks.c.obj
 .bss.pxOverflowDelayedTaskList
                0x20004890        0x4 CMakeFiles/R1_demo.elf.dir/Middlewares/Third_Party/FreeRTOS/Source/tasks.c.obj
 .bss.pxReadyTasksLists
                0x20004894       0x8c CMakeFiles/R1_demo.elf.dir/Middlewares/Third_Party/FreeRTOS/Source/tasks.c.obj
 .bss.uxCurrentNumberOfTasks
                0x20004920        0x4 CMakeFiles/R1_demo.elf.dir/Middlewares/Third_Party/FreeRTOS/Source/tasks.c.obj
 .bss.uxDeletedTasksWaitingCleanUp
                0x20004924        0x4 CMakeFiles/R1_demo.elf.dir/Middlewares/Third_Party/FreeRTOS/Source/tasks.c.obj
 .bss.uxSchedulerSuspended
                0x20004928        0x4 CMakeFiles/R1_demo.elf.dir/Middlewares/Third_Party/FreeRTOS/Source/tasks.c.obj
 .bss.uxTaskNumber
                0x2000492c        0x4 CMakeFiles/R1_demo.elf.dir/Middlewares/Third_Party/FreeRTOS/Source/tasks.c.obj
 .bss.uxTopReadyPriority
                0x20004930        0x4 CMakeFiles/R1_demo.elf.dir/Middlewares/Third_Party/FreeRTOS/Source/tasks.c.obj
 .bss.xDelayedTaskList1
                0x20004934       0x14 CMakeFiles/R1_demo.elf.dir/Middlewares/Third_Party/FreeRTOS/Source/tasks.c.obj
 .bss.xDelayedTaskList2
                0x20004948       0x14 CMakeFiles/R1_demo.elf.dir/Middlewares/Third_Party/FreeRTOS/Source/tasks.c.obj
 .bss.xIdleTaskHandle
                0x2000495c        0x4 CMakeFiles/R1_demo.elf.dir/Middlewares/Third_Party/FreeRTOS/Source/tasks.c.obj
 .bss.xNextTaskUnblockTime
                0x20004960        0x4 CMakeFiles/R1_demo.elf.dir/Middlewares/Third_Party/FreeRTOS/Source/tasks.c.obj
 .bss.xNumOfOverflows
                0x20004964        0x4 CMakeFiles/R1_demo.elf.dir/Middlewares/Third_Party/FreeRTOS/Source/tasks.c.obj
 .bss.xPendedTicks
                0x20004968        0x4 CMakeFiles/R1_demo.elf.dir/Middlewares/Third_Party/FreeRTOS/Source/tasks.c.obj
 .bss.xPendingReadyList
                0x2000496c       0x14 CMakeFiles/R1_demo.elf.dir/Middlewares/Third_Party/FreeRTOS/Source/tasks.c.obj
 .bss.xSchedulerRunning
                0x20004980        0x4 CMakeFiles/R1_demo.elf.dir/Middlewares/Third_Party/FreeRTOS/Source/tasks.c.obj
 .bss.xSuspendedTaskList
                0x20004984       0x14 CMakeFiles/R1_demo.elf.dir/Middlewares/Third_Party/FreeRTOS/Source/tasks.c.obj
 .bss.xTasksWaitingTermination
                0x20004998       0x14 CMakeFiles/R1_demo.elf.dir/Middlewares/Third_Party/FreeRTOS/Source/tasks.c.obj
 .bss.xTickCount
                0x200049ac        0x4 CMakeFiles/R1_demo.elf.dir/Middlewares/Third_Party/FreeRTOS/Source/tasks.c.obj
 .bss.xYieldPending
                0x200049b0        0x4 CMakeFiles/R1_demo.elf.dir/Middlewares/Third_Party/FreeRTOS/Source/tasks.c.obj
 .bss.__lock___atexit_recursive_mutex
                0x200049b4        0x1 f:/102021~1.10/bin/../lib/gcc/arm-none-eabi/10.3.1/../../../../arm-none-eabi/lib/thumb/v7e-m+fp/hard\libg.a(lib_a-lock.o)
                0x200049b4                __lock___atexit_recursive_mutex
 *fill*         0x200049b5        0x3 
 .bss.__lock___malloc_recursive_mutex
                0x200049b8        0x1 f:/102021~1.10/bin/../lib/gcc/arm-none-eabi/10.3.1/../../../../arm-none-eabi/lib/thumb/v7e-m+fp/hard\libg.a(lib_a-lock.o)
                0x200049b8                __lock___malloc_recursive_mutex
 *fill*         0x200049b9        0x3 
 .bss.__lock___sfp_recursive_mutex
                0x200049bc        0x1 f:/102021~1.10/bin/../lib/gcc/arm-none-eabi/10.3.1/../../../../arm-none-eabi/lib/thumb/v7e-m+fp/hard\libg.a(lib_a-lock.o)
                0x200049bc                __lock___sfp_recursive_mutex
 *fill*         0x200049bd        0x3 
 .bss.__lock___sinit_recursive_mutex
                0x200049c0        0x1 f:/102021~1.10/bin/../lib/gcc/arm-none-eabi/10.3.1/../../../../arm-none-eabi/lib/thumb/v7e-m+fp/hard\libg.a(lib_a-lock.o)
                0x200049c0                __lock___sinit_recursive_mutex
 *fill*         0x200049c1        0x3 
 .bss.__malloc_current_mallinfo
                0x200049c4       0x28 f:/102021~1.10/bin/../lib/gcc/arm-none-eabi/10.3.1/../../../../arm-none-eabi/lib/thumb/v7e-m+fp/hard\libg.a(lib_a-mallocr.o)
                0x200049c4                __malloc_current_mallinfo
 .bss.__malloc_max_sbrked_mem
                0x200049ec        0x4 f:/102021~1.10/bin/../lib/gcc/arm-none-eabi/10.3.1/../../../../arm-none-eabi/lib/thumb/v7e-m+fp/hard\libg.a(lib_a-mallocr.o)
                0x200049ec                __malloc_max_sbrked_mem
 .bss.__malloc_max_total_mem
                0x200049f0        0x4 f:/102021~1.10/bin/../lib/gcc/arm-none-eabi/10.3.1/../../../../arm-none-eabi/lib/thumb/v7e-m+fp/hard\libg.a(lib_a-mallocr.o)
                0x200049f0                __malloc_max_total_mem
 .bss.__malloc_top_pad
                0x200049f4        0x4 f:/102021~1.10/bin/../lib/gcc/arm-none-eabi/10.3.1/../../../../arm-none-eabi/lib/thumb/v7e-m+fp/hard\libg.a(lib_a-mallocr.o)
                0x200049f4                __malloc_top_pad
 .bss.errno     0x200049f8        0x4 f:/102021~1.10/bin/../lib/gcc/arm-none-eabi/10.3.1/../../../../arm-none-eabi/lib/thumb/v7e-m+fp/hard\libg.a(lib_a-reent.o)
                0x200049f8                errno
 *(COMMON)
                0x200049fc                . = ALIGN (0x4)
                0x200049fc                _ebss = .
                0x200049fc                __bss_end__ = _ebss

._user_heap_stack
                0x200049fc      0x604
                0x20004a00                . = ALIGN (0x8)
 *fill*         0x200049fc        0x4 
                [!provide]                PROVIDE (end = .)
                0x20004a00                PROVIDE (_end = .)
                0x20004c00                . = (. + _Min_Heap_Size)
 *fill*         0x20004a00      0x200 
                0x20005000                . = (. + _Min_Stack_Size)
 *fill*         0x20004c00      0x400 
                0x20005000                . = ALIGN (0x8)

/DISCARD/
 libc.a(*)
 libm.a(*)
 libgcc.a(*)

.ARM.attributes
                0x00000000       0x30
 *(.ARM.attributes)
 .ARM.attributes
                0x00000000       0x1e f:/102021~1.10/bin/../lib/gcc/arm-none-eabi/10.3.1/thumb/v7e-m+fp/hard/crti.o
 .ARM.attributes
                0x0000001e       0x34 f:/102021~1.10/bin/../lib/gcc/arm-none-eabi/10.3.1/thumb/v7e-m+fp/hard/crtbegin.o
 .ARM.attributes
                0x00000052       0x34 CMakeFiles/R1_demo.elf.dir/Core/Src/can.c.obj
 .ARM.attributes
                0x00000086       0x34 CMakeFiles/R1_demo.elf.dir/Core/Src/can_start.c.obj
 .ARM.attributes
                0x000000ba       0x34 CMakeFiles/R1_demo.elf.dir/Core/Src/freertos.c.obj
 .ARM.attributes
                0x000000ee       0x34 CMakeFiles/R1_demo.elf.dir/Core/Src/gpio.c.obj
 .ARM.attributes
                0x00000122       0x34 CMakeFiles/R1_demo.elf.dir/Core/Src/hs.c.obj
 .ARM.attributes
                0x00000156       0x34 CMakeFiles/R1_demo.elf.dir/Core/Src/iwdg.c.obj
 .ARM.attributes
                0x0000018a       0x34 CMakeFiles/R1_demo.elf.dir/Core/Src/main.c.obj
 .ARM.attributes
                0x000001be       0x34 CMakeFiles/R1_demo.elf.dir/Core/Src/motor.c.obj
 .ARM.attributes
                0x000001f2       0x34 CMakeFiles/R1_demo.elf.dir/Core/Src/pid.c.obj
 .ARM.attributes
                0x00000226       0x34 CMakeFiles/R1_demo.elf.dir/Core/Src/retarget.c.obj
 .ARM.attributes
                0x0000025a       0x34 CMakeFiles/R1_demo.elf.dir/Core/Src/selfcheak.c.obj
 .ARM.attributes
                0x0000028e       0x34 CMakeFiles/R1_demo.elf.dir/Core/Src/stm32f4xx_hal_msp.c.obj
 .ARM.attributes
                0x000002c2       0x34 CMakeFiles/R1_demo.elf.dir/Core/Src/stm32f4xx_it.c.obj
 .ARM.attributes
                0x000002f6       0x34 CMakeFiles/R1_demo.elf.dir/Core/Src/syscalls.c.obj
 .ARM.attributes
                0x0000032a       0x34 CMakeFiles/R1_demo.elf.dir/Core/Src/sysmem.c.obj
 .ARM.attributes
                0x0000035e       0x34 CMakeFiles/R1_demo.elf.dir/Core/Src/system_stm32f4xx.c.obj
 .ARM.attributes
                0x00000392       0x34 CMakeFiles/R1_demo.elf.dir/Core/Src/tim.c.obj
 .ARM.attributes
                0x000003c6       0x34 CMakeFiles/R1_demo.elf.dir/Core/Src/usart.c.obj
 .ARM.attributes
                0x000003fa       0x21 CMakeFiles/R1_demo.elf.dir/Core/Startup/startup_stm32f407zgtx.s.obj
 .ARM.attributes
                0x0000041b       0x34 CMakeFiles/R1_demo.elf.dir/Drivers/STM32F4xx_HAL_Driver/Src/stm32f4xx_hal.c.obj
 .ARM.attributes
                0x0000044f       0x34 CMakeFiles/R1_demo.elf.dir/Drivers/STM32F4xx_HAL_Driver/Src/stm32f4xx_hal_can.c.obj
 .ARM.attributes
                0x00000483       0x34 CMakeFiles/R1_demo.elf.dir/Drivers/STM32F4xx_HAL_Driver/Src/stm32f4xx_hal_cortex.c.obj
 .ARM.attributes
                0x000004b7       0x34 CMakeFiles/R1_demo.elf.dir/Drivers/STM32F4xx_HAL_Driver/Src/stm32f4xx_hal_dma.c.obj
 .ARM.attributes
                0x000004eb       0x34 CMakeFiles/R1_demo.elf.dir/Drivers/STM32F4xx_HAL_Driver/Src/stm32f4xx_hal_gpio.c.obj
 .ARM.attributes
                0x0000051f       0x34 CMakeFiles/R1_demo.elf.dir/Drivers/STM32F4xx_HAL_Driver/Src/stm32f4xx_hal_iwdg.c.obj
 .ARM.attributes
                0x00000553       0x34 CMakeFiles/R1_demo.elf.dir/Drivers/STM32F4xx_HAL_Driver/Src/stm32f4xx_hal_rcc.c.obj
 .ARM.attributes
                0x00000587       0x34 CMakeFiles/R1_demo.elf.dir/Drivers/STM32F4xx_HAL_Driver/Src/stm32f4xx_hal_tim.c.obj
 .ARM.attributes
                0x000005bb       0x34 CMakeFiles/R1_demo.elf.dir/Drivers/STM32F4xx_HAL_Driver/Src/stm32f4xx_hal_tim_ex.c.obj
 .ARM.attributes
                0x000005ef       0x34 CMakeFiles/R1_demo.elf.dir/Drivers/STM32F4xx_HAL_Driver/Src/stm32f4xx_hal_uart.c.obj
 .ARM.attributes
                0x00000623       0x34 CMakeFiles/R1_demo.elf.dir/Middlewares/Third_Party/FreeRTOS/Source/CMSIS_RTOS/cmsis_os.c.obj
 .ARM.attributes
                0x00000657       0x34 CMakeFiles/R1_demo.elf.dir/Middlewares/Third_Party/FreeRTOS/Source/list.c.obj
 .ARM.attributes
                0x0000068b       0x34 CMakeFiles/R1_demo.elf.dir/Middlewares/Third_Party/FreeRTOS/Source/portable/GCC/ARM_CM4F/port.c.obj
 .ARM.attributes
                0x000006bf       0x34 CMakeFiles/R1_demo.elf.dir/Middlewares/Third_Party/FreeRTOS/Source/portable/MemMang/heap_4.c.obj
 .ARM.attributes
                0x000006f3       0x34 CMakeFiles/R1_demo.elf.dir/Middlewares/Third_Party/FreeRTOS/Source/tasks.c.obj
 .ARM.attributes
                0x00000727       0x1e f:/102021~1.10/bin/../lib/gcc/arm-none-eabi/10.3.1/thumb/v7e-m+fp/hard\libgcc.a(_aeabi_uldivmod.o)
 .ARM.attributes
                0x00000745       0x34 f:/102021~1.10/bin/../lib/gcc/arm-none-eabi/10.3.1/thumb/v7e-m+fp/hard\libgcc.a(_udivmoddi4.o)
 .ARM.attributes
                0x00000779       0x1e f:/102021~1.10/bin/../lib/gcc/arm-none-eabi/10.3.1/thumb/v7e-m+fp/hard\libgcc.a(_dvmd_tls.o)
 .ARM.attributes
                0x00000797       0x34 f:/102021~1.10/bin/../lib/gcc/arm-none-eabi/10.3.1/../../../../arm-none-eabi/lib/thumb/v7e-m+fp/hard\libg.a(lib_a-errno.o)
 .ARM.attributes
                0x000007cb       0x34 f:/102021~1.10/bin/../lib/gcc/arm-none-eabi/10.3.1/../../../../arm-none-eabi/lib/thumb/v7e-m+fp/hard\libg.a(lib_a-impure.o)
 .ARM.attributes
                0x000007ff       0x34 f:/102021~1.10/bin/../lib/gcc/arm-none-eabi/10.3.1/../../../../arm-none-eabi/lib/thumb/v7e-m+fp/hard\libg.a(lib_a-init.o)
 .ARM.attributes
                0x00000833       0x34 f:/102021~1.10/bin/../lib/gcc/arm-none-eabi/10.3.1/../../../../arm-none-eabi/lib/thumb/v7e-m+fp/hard\libg.a(lib_a-memset.o)
 .ARM.attributes
                0x00000867       0x34 f:/102021~1.10/bin/../lib/gcc/arm-none-eabi/10.3.1/../../../../arm-none-eabi/lib/thumb/v7e-m+fp/hard\libg.a(lib_a-setvbuf.o)
 .ARM.attributes
                0x0000089b       0x34 f:/102021~1.10/bin/../lib/gcc/arm-none-eabi/10.3.1/../../../../arm-none-eabi/lib/thumb/v7e-m+fp/hard\libg.a(lib_a-__call_atexit.o)
 .ARM.attributes
                0x000008cf       0x34 f:/102021~1.10/bin/../lib/gcc/arm-none-eabi/10.3.1/../../../../arm-none-eabi/lib/thumb/v7e-m+fp/hard\libg.a(lib_a-atexit.o)
 .ARM.attributes
                0x00000903       0x34 f:/102021~1.10/bin/../lib/gcc/arm-none-eabi/10.3.1/../../../../arm-none-eabi/lib/thumb/v7e-m+fp/hard\libg.a(lib_a-fflush.o)
 .ARM.attributes
                0x00000937       0x34 f:/102021~1.10/bin/../lib/gcc/arm-none-eabi/10.3.1/../../../../arm-none-eabi/lib/thumb/v7e-m+fp/hard\libg.a(lib_a-findfp.o)
 .ARM.attributes
                0x0000096b       0x34 f:/102021~1.10/bin/../lib/gcc/arm-none-eabi/10.3.1/../../../../arm-none-eabi/lib/thumb/v7e-m+fp/hard\libg.a(lib_a-fini.o)
 .ARM.attributes
                0x0000099f       0x34 f:/102021~1.10/bin/../lib/gcc/arm-none-eabi/10.3.1/../../../../arm-none-eabi/lib/thumb/v7e-m+fp/hard\libg.a(lib_a-freer.o)
 .ARM.attributes
                0x000009d3       0x34 f:/102021~1.10/bin/../lib/gcc/arm-none-eabi/10.3.1/../../../../arm-none-eabi/lib/thumb/v7e-m+fp/hard\libg.a(lib_a-fwalk.o)
 .ARM.attributes
                0x00000a07       0x34 f:/102021~1.10/bin/../lib/gcc/arm-none-eabi/10.3.1/../../../../arm-none-eabi/lib/thumb/v7e-m+fp/hard\libg.a(lib_a-lock.o)
 .ARM.attributes
                0x00000a3b       0x34 f:/102021~1.10/bin/../lib/gcc/arm-none-eabi/10.3.1/../../../../arm-none-eabi/lib/thumb/v7e-m+fp/hard\libg.a(lib_a-makebuf.o)
 .ARM.attributes
                0x00000a6f       0x34 f:/102021~1.10/bin/../lib/gcc/arm-none-eabi/10.3.1/../../../../arm-none-eabi/lib/thumb/v7e-m+fp/hard\libg.a(lib_a-malloc.o)
 .ARM.attributes
                0x00000aa3       0x34 f:/102021~1.10/bin/../lib/gcc/arm-none-eabi/10.3.1/../../../../arm-none-eabi/lib/thumb/v7e-m+fp/hard\libg.a(lib_a-mallocr.o)
 .ARM.attributes
                0x00000ad7       0x34 f:/102021~1.10/bin/../lib/gcc/arm-none-eabi/10.3.1/../../../../arm-none-eabi/lib/thumb/v7e-m+fp/hard\libg.a(lib_a-mlock.o)
 .ARM.attributes
                0x00000b0b       0x34 f:/102021~1.10/bin/../lib/gcc/arm-none-eabi/10.3.1/../../../../arm-none-eabi/lib/thumb/v7e-m+fp/hard\libg.a(lib_a-sbrkr.o)
 .ARM.attributes
                0x00000b3f       0x34 f:/102021~1.10/bin/../lib/gcc/arm-none-eabi/10.3.1/../../../../arm-none-eabi/lib/thumb/v7e-m+fp/hard\libg.a(lib_a-stdio.o)
 .ARM.attributes
                0x00000b73       0x34 f:/102021~1.10/bin/../lib/gcc/arm-none-eabi/10.3.1/../../../../arm-none-eabi/lib/thumb/v7e-m+fp/hard\libg.a(lib_a-writer.o)
 .ARM.attributes
                0x00000ba7       0x34 f:/102021~1.10/bin/../lib/gcc/arm-none-eabi/10.3.1/../../../../arm-none-eabi/lib/thumb/v7e-m+fp/hard\libg.a(lib_a-__atexit.o)
 .ARM.attributes
                0x00000bdb       0x34 f:/102021~1.10/bin/../lib/gcc/arm-none-eabi/10.3.1/../../../../arm-none-eabi/lib/thumb/v7e-m+fp/hard\libg.a(lib_a-closer.o)
 .ARM.attributes
                0x00000c0f       0x34 f:/102021~1.10/bin/../lib/gcc/arm-none-eabi/10.3.1/../../../../arm-none-eabi/lib/thumb/v7e-m+fp/hard\libg.a(lib_a-fclose.o)
 .ARM.attributes
                0x00000c43       0x34 f:/102021~1.10/bin/../lib/gcc/arm-none-eabi/10.3.1/../../../../arm-none-eabi/lib/thumb/v7e-m+fp/hard\libg.a(lib_a-fstatr.o)
 .ARM.attributes
                0x00000c77       0x34 f:/102021~1.10/bin/../lib/gcc/arm-none-eabi/10.3.1/../../../../arm-none-eabi/lib/thumb/v7e-m+fp/hard\libg.a(lib_a-lseekr.o)
 .ARM.attributes
                0x00000cab       0x34 f:/102021~1.10/bin/../lib/gcc/arm-none-eabi/10.3.1/../../../../arm-none-eabi/lib/thumb/v7e-m+fp/hard\libg.a(lib_a-readr.o)
 .ARM.attributes
                0x00000cdf       0x34 f:/102021~1.10/bin/../lib/gcc/arm-none-eabi/10.3.1/../../../../arm-none-eabi/lib/thumb/v7e-m+fp/hard\libg.a(lib_a-reent.o)
 .ARM.attributes
                0x00000d13       0x1e f:/102021~1.10/bin/../lib/gcc/arm-none-eabi/10.3.1/thumb/v7e-m+fp/hard/crtn.o
OUTPUT(R1_demo.elf elf32-littlearm)
LOAD linker stubs
LOAD f:/102021~1.10/bin/../lib/gcc/arm-none-eabi/10.3.1/../../../../arm-none-eabi/lib/thumb/v7e-m+fp/hard\libc.a
LOAD f:/102021~1.10/bin/../lib/gcc/arm-none-eabi/10.3.1/../../../../arm-none-eabi/lib/thumb/v7e-m+fp/hard\libm.a
LOAD f:/102021~1.10/bin/../lib/gcc/arm-none-eabi/10.3.1/thumb/v7e-m+fp/hard\libgcc.a

.debug_info     0x00000000    0x1e6d3
 .debug_info    0x00000000      0xec0 CMakeFiles/R1_demo.elf.dir/Core/Src/can.c.obj
 .debug_info    0x00000ec0      0x615 CMakeFiles/R1_demo.elf.dir/Core/Src/can_start.c.obj
 .debug_info    0x000014d5      0xcf5 CMakeFiles/R1_demo.elf.dir/Core/Src/freertos.c.obj
 .debug_info    0x000021ca      0x4c2 CMakeFiles/R1_demo.elf.dir/Core/Src/gpio.c.obj
 .debug_info    0x0000268c      0x67b CMakeFiles/R1_demo.elf.dir/Core/Src/hs.c.obj
 .debug_info    0x00002d07      0x1e8 CMakeFiles/R1_demo.elf.dir/Core/Src/iwdg.c.obj
 .debug_info    0x00002eef     0x1f29 CMakeFiles/R1_demo.elf.dir/Core/Src/main.c.obj
 .debug_info    0x00004e18      0x7b4 CMakeFiles/R1_demo.elf.dir/Core/Src/motor.c.obj
 .debug_info    0x000055cc      0x1c7 CMakeFiles/R1_demo.elf.dir/Core/Src/pid.c.obj
 .debug_info    0x00005793      0xfea CMakeFiles/R1_demo.elf.dir/Core/Src/retarget.c.obj
 .debug_info    0x0000677d      0x1cb CMakeFiles/R1_demo.elf.dir/Core/Src/selfcheak.c.obj
 .debug_info    0x00006948      0x50d CMakeFiles/R1_demo.elf.dir/Core/Src/stm32f4xx_hal_msp.c.obj
 .debug_info    0x00006e55      0xe2f CMakeFiles/R1_demo.elf.dir/Core/Src/stm32f4xx_it.c.obj
 .debug_info    0x00007c84      0x7af CMakeFiles/R1_demo.elf.dir/Core/Src/syscalls.c.obj
 .debug_info    0x00008433      0x174 CMakeFiles/R1_demo.elf.dir/Core/Src/sysmem.c.obj
 .debug_info    0x000085a7      0x538 CMakeFiles/R1_demo.elf.dir/Core/Src/system_stm32f4xx.c.obj
 .debug_info    0x00008adf      0xe0a CMakeFiles/R1_demo.elf.dir/Core/Src/tim.c.obj
 .debug_info    0x000098e9      0xc76 CMakeFiles/R1_demo.elf.dir/Core/Src/usart.c.obj
 .debug_info    0x0000a55f       0x22 CMakeFiles/R1_demo.elf.dir/Core/Startup/startup_stm32f407zgtx.s.obj
 .debug_info    0x0000a581      0x9f0 CMakeFiles/R1_demo.elf.dir/Drivers/STM32F4xx_HAL_Driver/Src/stm32f4xx_hal.c.obj
 .debug_info    0x0000af71     0x1269 CMakeFiles/R1_demo.elf.dir/Drivers/STM32F4xx_HAL_Driver/Src/stm32f4xx_hal_can.c.obj
 .debug_info    0x0000c1da     0x1098 CMakeFiles/R1_demo.elf.dir/Drivers/STM32F4xx_HAL_Driver/Src/stm32f4xx_hal_cortex.c.obj
 .debug_info    0x0000d272      0xb3f CMakeFiles/R1_demo.elf.dir/Drivers/STM32F4xx_HAL_Driver/Src/stm32f4xx_hal_dma.c.obj
 .debug_info    0x0000ddb1      0x7b0 CMakeFiles/R1_demo.elf.dir/Drivers/STM32F4xx_HAL_Driver/Src/stm32f4xx_hal_gpio.c.obj
 .debug_info    0x0000e561      0x20c CMakeFiles/R1_demo.elf.dir/Drivers/STM32F4xx_HAL_Driver/Src/stm32f4xx_hal_iwdg.c.obj
 .debug_info    0x0000e76d      0xb03 CMakeFiles/R1_demo.elf.dir/Drivers/STM32F4xx_HAL_Driver/Src/stm32f4xx_hal_rcc.c.obj
 .debug_info    0x0000f270     0x3d5b CMakeFiles/R1_demo.elf.dir/Drivers/STM32F4xx_HAL_Driver/Src/stm32f4xx_hal_tim.c.obj
 .debug_info    0x00012fcb     0x1ade CMakeFiles/R1_demo.elf.dir/Drivers/STM32F4xx_HAL_Driver/Src/stm32f4xx_hal_tim_ex.c.obj
 .debug_info    0x00014aa9     0x424e CMakeFiles/R1_demo.elf.dir/Drivers/STM32F4xx_HAL_Driver/Src/stm32f4xx_hal_uart.c.obj
 .debug_info    0x00018cf7     0x222b CMakeFiles/R1_demo.elf.dir/Middlewares/Third_Party/FreeRTOS/Source/CMSIS_RTOS/cmsis_os.c.obj
 .debug_info    0x0001af22      0x2e0 CMakeFiles/R1_demo.elf.dir/Middlewares/Third_Party/FreeRTOS/Source/list.c.obj
 .debug_info    0x0001b202      0x587 CMakeFiles/R1_demo.elf.dir/Middlewares/Third_Party/FreeRTOS/Source/portable/GCC/ARM_CM4F/port.c.obj
 .debug_info    0x0001b789      0x5d9 CMakeFiles/R1_demo.elf.dir/Middlewares/Third_Party/FreeRTOS/Source/portable/MemMang/heap_4.c.obj
 .debug_info    0x0001bd62     0x2971 CMakeFiles/R1_demo.elf.dir/Middlewares/Third_Party/FreeRTOS/Source/tasks.c.obj

.debug_abbrev   0x00000000     0x41d6
 .debug_abbrev  0x00000000      0x263 CMakeFiles/R1_demo.elf.dir/Core/Src/can.c.obj
 .debug_abbrev  0x00000263      0x1a6 CMakeFiles/R1_demo.elf.dir/Core/Src/can_start.c.obj
 .debug_abbrev  0x00000409      0x220 CMakeFiles/R1_demo.elf.dir/Core/Src/freertos.c.obj
 .debug_abbrev  0x00000629      0x14e CMakeFiles/R1_demo.elf.dir/Core/Src/gpio.c.obj
 .debug_abbrev  0x00000777      0x1b7 CMakeFiles/R1_demo.elf.dir/Core/Src/hs.c.obj
 .debug_abbrev  0x0000092e      0x129 CMakeFiles/R1_demo.elf.dir/Core/Src/iwdg.c.obj
 .debug_abbrev  0x00000a57      0x338 CMakeFiles/R1_demo.elf.dir/Core/Src/main.c.obj
 .debug_abbrev  0x00000d8f      0x1aa CMakeFiles/R1_demo.elf.dir/Core/Src/motor.c.obj
 .debug_abbrev  0x00000f39       0xbb CMakeFiles/R1_demo.elf.dir/Core/Src/pid.c.obj
 .debug_abbrev  0x00000ff4      0x2b4 CMakeFiles/R1_demo.elf.dir/Core/Src/retarget.c.obj
 .debug_abbrev  0x000012a8      0x100 CMakeFiles/R1_demo.elf.dir/Core/Src/selfcheak.c.obj
 .debug_abbrev  0x000013a8      0x119 CMakeFiles/R1_demo.elf.dir/Core/Src/stm32f4xx_hal_msp.c.obj
 .debug_abbrev  0x000014c1      0x1d5 CMakeFiles/R1_demo.elf.dir/Core/Src/stm32f4xx_it.c.obj
 .debug_abbrev  0x00001696      0x1a3 CMakeFiles/R1_demo.elf.dir/Core/Src/syscalls.c.obj
 .debug_abbrev  0x00001839       0xe7 CMakeFiles/R1_demo.elf.dir/Core/Src/sysmem.c.obj
 .debug_abbrev  0x00001920      0x119 CMakeFiles/R1_demo.elf.dir/Core/Src/system_stm32f4xx.c.obj
 .debug_abbrev  0x00001a39      0x1eb CMakeFiles/R1_demo.elf.dir/Core/Src/tim.c.obj
 .debug_abbrev  0x00001c24      0x1e3 CMakeFiles/R1_demo.elf.dir/Core/Src/usart.c.obj
 .debug_abbrev  0x00001e07       0x12 CMakeFiles/R1_demo.elf.dir/Core/Startup/startup_stm32f407zgtx.s.obj
 .debug_abbrev  0x00001e19      0x206 CMakeFiles/R1_demo.elf.dir/Drivers/STM32F4xx_HAL_Driver/Src/stm32f4xx_hal.c.obj
 .debug_abbrev  0x0000201f      0x267 CMakeFiles/R1_demo.elf.dir/Drivers/STM32F4xx_HAL_Driver/Src/stm32f4xx_hal_can.c.obj
 .debug_abbrev  0x00002286      0x36a CMakeFiles/R1_demo.elf.dir/Drivers/STM32F4xx_HAL_Driver/Src/stm32f4xx_hal_cortex.c.obj
 .debug_abbrev  0x000025f0      0x2c2 CMakeFiles/R1_demo.elf.dir/Drivers/STM32F4xx_HAL_Driver/Src/stm32f4xx_hal_dma.c.obj
 .debug_abbrev  0x000028b2      0x1ef CMakeFiles/R1_demo.elf.dir/Drivers/STM32F4xx_HAL_Driver/Src/stm32f4xx_hal_gpio.c.obj
 .debug_abbrev  0x00002aa1      0x118 CMakeFiles/R1_demo.elf.dir/Drivers/STM32F4xx_HAL_Driver/Src/stm32f4xx_hal_iwdg.c.obj
 .debug_abbrev  0x00002bb9      0x28a CMakeFiles/R1_demo.elf.dir/Drivers/STM32F4xx_HAL_Driver/Src/stm32f4xx_hal_rcc.c.obj
 .debug_abbrev  0x00002e43      0x22b CMakeFiles/R1_demo.elf.dir/Drivers/STM32F4xx_HAL_Driver/Src/stm32f4xx_hal_tim.c.obj
 .debug_abbrev  0x0000306e      0x241 CMakeFiles/R1_demo.elf.dir/Drivers/STM32F4xx_HAL_Driver/Src/stm32f4xx_hal_tim_ex.c.obj
 .debug_abbrev  0x000032af      0x2fd CMakeFiles/R1_demo.elf.dir/Drivers/STM32F4xx_HAL_Driver/Src/stm32f4xx_hal_uart.c.obj
 .debug_abbrev  0x000035ac      0x35b CMakeFiles/R1_demo.elf.dir/Middlewares/Third_Party/FreeRTOS/Source/CMSIS_RTOS/cmsis_os.c.obj
 .debug_abbrev  0x00003907      0x106 CMakeFiles/R1_demo.elf.dir/Middlewares/Third_Party/FreeRTOS/Source/list.c.obj
 .debug_abbrev  0x00003a0d      0x26b CMakeFiles/R1_demo.elf.dir/Middlewares/Third_Party/FreeRTOS/Source/portable/GCC/ARM_CM4F/port.c.obj
 .debug_abbrev  0x00003c78      0x24b CMakeFiles/R1_demo.elf.dir/Middlewares/Third_Party/FreeRTOS/Source/portable/MemMang/heap_4.c.obj
 .debug_abbrev  0x00003ec3      0x313 CMakeFiles/R1_demo.elf.dir/Middlewares/Third_Party/FreeRTOS/Source/tasks.c.obj

.debug_loc      0x00000000    0x12922
 .debug_loc     0x00000000      0x1d6 CMakeFiles/R1_demo.elf.dir/Core/Src/can.c.obj
 .debug_loc     0x000001d6       0x22 CMakeFiles/R1_demo.elf.dir/Core/Src/can_start.c.obj
 .debug_loc     0x000001f8       0xa0 CMakeFiles/R1_demo.elf.dir/Core/Src/freertos.c.obj
 .debug_loc     0x00000298       0x6e CMakeFiles/R1_demo.elf.dir/Core/Src/hs.c.obj
 .debug_loc     0x00000306       0x8f CMakeFiles/R1_demo.elf.dir/Core/Src/main.c.obj
 .debug_loc     0x00000395       0x6f CMakeFiles/R1_demo.elf.dir/Core/Src/motor.c.obj
 .debug_loc     0x00000404       0x6c CMakeFiles/R1_demo.elf.dir/Core/Src/pid.c.obj
 .debug_loc     0x00000470      0x212 CMakeFiles/R1_demo.elf.dir/Core/Src/retarget.c.obj
 .debug_loc     0x00000682      0x3c5 CMakeFiles/R1_demo.elf.dir/Core/Src/syscalls.c.obj
 .debug_loc     0x00000a47       0x64 CMakeFiles/R1_demo.elf.dir/Core/Src/sysmem.c.obj
 .debug_loc     0x00000aab      0x158 CMakeFiles/R1_demo.elf.dir/Core/Src/system_stm32f4xx.c.obj
 .debug_loc     0x00000c03       0xa9 CMakeFiles/R1_demo.elf.dir/Core/Src/tim.c.obj
 .debug_loc     0x00000cac       0x84 CMakeFiles/R1_demo.elf.dir/Core/Src/usart.c.obj
 .debug_loc     0x00000d30      0x141 CMakeFiles/R1_demo.elf.dir/Drivers/STM32F4xx_HAL_Driver/Src/stm32f4xx_hal.c.obj
 .debug_loc     0x00000e71      0xde6 CMakeFiles/R1_demo.elf.dir/Drivers/STM32F4xx_HAL_Driver/Src/stm32f4xx_hal_can.c.obj
 .debug_loc     0x00001c57      0x744 CMakeFiles/R1_demo.elf.dir/Drivers/STM32F4xx_HAL_Driver/Src/stm32f4xx_hal_cortex.c.obj
 .debug_loc     0x0000239b      0xbf9 CMakeFiles/R1_demo.elf.dir/Drivers/STM32F4xx_HAL_Driver/Src/stm32f4xx_hal_dma.c.obj
 .debug_loc     0x00002f94      0x520 CMakeFiles/R1_demo.elf.dir/Drivers/STM32F4xx_HAL_Driver/Src/stm32f4xx_hal_gpio.c.obj
 .debug_loc     0x000034b4       0x86 CMakeFiles/R1_demo.elf.dir/Drivers/STM32F4xx_HAL_Driver/Src/stm32f4xx_hal_iwdg.c.obj
 .debug_loc     0x0000353a      0x58c CMakeFiles/R1_demo.elf.dir/Drivers/STM32F4xx_HAL_Driver/Src/stm32f4xx_hal_rcc.c.obj
 .debug_loc     0x00003ac6     0x506c CMakeFiles/R1_demo.elf.dir/Drivers/STM32F4xx_HAL_Driver/Src/stm32f4xx_hal_tim.c.obj
 .debug_loc     0x00008b32     0x1cd7 CMakeFiles/R1_demo.elf.dir/Drivers/STM32F4xx_HAL_Driver/Src/stm32f4xx_hal_tim_ex.c.obj
 .debug_loc     0x0000a809     0x49ab CMakeFiles/R1_demo.elf.dir/Drivers/STM32F4xx_HAL_Driver/Src/stm32f4xx_hal_uart.c.obj
 .debug_loc     0x0000f1b4     0x12e6 CMakeFiles/R1_demo.elf.dir/Middlewares/Third_Party/FreeRTOS/Source/CMSIS_RTOS/cmsis_os.c.obj
 .debug_loc     0x0001049a       0xad CMakeFiles/R1_demo.elf.dir/Middlewares/Third_Party/FreeRTOS/Source/list.c.obj
 .debug_loc     0x00010547      0x124 CMakeFiles/R1_demo.elf.dir/Middlewares/Third_Party/FreeRTOS/Source/portable/GCC/ARM_CM4F/port.c.obj
 .debug_loc     0x0001066b      0x434 CMakeFiles/R1_demo.elf.dir/Middlewares/Third_Party/FreeRTOS/Source/portable/MemMang/heap_4.c.obj
 .debug_loc     0x00010a9f     0x1e83 CMakeFiles/R1_demo.elf.dir/Middlewares/Third_Party/FreeRTOS/Source/tasks.c.obj

.debug_aranges  0x00000000     0x1430
 .debug_aranges
                0x00000000       0x48 CMakeFiles/R1_demo.elf.dir/Core/Src/can.c.obj
 .debug_aranges
                0x00000048       0x20 CMakeFiles/R1_demo.elf.dir/Core/Src/can_start.c.obj
 .debug_aranges
                0x00000068       0x38 CMakeFiles/R1_demo.elf.dir/Core/Src/freertos.c.obj
 .debug_aranges
                0x000000a0       0x20 CMakeFiles/R1_demo.elf.dir/Core/Src/gpio.c.obj
 .debug_aranges
                0x000000c0       0x20 CMakeFiles/R1_demo.elf.dir/Core/Src/hs.c.obj
 .debug_aranges
                0x000000e0       0x20 CMakeFiles/R1_demo.elf.dir/Core/Src/iwdg.c.obj
 .debug_aranges
                0x00000100       0x40 CMakeFiles/R1_demo.elf.dir/Core/Src/main.c.obj
 .debug_aranges
                0x00000140       0x30 CMakeFiles/R1_demo.elf.dir/Core/Src/motor.c.obj
 .debug_aranges
                0x00000170       0x20 CMakeFiles/R1_demo.elf.dir/Core/Src/pid.c.obj
 .debug_aranges
                0x00000190       0x30 CMakeFiles/R1_demo.elf.dir/Core/Src/retarget.c.obj
 .debug_aranges
                0x000001c0       0x20 CMakeFiles/R1_demo.elf.dir/Core/Src/selfcheak.c.obj
 .debug_aranges
                0x000001e0       0x20 CMakeFiles/R1_demo.elf.dir/Core/Src/stm32f4xx_hal_msp.c.obj
 .debug_aranges
                0x00000200       0x68 CMakeFiles/R1_demo.elf.dir/Core/Src/stm32f4xx_it.c.obj
 .debug_aranges
                0x00000268       0xa8 CMakeFiles/R1_demo.elf.dir/Core/Src/syscalls.c.obj
 .debug_aranges